<html>
<body>
<pre>
<h1>礦ision Build Log</h1>
<h2>Tool Versions:</h2>
IDE-Version: μVision V5.24.2.0
Copyright (C) 2017 ARM Ltd and ARM Germany GmbH. All rights reserved.
License Information: xx lei, jusqa, LIC=DSNLQ-NTK3A-KS3YM-XZXTJ-TG59U-5S747
 
Tool Versions:
Toolchain:       MDK-ARM Professional  Version: 5.24.1
Toolchain Path:  C:\Keil_v5\ARM\ARMCC\Bin
C Compiler:      Armcc.exe V5.06 update 5 (build 528)
Assembler:       Armasm.exe V5.06 update 5 (build 528)
Linker/Locator:  ArmLink.exe V5.06 update 5 (build 528)
Library Manager: ArmAr.exe V5.06 update 5 (build 528)
Hex Converter:   FromElf.exe V5.06 update 5 (build 528)
CPU DLL:         SARMCM3.DLL V5.24.1
Dialog DLL:      DCM.DLL V1.16.0.0
Target DLL:      lmidk-agdi.dll V???
Dialog DLL:      TCM.DLL V1.32.0.0
 
<h2>Project:</h2>
F:\Data\2018校赛及培训\第四次积分赛\代码\FPGA数字方案画图\blinky\blinky.uvproj
Project File Date:  05/06/2018

<h2>Output:</h2>
*** Using Compiler 'V5.06 update 5 (build 528)', folder: 'C:\Keil_v5\ARM\ARMCC\Bin'
Rebuild target 'blinky'
assembling startup_rvmdk.S...
compiling uartstdio.c...
compiling buttons.c...
compiling blinky.c...
blinky.c(124): warning:  #177-D: variable "AmpValue"  was declared but never referenced
      uint16_t AmpValue=801,Array3_Count,Count,DC_Count;
blinky.c(124): warning:  #177-D: variable "Count"  was declared but never referenced
      uint16_t AmpValue=801,Array3_Count,Count,DC_Count;
blinky.c(125): warning:  #177-D: variable "PhaN"  was declared but never referenced
      uint32_t FreValue=8000,FreN,PhaN;
blinky.c(126): warning:  #177-D: variable "PhaValue"  was declared but never referenced
      double PhaValue;
blinky.c(128): warning:  #177-D: variable "ShowValue"  was declared but never referenced
      double ShowValue;
blinky.c(129): warning:  #177-D: variable "LCDShow"  was declared but never referenced
      signed int LCDShow;
blinky.c(130): warning:  #177-D: variable "AMP"  was declared but never referenced
      signed int PMP,AMP;
blinky.c(131): warning:  #177-D: variable "AMP_Temp"  was declared but never referenced
      double AMP_Temp,PMP_Temp,PMP_Theory;
blinky.c(131): warning:  #177-D: variable "PMP_Theory"  was declared but never referenced
      double AMP_Temp,PMP_Temp,PMP_Theory;
blinky.c: 9 warnings, 0 errors
compiling ad9959.c...
linking...
Program Size: Code=12800 RO-data=972 RW-data=32 ZI-data=4704  
After Build - User command #1: fromelf --bin --output .\rvmdk\blinky.bin .\rvmdk\blinky.axf
".\rvmdk\blinky.axf" - 0 Error(s), 9 Warning(s).
Build Time Elapsed:  00:00:01
</pre>
</body>
</html>
