Component: ARM Compiler 5.06 update 5 (build 528) Tool: armlink [4d35e2]

==============================================================================

Section Cross References

    blinky.o(i.ConfigureUART) refers to uart.o(i.UARTClockSourceSet) for UARTClockSourceSet
    blinky.o(i.ConfigureUART) refers to uartstdio.o(i.UARTStdioConfig) for UARTStdioConfig
    blinky.o(i.ConfigureUART) refers to sysctl.o(i.SysCtlClockGet) for SysCtlClockGet
    blinky.o(i.ConfigureUART) refers to uart.o(i.UARTConfigSetExpClk) for UARTConfigSetExpClk
    blinky.o(i.fputc) refers to uart.o(i.UARTCharPut) for UARTCharPut
    blinky.o(i.main) refers to sysctl.o(i.SysCtlClockSet) for SysCtlClockSet
    blinky.o(i.main) refers to fpu.o(i.FPULazyStackingEnable) for FPULazyStackingEnable
    blinky.o(i.main) refers to fpu.o(i.FPUEnable) for FPUEnable
    blinky.o(i.main) refers to blinky.o(i.ConfigureUART) for ConfigureUART
    blinky.o(i.main) refers to ad9959.o(i.Init_AD9959) for Init_AD9959
    blinky.o(i.main) refers to sysctl.o(i.SysCtlPeripheralEnable) for SysCtlPeripheralEnable
    blinky.o(i.main) refers to gpio.o(i.GPIOPinTypeGPIOOutput) for GPIOPinTypeGPIOOutput
    blinky.o(i.main) refers to gpio.o(i.GPIOPadConfigSet) for GPIOPadConfigSet
    blinky.o(i.main) refers to gpio.o(i.GPIOPinWrite) for GPIOPinWrite
    blinky.o(i.main) refers to uart.o(i.UARTCharsAvail) for UARTCharsAvail
    blinky.o(i.main) refers to uart.o(i.UARTCharGet) for UARTCharGet
    blinky.o(i.main) refers to dflti.o(.text) for __aeabi_i2d
    blinky.o(i.main) refers to pow.o(i.__hardfp_pow) for __hardfp_pow
    blinky.o(i.main) refers to dmul.o(.text) for __aeabi_dmul
    blinky.o(i.main) refers to dfltui.o(.text) for __aeabi_ui2d
    blinky.o(i.main) refers to dadd.o(.text) for __aeabi_dadd
    blinky.o(i.main) refers to dfixui.o(.text) for __aeabi_d2uiz
    blinky.o(i.main) refers to ldiv.o(.text) for __aeabi_ldivmod
    blinky.o(i.main) refers to uart.o(i.UARTCharPut) for UARTCharPut
    blinky.o(i.main) refers to printf3.o(i.__0printf$3) for __2printf
    blinky.o(i.main) refers to sysctl.o(.emb_text) for SysCtlDelay
    blinky.o(i.main) refers to sqrt.o(i.__hardfp_sqrt) for __hardfp_sqrt
    blinky.o(i.main) refers to log10.o(i.__hardfp_log10) for __hardfp_log10
    blinky.o(i.main) refers to atan2.o(i.__hardfp_atan2) for __hardfp_atan2
    blinky.o(i.main) refers to ddiv.o(.text) for __aeabi_ddiv
    blinky.o(i.main) refers to dfixi.o(.text) for __aeabi_d2iz
    blinky.o(i.main) refers to uartstdio.o(i.UARTprintf) for UARTprintf
    blinky.o(i.main) refers to blinky.o(.data) for .data
    blinky.o(i.main) refers to blinky.o(.bss) for .bss
    startup_rvmdk.o(RESET) refers to startup_rvmdk.o(STACK) for StackMem
    startup_rvmdk.o(RESET) refers to entry.o(.ARM.Collect$$$$00000000) for __main
    uartstdio.o(i.UARTStdioConfig) refers to uartstdio.o(.constdata) for .constdata
    uartstdio.o(i.UARTStdioConfig) refers to uartstdio.o(.data) for .data
    uartstdio.o(i.UARTgetc) refers to uartstdio.o(.data) for .data
    uartstdio.o(i.UARTgets) refers to uartstdio.o(i.UARTwrite) for UARTwrite
    uartstdio.o(i.UARTgets) refers to uartstdio.o(.data) for .data
    uartstdio.o(i.UARTprintf) refers to uartstdio.o(i.UARTvprintf) for UARTvprintf
    uartstdio.o(i.UARTvprintf) refers to uartstdio.o(i.UARTwrite) for UARTwrite
    uartstdio.o(i.UARTvprintf) refers to uartstdio.o(.constdata) for .constdata
    uartstdio.o(i.UARTwrite) refers to uartstdio.o(.data) for .data
    uartstdio.o(.constdata) refers to uartstdio.o(.conststring) for .conststring
    buttons.o(i.ButtonsInit) refers to buttons.o(.data) for .data
    buttons.o(i.ButtonsPoll) refers to buttons.o(.data) for .data
    ad9959.o(i.IO_Update) refers to gpio.o(i.GPIOPinWrite) for GPIOPinWrite
    ad9959.o(i.IO_Update) refers to ad9959.o(i.delay1) for delay1
    ad9959.o(i.Init_AD9959) refers to sysctl.o(i.SysCtlPeripheralEnable) for SysCtlPeripheralEnable
    ad9959.o(i.Init_AD9959) refers to gpio.o(i.GPIODirModeSet) for GPIODirModeSet
    ad9959.o(i.Init_AD9959) refers to gpio.o(i.GPIOPadConfigSet) for GPIOPadConfigSet
    ad9959.o(i.Init_AD9959) refers to ad9959.o(i.Intserve) for Intserve
    ad9959.o(i.Init_AD9959) refers to ad9959.o(i.IntReset) for IntReset
    ad9959.o(i.Init_AD9959) refers to ad9959.o(i.WriteData_AD9959) for WriteData_AD9959
    ad9959.o(i.Init_AD9959) refers to ad9959.o(i.Write_frequence) for Write_frequence
    ad9959.o(i.Init_AD9959) refers to ad9959.o(i.Write_Amplitude) for Write_Amplitude
    ad9959.o(i.Init_AD9959) refers to ad9959.o(.data) for .data
    ad9959.o(i.IntReset) refers to gpio.o(i.GPIOPinWrite) for GPIOPinWrite
    ad9959.o(i.IntReset) refers to ad9959.o(i.delay1) for delay1
    ad9959.o(i.Intserve) refers to gpio.o(i.GPIOPinWrite) for GPIOPinWrite
    ad9959.o(i.WriteData_AD9959) refers to gpio.o(i.GPIOPinWrite) for GPIOPinWrite
    ad9959.o(i.WriteData_AD9959) refers to ad9959.o(i.delay1) for delay1
[...]
    pow.o(.constdata) refers (Special) to iusefp.o(.text) for __I$use$fp
    pow_x.o(i.____hardfp_pow$lsc) refers (Special) to iusefp.o(.text) for __I$use$fp
    pow_x.o(i.____hardfp_pow$lsc) refers to dunder.o(i.__mathlib_dbl_infnan2) for __mathlib_dbl_infnan2
    pow_x.o(i.____hardfp_pow$lsc) refers to errno.o(i.__set_errno) for __set_errno
    pow_x.o(i.____hardfp_pow$lsc) refers to ddiv.o(.text) for __aeabi_ddiv
    pow_x.o(i.____hardfp_pow$lsc) refers to sqrt.o(i.sqrt) for sqrt
    pow_x.o(i.____hardfp_pow$lsc) refers to fabs.o(i.fabs) for fabs
    pow_x.o(i.____hardfp_pow$lsc) refers to dflti.o(.text) for __aeabi_i2d
    pow_x.o(i.____hardfp_pow$lsc) refers to dmul.o(.text) for __aeabi_dmul
    pow_x.o(i.____hardfp_pow$lsc) refers to dadd.o(.text) for __aeabi_dsub
    pow_x.o(i.____hardfp_pow$lsc) refers to qnan.o(.constdata) for __mathlib_zero
    pow_x.o(i.____hardfp_pow$lsc) refers to poly.o(i.__kernel_poly) for __kernel_poly
    pow_x.o(i.____hardfp_pow$lsc) refers to pow_x.o(.constdata) for .constdata
    pow_x.o(i.____hardfp_pow$lsc) refers to cdrcmple.o(.text) for __aeabi_cdrcmple
    pow_x.o(i.____hardfp_pow$lsc) refers to dscalb.o(.text) for __ARM_scalbn
    pow_x.o(i.____softfp_pow$lsc) refers (Special) to iusefp.o(.text) for __I$use$fp
    pow_x.o(i.____softfp_pow$lsc) refers to pow_x.o(i.____hardfp_pow$lsc) for ____hardfp_pow$lsc
    pow_x.o(i.__pow$lsc) refers (Special) to iusefp.o(.text) for __I$use$fp
    pow_x.o(i.__pow$lsc) refers to pow_x.o(i.____hardfp_pow$lsc) for ____hardfp_pow$lsc
    pow_x.o(.constdata) refers (Special) to iusefp.o(.text) for __I$use$fp
    sqrt.o(i.__hardfp_sqrt) refers (Special) to iusefp.o(.text) for __I$use$fp
    sqrt.o(i.__hardfp_sqrt) refers to dsqrt.o(.text) for _dsqrt
    sqrt.o(i.__hardfp_sqrt) refers to errno.o(i.__set_errno) for __set_errno
    sqrt.o(i.__softfp_sqrt) refers (Special) to iusefp.o(.text) for __I$use$fp
    sqrt.o(i.__softfp_sqrt) refers to dsqrt.o(.text) for _dsqrt
    sqrt.o(i.__softfp_sqrt) refers to errno.o(i.__set_errno) for __set_errno
    sqrt.o(i.sqrt) refers (Special) to iusefp.o(.text) for __I$use$fp
    sqrt.o(i.sqrt) refers to dsqrt.o(.text) for _dsqrt
    sqrt.o(i.sqrt) refers to errno.o(i.__set_errno) for __set_errno
    sqrt_x.o(i.____hardfp_sqrt$lsc) refers (Special) to iusefp.o(.text) for __I$use$fp
    sqrt_x.o(i.____hardfp_sqrt$lsc) refers to cdcmple.o(.text) for __aeabi_cdcmple
    sqrt_x.o(i.____hardfp_sqrt$lsc) refers to errno.o(i.__set_errno) for __set_errno
    sqrt_x.o(i.____hardfp_sqrt$lsc) refers to dsqrt.o(.text) for _dsqrt
    sqrt_x.o(i.____softfp_sqrt$lsc) refers (Special) to iusefp.o(.text) for __I$use$fp
    sqrt_x.o(i.____softfp_sqrt$lsc) refers to cdcmple.o(.text) for __aeabi_cdcmple
    sqrt_x.o(i.____softfp_sqrt$lsc) refers to errno.o(i.__set_errno) for __set_errno
    sqrt_x.o(i.____softfp_sqrt$lsc) refers to dsqrt.o(.text) for _dsqrt
    sqrt_x.o(i.__sqrt$lsc) refers (Special) to iusefp.o(.text) for __I$use$fp
    sqrt_x.o(i.__sqrt$lsc) refers to cdcmple.o(.text) for __aeabi_cdcmple
    sqrt_x.o(i.__sqrt$lsc) refers to errno.o(i.__set_errno) for __set_errno
    sqrt_x.o(i.__sqrt$lsc) refers to dsqrt.o(.text) for _dsqrt
    entry.o(.ARM.Collect$$$$00000000) refers (Special) to entry10a.o(.ARM.Collect$$$$0000000D) for __rt_final_cpp
    entry.o(.ARM.Collect$$$$00000000) refers (Special) to entry11a.o(.ARM.Collect$$$$0000000F) for __rt_final_exit
    entry.o(.ARM.Collect$$$$00000000) refers (Special) to entry7b.o(.ARM.Collect$$$$00000008) for _main_clock
    entry.o(.ARM.Collect$$$$00000000) refers (Special) to entry8b.o(.ARM.Collect$$$$0000000A) for _main_cpp_init
    entry.o(.ARM.Collect$$$$00000000) refers (Special) to entry9a.o(.ARM.Collect$$$$0000000B) for _main_init
    entry.o(.ARM.Collect$$$$00000000) refers (Special) to entry5.o(.ARM.Collect$$$$00000004) for _main_scatterload
    entry.o(.ARM.Collect$$$$00000000) refers (Special) to entry2.o(.ARM.Collect$$$$00000001) for _main_stk
    ldiv.o(.text) refers to uldiv.o(.text) for __aeabi_uldivmod
    printfb.o(i.__0fprintf$bare) refers to printfb.o(i._printf_core) for _printf_core
    printfb.o(i.__0fprintf$bare) refers to blinky.o(i.fputc) for fputc
    printfb.o(i.__0printf$bare) refers to printfb.o(i._printf_core) for _printf_core
    printfb.o(i.__0printf$bare) refers to blinky.o(i.fputc) for fputc
    printfb.o(i.__0printf$bare) refers to stdout.o(.data) for __stdout
    printfb.o(i.__0snprintf$bare) refers to printfb.o(i._printf_core) for _printf_core
    printfb.o(i.__0snprintf$bare) refers to printfb.o(i._snputc) for _snputc
    printfb.o(i.__0sprintf$bare) refers to printfb.o(i._printf_core) for _printf_core
    printfb.o(i.__0sprintf$bare) refers to printfb.o(i._sputc) for _sputc
    printfb.o(i.__0vfprintf$bare) refers to printfb.o(i._printf_core) for _printf_core
    printfb.o(i.__0vfprintf$bare) refers to blinky.o(i.fputc) for fputc
    printfb.o(i.__0vprintf$bare) refers to printfb.o(i._printf_core) for _printf_core
    printfb.o(i.__0vprintf$bare) refers to blinky.o(i.fputc) for fputc
    printfb.o(i.__0vprintf$bare) refers to stdout.o(.data) for __stdout
    printfb.o(i.__0vsnprintf$bare) refers to printfb.o(i._printf_core) for _printf_core
    printfb.o(i.__0vsnprintf$bare) refers to printfb.o(i._snputc) for _snputc
    printfb.o(i.__0vsprintf$bare) refers to printfb.o(i._printf_core) for _printf_core
    printfb.o(i.__0vsprintf$bare) refers to printfb.o(i._sputc) for _sputc
    printf0.o(i.__0fprintf$0) refers to printf0.o(i._printf_core) for _printf_core
    printf0.o(i.__0fprintf$0) refers to blinky.o(i.fputc) for fputc
    printf0.o(i.__0printf$0) refers to printf0.o(i._printf_core) for _printf_core
    printf0.o(i.__0printf$0) refers to blinky.o(i.fputc) for fputc
    printf0.o(i.__0printf$0) refers to stdout.o(.data) for __stdout
    printf0.o(i.__0snprintf$0) refers to printf0.o(i._printf_core) for _printf_core
    printf0.o(i.__0snprintf$0) refers to printf0.o(i._snputc) for _snputc
    printf0.o(i.__0sprintf$0) refers to printf0.o(i._printf_core) for _printf_core
    printf0.o(i.__0sprintf$0) refers to printf0.o(i._sputc) for _sputc
    printf0.o(i.__0vfprintf$0) refers to printf0.o(i._printf_core) for _printf_core
    printf0.o(i.__0vfprintf$0) refers to blinky.o(i.fputc) for fputc
    printf0.o(i.__0vprintf$0) refers to printf0.o(i._printf_core) for _printf_core
    printf0.o(i.__0vprintf$0) refers to blinky.o(i.fputc) for fputc
    printf0.o(i.__0vprintf$0) refers to stdout.o(.data) for __stdout
    printf0.o(i.__0vsnprintf$0) refers to printf0.o(i._printf_core) for _printf_core
    printf0.o(i.__0vsnprintf$0) refers to printf0.o(i._snputc) for _snputc
    printf0.o(i.__0vsprintf$0) refers to printf0.o(i._printf_core) for _printf_core
    printf0.o(i.__0vsprintf$0) refers to printf0.o(i._sputc) for _sputc
    printf1.o(i.__0fprintf$1) refers to printf1.o(i._printf_core) for _printf_core
    printf1.o(i.__0fprintf$1) refers to blinky.o(i.fputc) for fputc
    printf1.o(i.__0printf$1) refers to printf1.o(i._printf_core) for _printf_core
    printf1.o(i.__0printf$1) refers to blinky.o(i.fputc) for fputc
    printf1.o(i.__0printf$1) refers to stdout.o(.data) for __stdout
    printf1.o(i.__0snprintf$1) refers to printf1.o(i._printf_core) for _printf_core
    printf1.o(i.__0snprintf$1) refers to printf1.o(i._snputc) for _snputc
    printf1.o(i.__0sprintf$1) refers to printf1.o(i._printf_core) for _printf_core
    printf1.o(i.__0sprintf$1) refers to printf1.o(i._sputc) for _sputc
    printf1.o(i.__0vfprintf$1) refers to printf1.o(i._printf_core) for _printf_core
    printf1.o(i.__0vfprintf$1) refers to blinky.o(i.fputc) for fputc
    printf1.o(i.__0vprintf$1) refers to printf1.o(i._printf_core) for _printf_core
    printf1.o(i.__0vprintf$1) refers to blinky.o(i.fputc) for fputc
    printf1.o(i.__0vprintf$1) refers to stdout.o(.data) for __stdout
    printf1.o(i.__0vsnprintf$1) refers to printf1.o(i._printf_core) for _printf_core
    printf1.o(i.__0vsnprintf$1) refers to printf1.o(i._snputc) for _snputc
    printf1.o(i.__0vsprintf$1) refers to printf1.o(i._printf_core) for _printf_core
    printf1.o(i.__0vsprintf$1) refers to printf1.o(i._sputc) for _sputc
    printf1.o(i._printf_core) refers to uidiv.o(.text) for __aeabi_uidivmod
    printf2.o(i.__0fprintf$2) refers to printf2.o(i._printf_core) for _printf_core
    printf2.o(i.__0fprintf$2) refers to blinky.o(i.fputc) for fputc
    printf2.o(i.__0printf$2) refers to printf2.o(i._printf_core) for _printf_core
    printf2.o(i.__0printf$2) refers to blinky.o(i.fputc) for fputc
    printf2.o(i.__0printf$2) refers to stdout.o(.data) for __stdout
    printf2.o(i.__0snprintf$2) refers to printf2.o(i._printf_core) for _printf_core
    printf2.o(i.__0snprintf$2) refers to printf2.o(i._snputc) for _snputc
    printf2.o(i.__0sprintf$2) refers to printf2.o(i._printf_core) for _printf_core
    printf2.o(i.__0sprintf$2) refers to printf2.o(i._sputc) for _sputc
    printf2.o(i.__0vfprintf$2) refers to printf2.o(i._printf_core) for _printf_core
    printf2.o(i.__0vfprintf$2) refers to blinky.o(i.fputc) for fputc
    printf2.o(i.__0vprintf$2) refers to printf2.o(i._printf_core) for _printf_core
    printf2.o(i.__0vprintf$2) refers to blinky.o(i.fputc) for fputc
    printf2.o(i.__0vprintf$2) refers to stdout.o(.data) for __stdout
    printf2.o(i.__0vsnprintf$2) refers to printf2.o(i._printf_core) for _printf_core
    printf2.o(i.__0vsnprintf$2) refers to printf2.o(i._snputc) for _snputc
    printf2.o(i.__0vsprintf$2) refers to printf2.o(i._printf_core) for _printf_core
    printf2.o(i.__0vsprintf$2) refers to printf2.o(i._sputc) for _sputc
    printf3.o(i.__0fprintf$3) refers to printf3.o(i._printf_core) for _printf_core
    printf3.o(i.__0fprintf$3) refers to blinky.o(i.fputc) for fputc
    printf3.o(i.__0printf$3) refers to printf3.o(i._printf_core) for _printf_core
    printf3.o(i.__0printf$3) refers to blinky.o(i.fputc) for fputc
    printf3.o(i.__0printf$3) refers to stdout.o(.data) for __stdout
    printf3.o(i.__0snprintf$3) refers to printf3.o(i._printf_core) for _printf_core
    printf3.o(i.__0snprintf$3) refers to printf3.o(i._snputc) for _snputc
    printf3.o(i.__0sprintf$3) refers to printf3.o(i._printf_core) for _printf_core
    printf3.o(i.__0sprintf$3) refers to printf3.o(i._sputc) for _sputc
    printf3.o(i.__0vfprintf$3) refers to printf3.o(i._printf_core) for _printf_core
    printf3.o(i.__0vfprintf$3) refers to blinky.o(i.fputc) for fputc
    printf3.o(i.__0vprintf$3) refers to printf3.o(i._printf_core) for _printf_core
    printf3.o(i.__0vprintf$3) refers to blinky.o(i.fputc) for fputc
    printf3.o(i.__0vprintf$3) refers to stdout.o(.data) for __stdout
    printf3.o(i.__0vsnprintf$3) refers to printf3.o(i._printf_core) for _printf_core
    printf3.o(i.__0vsnprintf$3) refers to printf3.o(i._snputc) for _snputc
    printf3.o(i.__0vsprintf$3) refers to printf3.o(i._printf_core) for _printf_core
    printf3.o(i.__0vsprintf$3) refers to printf3.o(i._sputc) for _sputc
    printf3.o(i._printf_core) refers to uidiv.o(.text) for __aeabi_uidivmod
    printf4.o(i.__0fprintf$4) refers to printf4.o(i._printf_core) for _printf_core
    printf4.o(i.__0fprintf$4) refers to blinky.o(i.fputc) for fputc
    printf4.o(i.__0printf$4) refers to printf4.o(i._printf_core) for _printf_core
    printf4.o(i.__0printf$4) refers to blinky.o(i.fputc) for fputc
    printf4.o(i.__0printf$4) refers to stdout.o(.data) for __stdout
    printf4.o(i.__0snprintf$4) refers to printf4.o(i._printf_core) for _printf_core
    printf4.o(i.__0snprintf$4) refers to printf4.o(i._snputc) for _snputc
    printf4.o(i.__0sprintf$4) refers to printf4.o(i._printf_core) for _printf_core
    printf4.o(i.__0sprintf$4) refers to printf4.o(i._sputc) for _sputc
    printf4.o(i.__0vfprintf$4) refers to printf4.o(i._printf_core) for _printf_core
    printf4.o(i.__0vfprintf$4) refers to blinky.o(i.fputc) for fputc
    printf4.o(i.__0vprintf$4) refers to printf4.o(i._printf_core) for _printf_core
    printf4.o(i.__0vprintf$4) refers to blinky.o(i.fputc) for fputc
    printf4.o(i.__0vprintf$4) refers to stdout.o(.data) for __stdout
    printf4.o(i.__0vsnprintf$4) refers to printf4.o(i._printf_core) for _printf_core
    printf4.o(i.__0vsnprintf$4) refers to printf4.o(i._snputc) for _snputc
    printf4.o(i.__0vsprintf$4) refers to printf4.o(i._printf_core) for _printf_core
    printf4.o(i.__0vsprintf$4) refers to printf4.o(i._sputc) for _sputc
    printf4.o(i._printf_core) refers to uldiv.o(.text) for __aeabi_uldivmod
    printf5.o(i.__0fprintf$5) refers to printf5.o(i._printf_core) for _printf_core
    printf5.o(i.__0fprintf$5) refers to blinky.o(i.fputc) for fputc
    printf5.o(i.__0printf$5) refers to printf5.o(i._printf_core) for _printf_core
    printf5.o(i.__0printf$5) refers to blinky.o(i.fputc) for fputc
    printf5.o(i.__0printf$5) refers to stdout.o(.data) for __stdout
    printf5.o(i.__0snprintf$5) refers to printf5.o(i._printf_core) for _printf_core
    printf5.o(i.__0snprintf$5) refers to printf5.o(i._snputc) for _snputc
    printf5.o(i.__0sprintf$5) refers to printf5.o(i._printf_core) for _printf_core
    printf5.o(i.__0sprintf$5) refers to printf5.o(i._sputc) for _sputc
    printf5.o(i.__0vfprintf$5) refers to printf5.o(i._printf_core) for _printf_core
    printf5.o(i.__0vfprintf$5) refers to blinky.o(i.fputc) for fputc
    printf5.o(i.__0vprintf$5) refers to printf5.o(i._printf_core) for _printf_core
    printf5.o(i.__0vprintf$5) refers to blinky.o(i.fputc) for fputc
    printf5.o(i.__0vprintf$5) refers to stdout.o(.data) for __stdout
    printf5.o(i.__0vsnprintf$5) refers to printf5.o(i._printf_core) for _printf_core
    printf5.o(i.__0vsnprintf$5) refers to printf5.o(i._snputc) for _snputc
    printf5.o(i.__0vsprintf$5) refers to printf5.o(i._printf_core) for _printf_core
    printf5.o(i.__0vsprintf$5) refers to printf5.o(i._sputc) for _sputc
    printf5.o(i._printf_core) refers to uldiv.o(.text) for __aeabi_uldivmod
    printf6.o(i.__0fprintf$6) refers to printf6.o(i._printf_core) for _printf_core
    printf6.o(i.__0fprintf$6) refers to blinky.o(i.fputc) for fputc
    printf6.o(i.__0printf$6) refers to printf6.o(i._printf_core) for _printf_core
    printf6.o(i.__0printf$6) refers to blinky.o(i.fputc) for fputc
    printf6.o(i.__0printf$6) refers to stdout.o(.data) for __stdout
    printf6.o(i.__0snprintf$6) refers to printf6.o(i._printf_core) for _printf_core
    printf6.o(i.__0snprintf$6) refers to printf6.o(i._snputc) for _snputc
    printf6.o(i.__0sprintf$6) refers to printf6.o(i._printf_core) for _printf_core
    printf6.o(i.__0sprintf$6) refers to printf6.o(i._sputc) for _sputc
    printf6.o(i.__0vfprintf$6) refers to printf6.o(i._printf_core) for _printf_core
    printf6.o(i.__0vfprintf$6) refers to blinky.o(i.fputc) for fputc
    printf6.o(i.__0vprintf$6) refers to printf6.o(i._printf_core) for _printf_core
    printf6.o(i.__0vprintf$6) refers to blinky.o(i.fputc) for fputc
    printf6.o(i.__0vprintf$6) refers to stdout.o(.data) for __stdout
    printf6.o(i.__0vsnprintf$6) refers to printf6.o(i._printf_core) for _printf_core
    printf6.o(i.__0vsnprintf$6) refers to printf6.o(i._snputc) for _snputc
    printf6.o(i.__0vsprintf$6) refers to printf6.o(i._printf_core) for _printf_core
    printf6.o(i.__0vsprintf$6) refers to printf6.o(i._sputc) for _sputc
    printf6.o(i._printf_core) refers to printf6.o(i._printf_pre_padding) for _printf_pre_padding
    printf6.o(i._printf_core) refers to uidiv.o(.text) for __aeabi_uidivmod
    printf6.o(i._printf_core) refers to printf6.o(i._printf_post_padding) for _printf_post_padding
    printf7.o(i.__0fprintf$7) refers to printf7.o(i._printf_core) for _printf_core
    printf7.o(i.__0fprintf$7) refers to blinky.o(i.fputc) for fputc
    printf7.o(i.__0printf$7) refers to printf7.o(i._printf_core) for _printf_core
    printf7.o(i.__0printf$7) refers to blinky.o(i.fputc) for fputc
    printf7.o(i.__0printf$7) refers to stdout.o(.data) for __stdout
    printf7.o(i.__0snprintf$7) refers to printf7.o(i._printf_core) for _printf_core
    printf7.o(i.__0snprintf$7) refers to printf7.o(i._snputc) for _snputc
    printf7.o(i.__0sprintf$7) refers to printf7.o(i._printf_core) for _printf_core
    printf7.o(i.__0sprintf$7) refers to printf7.o(i._sputc) for _sputc
    printf7.o(i.__0vfprintf$7) refers to printf7.o(i._printf_core) for _printf_core
    printf7.o(i.__0vfprintf$7) refers to blinky.o(i.fputc) for fputc
    printf7.o(i.__0vprintf$7) refers to printf7.o(i._printf_core) for _printf_core
    printf7.o(i.__0vprintf$7) refers to blinky.o(i.fputc) for fputc
    printf7.o(i.__0vprintf$7) refers to stdout.o(.data) for __stdout
    printf7.o(i.__0vsnprintf$7) refers to printf7.o(i._printf_core) for _printf_core
    printf7.o(i.__0vsnprintf$7) refers to printf7.o(i._snputc) for _snputc
    printf7.o(i.__0vsprintf$7) refers to printf7.o(i._printf_core) for _printf_core
    printf7.o(i.__0vsprintf$7) refers to printf7.o(i._sputc) for _sputc
    printf7.o(i._printf_core) refers to printf7.o(i._printf_pre_padding) for _printf_pre_padding
    printf7.o(i._printf_core) refers to uldiv.o(.text) for __aeabi_uldivmod
    printf7.o(i._printf_core) refers to printf7.o(i._printf_post_padding) for _printf_post_padding
    printf8.o(i.__0fprintf$8) refers to printf8.o(i._printf_core) for _printf_core
    printf8.o(i.__0fprintf$8) refers to blinky.o(i.fputc) for fputc
    printf8.o(i.__0printf$8) refers to printf8.o(i._printf_core) for _printf_core
    printf8.o(i.__0printf$8) refers to blinky.o(i.fputc) for fputc
    printf8.o(i.__0printf$8) refers to stdout.o(.data) for __stdout
    printf8.o(i.__0snprintf$8) refers to printf8.o(i._printf_core) for _printf_core
    printf8.o(i.__0snprintf$8) refers to printf8.o(i._snputc) for _snputc
    printf8.o(i.__0sprintf$8) refers to printf8.o(i._printf_core) for _printf_core
    printf8.o(i.__0sprintf$8) refers to printf8.o(i._sputc) for _sputc
    printf8.o(i.__0vfprintf$8) refers to printf8.o(i._printf_core) for _printf_core
    printf8.o(i.__0vfprintf$8) refers to blinky.o(i.fputc) for fputc
    printf8.o(i.__0vprintf$8) refers to printf8.o(i._printf_core) for _printf_core
    printf8.o(i.__0vprintf$8) refers to blinky.o(i.fputc) for fputc
    printf8.o(i.__0vprintf$8) refers to stdout.o(.data) for __stdout
    printf8.o(i.__0vsnprintf$8) refers to printf8.o(i._printf_core) for _printf_core
    printf8.o(i.__0vsnprintf$8) refers to printf8.o(i._snputc) for _snputc
    printf8.o(i.__0vsprintf$8) refers to printf8.o(i._printf_core) for _printf_core
    printf8.o(i.__0vsprintf$8) refers to printf8.o(i._sputc) for _sputc
    printf8.o(i._printf_core) refers to printf8.o(i._printf_pre_padding) for _printf_pre_padding
    printf8.o(i._printf_core) refers to uldiv.o(.text) for __aeabi_uldivmod
    printf8.o(i._printf_core) refers to printf8.o(i._printf_post_padding) for _printf_post_padding
    printfa.o(i.__0fprintf) refers (Special) to iusefp.o(.text) for __I$use$fp
    printfa.o(i.__0fprintf) refers to printfa.o(i._printf_core) for _printf_core
    printfa.o(i.__0fprintf) refers to blinky.o(i.fputc) for fputc
    printfa.o(i.__0printf) refers (Special) to iusefp.o(.text) for __I$use$fp
    printfa.o(i.__0printf) refers to printfa.o(i._printf_core) for _printf_core
    printfa.o(i.__0printf) refers to blinky.o(i.fputc) for fputc
    printfa.o(i.__0printf) refers to stdout.o(.data) for __stdout
    printfa.o(i.__0snprintf) refers (Special) to iusefp.o(.text) for __I$use$fp
    printfa.o(i.__0snprintf) refers to printfa.o(i._printf_core) for _printf_core
    printfa.o(i.__0snprintf) refers to printfa.o(i._snputc) for _snputc
    printfa.o(i.__0sprintf) refers (Special) to iusefp.o(.text) for __I$use$fp
    printfa.o(i.__0sprintf) refers to printfa.o(i._printf_core) for _printf_core
    printfa.o(i.__0sprintf) refers to printfa.o(i._sputc) for _sputc
    printfa.o(i.__0vfprintf) refers (Special) to iusefp.o(.text) for __I$use$fp
    printfa.o(i.__0vfprintf) refers to printfa.o(i._printf_core) for _printf_core
    printfa.o(i.__0vfprintf) refers to blinky.o(i.fputc) for fputc
    printfa.o(i.__0vprintf) refers (Special) to iusefp.o(.text) for __I$use$fp
    printfa.o(i.__0vprintf) refers to printfa.o(i._printf_core) for _printf_core
    printfa.o(i.__0vprintf) refers to blinky.o(i.fputc) for fputc
    printfa.o(i.__0vprintf) refers to stdout.o(.data) for __stdout
    printfa.o(i.__0vsnprintf) refers (Special) to iusefp.o(.text) for __I$use$fp
    printfa.o(i.__0vsnprintf) refers to printfa.o(i._printf_core) for _printf_core
    printfa.o(i.__0vsnprintf) refers to printfa.o(i._snputc) for _snputc
    printfa.o(i.__0vsprintf) refers (Special) to iusefp.o(.text) for __I$use$fp
    printfa.o(i.__0vsprintf) refers to printfa.o(i._printf_core) for _printf_core
    printfa.o(i.__0vsprintf) refers to printfa.o(i._sputc) for _sputc
    printfa.o(i._fp_digits) refers (Special) to iusefp.o(.text) for __I$use$fp
    printfa.o(i._fp_digits) refers to dmul.o(.text) for __aeabi_dmul
    printfa.o(i._fp_digits) refers to ddiv.o(.text) for __aeabi_ddiv
    printfa.o(i._fp_digits) refers to cdrcmple.o(.text) for __aeabi_cdrcmple
    printfa.o(i._fp_digits) refers to dadd.o(.text) for __aeabi_dadd
    printfa.o(i._fp_digits) refers to dfixul.o(.text) for __aeabi_d2ulz
    printfa.o(i._fp_digits) refers to uldiv.o(.text) for __aeabi_uldivmod
    printfa.o(i._printf_core) refers (Special) to iusefp.o(.text) for __I$use$fp
    printfa.o(i._printf_core) refers to printfa.o(i._printf_pre_padding) for _printf_pre_padding
    printfa.o(i._printf_core) refers to uldiv.o(.text) for __aeabi_uldivmod
    printfa.o(i._printf_core) refers to printfa.o(i._printf_post_padding) for _printf_post_padding
    printfa.o(i._printf_core) refers to printfa.o(i._fp_digits) for _fp_digits
    printfa.o(i._printf_core) refers to uidiv.o(.text) for __aeabi_uidivmod
    printfa.o(i._printf_post_padding) refers (Special) to iusefp.o(.text) for __I$use$fp
    printfa.o(i._printf_pre_padding) refers (Special) to iusefp.o(.text) for __I$use$fp
    printfa.o(i._snputc) refers (Special) to iusefp.o(.text) for __I$use$fp
    printfa.o(i._sputc) refers (Special) to iusefp.o(.text) for __I$use$fp
    dadd.o(.text) refers (Special) to iusefp.o(.text) for __I$use$fp
    dadd.o(.text) refers to llshl.o(.text) for __aeabi_llsl
    dadd.o(.text) refers to llsshr.o(.text) for __aeabi_lasr
    dadd.o(.text) refers to depilogue.o(.text) for _double_epilogue
    dmul.o(.text) refers (Special) to iusefp.o(.text) for __I$use$fp
    dmul.o(.text) refers to depilogue.o(.text) for _double_epilogue
    ddiv.o(.text) refers (Special) to iusefp.o(.text) for __I$use$fp
    ddiv.o(.text) refers to depilogue.o(.text) for _double_round
    dflti.o(.text) refers (Special) to iusefp.o(.text) for __I$use$fp
    dflti.o(.text) refers to depilogue.o(.text) for _double_epilogue
    dfltui.o(.text) refers (Special) to iusefp.o(.text) for __I$use$fp
    dfltui.o(.text) refers to depilogue.o(.text) for _double_epilogue
    dfixi.o(.text) refers (Special) to iusefp.o(.text) for __I$use$fp
    dfixi.o(.text) refers to llushr.o(.text) for __aeabi_llsr
    dfixui.o(.text) refers (Special) to iusefp.o(.text) for __I$use$fp
    dfixui.o(.text) refers to llushr.o(.text) for __aeabi_llsr
    atan.o(i.__hardfp_atan) refers (Special) to iusefp.o(.text) for __I$use$fp
    atan.o(i.__hardfp_atan) refers to dunder.o(i.__mathlib_dbl_infnan) for __mathlib_dbl_infnan
    atan.o(i.__hardfp_atan) refers to fpclassify.o(i.__ARM_fpclassify) for __ARM_fpclassify
    atan.o(i.__hardfp_atan) refers to dunder.o(i.__mathlib_dbl_underflow) for __mathlib_dbl_underflow
    atan.o(i.__hardfp_atan) refers to fabs.o(i.fabs) for fabs
    atan.o(i.__hardfp_atan) refers to dadd.o(.text) for __aeabi_dadd
    atan.o(i.__hardfp_atan) refers to dmul.o(.text) for __aeabi_dmul
    atan.o(i.__hardfp_atan) refers to ddiv.o(.text) for __aeabi_ddiv
    atan.o(i.__hardfp_atan) refers to poly.o(i.__kernel_poly) for __kernel_poly
    atan.o(i.__hardfp_atan) refers to atan.o(.constdata) for .constdata
    atan.o(i.__softfp_atan) refers (Special) to iusefp.o(.text) for __I$use$fp
    atan.o(i.__softfp_atan) refers to atan.o(i.__hardfp_atan) for __hardfp_atan
    atan.o(i.atan) refers (Special) to iusefp.o(.text) for __I$use$fp
    atan.o(i.atan) refers to atan.o(i.__hardfp_atan) for __hardfp_atan
    atan.o(.constdata) refers (Special) to iusefp.o(.text) for __I$use$fp
    atan_x.o(i.____hardfp_atan$lsc) refers (Special) to iusefp.o(.text) for __I$use$fp
    atan_x.o(i.____hardfp_atan$lsc) refers to dunder.o(i.__mathlib_dbl_infnan) for __mathlib_dbl_infnan
    atan_x.o(i.____hardfp_atan$lsc) refers to fabs.o(i.fabs) for fabs
    atan_x.o(i.____hardfp_atan$lsc) refers to dadd.o(.text) for __aeabi_dadd
    atan_x.o(i.____hardfp_atan$lsc) refers to dmul.o(.text) for __aeabi_dmul
    atan_x.o(i.____hardfp_atan$lsc) refers to ddiv.o(.text) for __aeabi_ddiv
    atan_x.o(i.____hardfp_atan$lsc) refers to poly.o(i.__kernel_poly) for __kernel_poly
    atan_x.o(i.____hardfp_atan$lsc) refers to atan_x.o(.constdata) for .constdata
    atan_x.o(i.____softfp_atan$lsc) refers (Special) to iusefp.o(.text) for __I$use$fp
    atan_x.o(i.____softfp_atan$lsc) refers to atan_x.o(i.____hardfp_atan$lsc) for ____hardfp_atan$lsc
    atan_x.o(i.__atan$lsc) refers (Special) to iusefp.o(.text) for __I$use$fp
    atan_x.o(i.__atan$lsc) refers to atan_x.o(i.____hardfp_atan$lsc) for ____hardfp_atan$lsc
    atan_x.o(.constdata) refers (Special) to iusefp.o(.text) for __I$use$fp
    dunder.o(i.__mathlib_dbl_divzero) refers to ddiv.o(.text) for __aeabi_ddiv
    dunder.o(i.__mathlib_dbl_infnan) refers to dadd.o(.text) for __aeabi_dadd
    dunder.o(i.__mathlib_dbl_infnan2) refers to dadd.o(.text) for __aeabi_dadd
    dunder.o(i.__mathlib_dbl_invalid) refers to ddiv.o(.text) for __aeabi_ddiv
    dunder.o(i.__mathlib_dbl_overflow) refers to dmul.o(.text) for __aeabi_dmul
    dunder.o(i.__mathlib_dbl_posinfnan) refers to dmul.o(.text) for __aeabi_dmul
    dunder.o(i.__mathlib_dbl_underflow) refers to dmul.o(.text) for __aeabi_dmul
    fabs.o(i.__hardfp_fabs) refers (Special) to iusefp.o(.text) for __I$use$fp
    fabs.o(i.__softfp_fabs) refers (Special) to iusefp.o(.text) for __I$use$fp
    fabs.o(i.fabs) refers (Special) to iusefp.o(.text) for __I$use$fp
    fpclassify.o(i.__ARM_fpclassify) refers (Special) to iusefp.o(.text) for __I$use$fp
    log.o(i.__hardfp_log) refers (Special) to iusefp.o(.text) for __I$use$fp
    log.o(i.__hardfp_log) refers to dunder.o(i.__mathlib_dbl_infnan) for __mathlib_dbl_infnan
    log.o(i.__hardfp_log) refers to errno.o(i.__set_errno) for __set_errno
    log.o(i.__hardfp_log) refers to dunder.o(i.__mathlib_dbl_invalid) for __mathlib_dbl_invalid
    log.o(i.__hardfp_log) refers to dunder.o(i.__mathlib_dbl_divzero) for __mathlib_dbl_divzero
    log.o(i.__hardfp_log) refers to dmul.o(.text) for __aeabi_dmul
    log.o(i.__hardfp_log) refers to dadd.o(.text) for __aeabi_dsub
    log.o(i.__hardfp_log) refers to cdcmple.o(.text) for __aeabi_cdcmpeq
    log.o(i.__hardfp_log) refers to dflti.o(.text) for __aeabi_i2d
    log.o(i.__hardfp_log) refers to ddiv.o(.text) for __aeabi_ddiv
    log.o(i.__hardfp_log) refers to poly.o(i.__kernel_poly) for __kernel_poly
    log.o(i.__hardfp_log) refers to qnan.o(.constdata) for __mathlib_zero
    log.o(i.__hardfp_log) refers to log.o(.constdata) for .constdata
    log.o(i.__softfp_log) refers (Special) to iusefp.o(.text) for __I$use$fp
    log.o(i.__softfp_log) refers to log.o(i.__hardfp_log) for __hardfp_log
    log.o(i.log) refers (Special) to iusefp.o(.text) for __I$use$fp
    log.o(i.log) refers to log.o(i.__hardfp_log) for __hardfp_log
    log.o(.constdata) refers (Special) to iusefp.o(.text) for __I$use$fp
    log_x.o(i.____hardfp_log$lsc) refers (Special) to iusefp.o(.text) for __I$use$fp
    log_x.o(i.____hardfp_log$lsc) refers to dunder.o(i.__mathlib_dbl_infnan) for __mathlib_dbl_infnan
    log_x.o(i.____hardfp_log$lsc) refers to errno.o(i.__set_errno) for __set_errno
    log_x.o(i.____hardfp_log$lsc) refers to dmul.o(.text) for __aeabi_dmul
    log_x.o(i.____hardfp_log$lsc) refers to dadd.o(.text) for __aeabi_dsub
    log_x.o(i.____hardfp_log$lsc) refers to cdcmple.o(.text) for __aeabi_cdcmpeq
    log_x.o(i.____hardfp_log$lsc) refers to dflti.o(.text) for __aeabi_i2d
    log_x.o(i.____hardfp_log$lsc) refers to ddiv.o(.text) for __aeabi_ddiv
    log_x.o(i.____hardfp_log$lsc) refers to poly.o(i.__kernel_poly) for __kernel_poly
    log_x.o(i.____hardfp_log$lsc) refers to qnan.o(.constdata) for __mathlib_zero
    log_x.o(i.____hardfp_log$lsc) refers to log_x.o(.constdata) for .constdata
    log_x.o(i.____softfp_log$lsc) refers (Special) to iusefp.o(.text) for __I$use$fp
    log_x.o(i.____softfp_log$lsc) refers to log_x.o(i.____hardfp_log$lsc) for ____hardfp_log$lsc
    log_x.o(i.__log$lsc) refers (Special) to iusefp.o(.text) for __I$use$fp
    log_x.o(i.__log$lsc) refers to log_x.o(i.____hardfp_log$lsc) for ____hardfp_log$lsc
    log_x.o(.constdata) refers (Special) to iusefp.o(.text) for __I$use$fp
    poly.o(i.__kernel_poly) refers (Special) to iusefp.o(.text) for __I$use$fp
    poly.o(i.__kernel_poly) refers to dmul.o(.text) for __aeabi_dmul
    poly.o(i.__kernel_poly) refers to dadd.o(.text) for __aeabi_dadd
    qnan.o(.constdata) refers (Special) to iusefp.o(.text) for __I$use$fp
    entry2.o(.ARM.Collect$$$$00000001) refers to entry2.o(.ARM.Collect$$$$00002712) for __lit__00000000
    entry2.o(.ARM.Collect$$$$00002712) refers to startup_rvmdk.o(STACK) for __initial_sp
    entry2.o(__vectab_stack_and_reset_area) refers to startup_rvmdk.o(STACK) for __initial_sp
    entry2.o(__vectab_stack_and_reset_area) refers to entry.o(.ARM.Collect$$$$00000000) for __main
    entry5.o(.ARM.Collect$$$$00000004) refers to init.o(.text) for __scatterload
    entry9a.o(.ARM.Collect$$$$0000000B) refers to blinky.o(i.main) for main
    entry9b.o(.ARM.Collect$$$$0000000C) refers to blinky.o(i.main) for main
    uldiv.o(.text) refers to llushr.o(.text) for __aeabi_llsr
    uldiv.o(.text) refers to llshl.o(.text) for __aeabi_llsl
    errno.o(i.__aeabi_errno_addr) refers to errno.o(.data) for .data
    errno.o(i.__read_errno) refers to errno.o(.data) for .data
    errno.o(i.__set_errno) refers to errno.o(.data) for .data
    depilogue.o(.text) refers to llshl.o(.text) for __aeabi_llsl
    depilogue.o(.text) refers to llushr.o(.text) for __aeabi_llsr
    dsqrt.o(.text) refers to llushr.o(.text) for __aeabi_llsr
    dsqrt.o(.text) refers to depilogue.o(.text) for _double_round
    dfixul.o(.text) refers to llushr.o(.text) for __aeabi_llsr
    dfixul.o(.text) refers to llshl.o(.text) for __aeabi_llsl
    init.o(.text) refers to entry5.o(.ARM.Collect$$$$00000004) for __main_after_scatterload


==============================================================================

Removing Unused input sections from the image.

    Removing blinky.o(.data), (4 bytes).
    Removing blinky.o(.data), (1 bytes).
    Removing blinky.o(.data), (2 bytes).
    Removing startup_rvmdk.o(HEAP), (0 bytes).
    Removing startup_rvmdk.o(.text), (0 bytes).
    Removing uartstdio.o(i.UARTgetc), (24 bytes).
    Removing uartstdio.o(i.UARTgets), (132 bytes).
    Removing buttons.o(i.ButtonsInit), (100 bytes).
    Removing buttons.o(i.ButtonsPoll), (88 bytes).
    Removing buttons.o(.data), (3 bytes).
    Removing ad9959.o(i.Write_Phase), (84 bytes).
    Removing ad9959.o(.data), (2 bytes).
    Removing ad9959.o(.data), (3 bytes).
    Removing ad9959.o(.data), (2 bytes).
    Removing ad9959.o(.data), (4 bytes).
    Removing ad9959.o(.data), (4 bytes).
    Removing fpu.o(i.FPUDisable), (16 bytes).
    Removing fpu.o(i.FPUFlushToZeroModeSet), (20 bytes).
    Removing fpu.o(i.FPUHalfPrecisionModeSet), (20 bytes).
    Removing fpu.o(i.FPUNaNModeSet), (20 bytes).
    Removing fpu.o(i.FPURoundingModeSet), (20 bytes).
    Removing fpu.o(i.FPUStackingDisable), (16 bytes).
    Removing fpu.o(i.FPUStackingEnable), (20 bytes).
    Removing gpio.o(i.GPIOADCTriggerDisable), (14 bytes).
    Removing gpio.o(i.GPIOADCTriggerEnable), (12 bytes).
    Removing gpio.o(i.GPIODMATriggerDisable), (14 bytes).
    Removing gpio.o(i.GPIODMATriggerEnable), (12 bytes).
    Removing gpio.o(i.GPIODirModeGet), (34 bytes).
    Removing gpio.o(i.GPIOIntClear), (6 bytes).
    Removing gpio.o(i.GPIOIntDisable), (14 bytes).
    Removing gpio.o(i.GPIOIntEnable), (12 bytes).
    Removing gpio.o(i.GPIOIntRegister), (88 bytes).
    Removing gpio.o(i.GPIOIntStatus), (14 bytes).
    Removing gpio.o(i.GPIOIntTypeGet), (68 bytes).
    Removing gpio.o(i.GPIOIntTypeSet), (80 bytes).
    Removing gpio.o(i.GPIOIntUnregister), (88 bytes).
    Removing gpio.o(i.GPIOPadConfigGet), (204 bytes).
    Removing gpio.o(i.GPIOPinConfigure), (68 bytes).
    Removing gpio.o(i.GPIOPinRead), (6 bytes).
    Removing gpio.o(i.GPIOPinTypeADC), (28 bytes).
    Removing gpio.o(i.GPIOPinTypeCAN), (28 bytes).
    Removing gpio.o(i.GPIOPinTypeComparator), (28 bytes).
    Removing gpio.o(i.GPIOPinTypeComparatorOutput), (28 bytes).
    Removing gpio.o(i.GPIOPinTypeDIVSCLK), (28 bytes).
    Removing gpio.o(i.GPIOPinTypeEPI), (28 bytes).
    Removing gpio.o(i.GPIOPinTypeEthernetLED), (28 bytes).
    Removing gpio.o(i.GPIOPinTypeEthernetMII), (28 bytes).
    Removing gpio.o(i.GPIOPinTypeGPIOInput), (28 bytes).
    Removing gpio.o(i.GPIOPinTypeGPIOOutputOD), (28 bytes).
    Removing gpio.o(i.GPIOPinTypeHibernateRTCCLK), (28 bytes).
    Removing gpio.o(i.GPIOPinTypeI2C), (28 bytes).
    Removing gpio.o(i.GPIOPinTypeI2CSCL), (28 bytes).
    Removing gpio.o(i.GPIOPinTypeLCD), (28 bytes).
    Removing gpio.o(i.GPIOPinTypeOneWire), (28 bytes).
    Removing gpio.o(i.GPIOPinTypePWM), (28 bytes).
    Removing gpio.o(i.GPIOPinTypeQEI), (28 bytes).
    Removing gpio.o(i.GPIOPinTypeSSI), (28 bytes).
    Removing gpio.o(i.GPIOPinTypeTimer), (28 bytes).
    Removing gpio.o(i.GPIOPinTypeTrace), (28 bytes).
    Removing gpio.o(i.GPIOPinTypeUART), (28 bytes).
    Removing gpio.o(i.GPIOPinTypeUSBAnalog), (28 bytes).
    Removing gpio.o(i.GPIOPinTypeUSBDigital), (28 bytes).
    Removing gpio.o(i.GPIOPinTypeWakeHigh), (30 bytes).
    Removing gpio.o(i.GPIOPinTypeWakeLow), (30 bytes).
    Removing gpio.o(i.GPIOPinWakeStatus), (6 bytes).
    Removing gpio.o(.constdata), (528 bytes).
    Removing sysctl.o(i.SysCtlAltClkConfig), (12 bytes).
    Removing sysctl.o(i.SysCtlClockFreqSet), (708 bytes).
    Removing sysctl.o(i.SysCtlClockOutConfig), (20 bytes).
    Removing sysctl.o(i.SysCtlDeepSleep), (32 bytes).
    Removing sysctl.o(i.SysCtlDeepSleepClockConfigSet), (112 bytes).
    Removing sysctl.o(i.SysCtlDeepSleepClockSet), (12 bytes).
    Removing sysctl.o(i.SysCtlDeepSleepPowerSet), (12 bytes).
    Removing sysctl.o(i.SysCtlFlashSectorSizeGet), (56 bytes).
    Removing sysctl.o(i.SysCtlFlashSizeGet), (56 bytes).
    Removing sysctl.o(i.SysCtlGPIOAHBDisable), (28 bytes).
    Removing sysctl.o(i.SysCtlGPIOAHBEnable), (24 bytes).
    Removing sysctl.o(i.SysCtlIntClear), (12 bytes).
    Removing sysctl.o(i.SysCtlIntDisable), (16 bytes).
    Removing sysctl.o(i.SysCtlIntEnable), (16 bytes).
    Removing sysctl.o(i.SysCtlIntRegister), (20 bytes).
    Removing sysctl.o(i.SysCtlIntStatus), (16 bytes).
    Removing sysctl.o(i.SysCtlIntUnregister), (18 bytes).
    Removing sysctl.o(i.SysCtlLDODeepSleepGet), (12 bytes).
    Removing sysctl.o(i.SysCtlLDODeepSleepSet), (12 bytes).
    Removing sysctl.o(i.SysCtlLDOSleepGet), (12 bytes).
    Removing sysctl.o(i.SysCtlLDOSleepSet), (12 bytes).
    Removing sysctl.o(i.SysCtlMOSCConfigSet), (12 bytes).
    Removing sysctl.o(i.SysCtlNMIClear), (16 bytes).
    Removing sysctl.o(i.SysCtlNMIStatus), (12 bytes).
    Removing sysctl.o(i.SysCtlPIOSCCalibrate), (76 bytes).
    Removing sysctl.o(i.SysCtlPWMClockGet), (24 bytes).
    Removing sysctl.o(i.SysCtlPWMClockSet), (20 bytes).
    Removing sysctl.o(i.SysCtlPeripheralClockGating), (68 bytes).
    Removing sysctl.o(i.SysCtlPeripheralDeepSleepDisable), (40 bytes).
    Removing sysctl.o(i.SysCtlPeripheralDeepSleepEnable), (40 bytes).
    Removing sysctl.o(i.SysCtlPeripheralDisable), (40 bytes).
    Removing sysctl.o(i.SysCtlPeripheralPowerOff), (40 bytes).
    Removing sysctl.o(i.SysCtlPeripheralPowerOn), (40 bytes).
    Removing sysctl.o(i.SysCtlPeripheralPresent), (44 bytes).
    Removing sysctl.o(i.SysCtlPeripheralReady), (44 bytes).
    Removing sysctl.o(i.SysCtlPeripheralReset), (60 bytes).
    Removing sysctl.o(i.SysCtlPeripheralSleepDisable), (40 bytes).
    Removing sysctl.o(i.SysCtlPeripheralSleepEnable), (40 bytes).
    Removing sysctl.o(i.SysCtlReset), (16 bytes).
    Removing sysctl.o(i.SysCtlResetBehaviorGet), (12 bytes).
    Removing sysctl.o(i.SysCtlResetBehaviorSet), (12 bytes).
    Removing sysctl.o(i.SysCtlResetCauseClear), (16 bytes).
    Removing sysctl.o(i.SysCtlResetCauseGet), (12 bytes).
    Removing sysctl.o(i.SysCtlSRAMSizeGet), (16 bytes).
    Removing sysctl.o(i.SysCtlSleep), (4 bytes).
    Removing sysctl.o(i.SysCtlSleepPowerSet), (12 bytes).
    Removing sysctl.o(i.SysCtlUSBPLLDisable), (16 bytes).
    Removing sysctl.o(i.SysCtlUSBPLLEnable), (16 bytes).
    Removing sysctl.o(i.SysCtlVCOGet), (120 bytes).
    Removing sysctl.o(i.SysCtlVoltageEventClear), (16 bytes).
    Removing sysctl.o(i.SysCtlVoltageEventConfig), (12 bytes).
    Removing sysctl.o(i.SysCtlVoltageEventStatus), (12 bytes).
    Removing uart.o(i.UART9BitAddrSend), (38 bytes).
    Removing uart.o(i.UART9BitAddrSet), (10 bytes).
    Removing uart.o(i.UART9BitDisable), (14 bytes).
    Removing uart.o(i.UART9BitEnable), (14 bytes).
    Removing uart.o(i.UARTBreakCtl), (18 bytes).
    Removing uart.o(i.UARTBusy), (8 bytes).
    Removing uart.o(i.UARTCharGetNonBlocking), (16 bytes).
    Removing uart.o(i.UARTCharPutNonBlocking), (16 bytes).
    Removing uart.o(i.UARTClockSourceGet), (6 bytes).
    Removing uart.o(i.UARTConfigGetExpClk), (46 bytes).
    Removing uart.o(i.UARTDMADisable), (10 bytes).
    Removing uart.o(i.UARTDMAEnable), (8 bytes).
    Removing uart.o(i.UARTDisable), (30 bytes).
    Removing uart.o(i.UARTDisableSIR), (10 bytes).
    Removing uart.o(i.UARTEnable), (20 bytes).
    Removing uart.o(i.UARTEnableSIR), (18 bytes).
    Removing uart.o(i.UARTFIFODisable), (10 bytes).
    Removing uart.o(i.UARTFIFOEnable), (10 bytes).
    Removing uart.o(i.UARTFIFOLevelGet), (16 bytes).
    Removing uart.o(i.UARTFIFOLevelSet), (6 bytes).
    Removing uart.o(i.UARTFlowControlGet), (8 bytes).
    Removing uart.o(i.UARTFlowControlSet), (12 bytes).
    Removing uart.o(i.UARTIntClear), (4 bytes).
    Removing uart.o(i.UARTIntDisable), (10 bytes).
    Removing uart.o(i.UARTIntEnable), (8 bytes).
    Removing uart.o(i.UARTIntRegister), (88 bytes).
    Removing uart.o(i.UARTIntStatus), (10 bytes).
    Removing uart.o(i.UARTIntUnregister), (88 bytes).
    Removing uart.o(i.UARTLoopbackEnable), (10 bytes).
    Removing uart.o(i.UARTModemControlClear), (14 bytes).
    Removing uart.o(i.UARTModemControlGet), (8 bytes).
    Removing uart.o(i.UARTModemControlSet), (12 bytes).
    Removing uart.o(i.UARTModemStatusGet), (10 bytes).
    Removing uart.o(i.UARTParityModeGet), (8 bytes).
    Removing uart.o(i.UARTParityModeSet), (12 bytes).
    Removing uart.o(i.UARTRxErrorClear), (6 bytes).
    Removing uart.o(i.UARTRxErrorGet), (8 bytes).
    Removing uart.o(i.UARTSmartCardDisable), (10 bytes).
    Removing uart.o(i.UARTSmartCardEnable), (22 bytes).
    Removing uart.o(i.UARTSpaceAvail), (10 bytes).
    Removing uart.o(i.UARTTxIntModeGet), (8 bytes).
    Removing uart.o(i.UARTTxIntModeSet), (12 bytes).
    Removing uart.o(.constdata), (128 bytes).
    Removing cpu.o(.emb_text), (38 bytes).
    Removing interrupt.o(i.IntDisable), (100 bytes).
    Removing interrupt.o(i.IntEnable), (100 bytes).
    Removing interrupt.o(i.IntIsEnabled), (96 bytes).
    Removing interrupt.o(i.IntMasterDisable), (14 bytes).
    Removing interrupt.o(i.IntMasterEnable), (14 bytes).
    Removing interrupt.o(i.IntPendClear), (68 bytes).
    Removing interrupt.o(i.IntPendSet), (84 bytes).
    Removing interrupt.o(i.IntPriorityGet), (28 bytes).
    Removing interrupt.o(i.IntPriorityGroupingGet), (36 bytes).
    Removing interrupt.o(i.IntPriorityGroupingSet), (28 bytes).
    Removing interrupt.o(i.IntPriorityMaskGet), (4 bytes).
    Removing interrupt.o(i.IntPriorityMaskSet), (4 bytes).
    Removing interrupt.o(i.IntPrioritySet), (40 bytes).
    Removing interrupt.o(i.IntRegister), (52 bytes).
    Removing interrupt.o(i.IntTrigger), (12 bytes).
    Removing interrupt.o(i.IntUnregister), (20 bytes).
    Removing interrupt.o(i._IntDefaultHandler), (2 bytes).
    Removing interrupt.o(.constdata), (268 bytes).
    Removing interrupt.o(vtable), (620 bytes).
    Removing dneg.o(.text), (6 bytes).
    Removing dfixul.o(.text), (48 bytes).

183 unused section(s) (total 7235 bytes) removed from the image.

==============================================================================

Image Symbol Table

    Local Symbols

    Symbol Name                              Value     Ov Type        Size  Object(Section)

    RESET                                    0x00000000   Section      648  startup_rvmdk.o(RESET)
    ../clib/microlib/division.c              0x00000000   Number         0  ldiv.o ABSOLUTE
    ../clib/microlib/division.c              0x00000000   Number         0  uidiv.o ABSOLUTE
    ../clib/microlib/division.c              0x00000000   Number         0  uldiv.o ABSOLUTE
    ../clib/microlib/errno.c                 0x00000000   Number         0  errno.o ABSOLUTE
    ../clib/microlib/init/entry.s            0x00000000   Number         0  entry9b.o ABSOLUTE
    ../clib/microlib/init/entry.s            0x00000000   Number         0  entry11b.o ABSOLUTE
    ../clib/microlib/init/entry.s            0x00000000   Number         0  entry8a.o ABSOLUTE
    ../clib/microlib/init/entry.s            0x00000000   Number         0  entry11a.o ABSOLUTE
    ../clib/microlib/init/entry.s            0x00000000   Number         0  entry2.o ABSOLUTE
    ../clib/microlib/init/entry.s            0x00000000   Number         0  entry10b.o ABSOLUTE
    ../clib/microlib/init/entry.s            0x00000000   Number         0  entry.o ABSOLUTE
    ../clib/microlib/init/entry.s            0x00000000   Number         0  entry8b.o ABSOLUTE
    ../clib/microlib/init/entry.s            0x00000000   Number         0  entry10a.o ABSOLUTE
    ../clib/microlib/init/entry.s            0x00000000   Number         0  entry9a.o ABSOLUTE
    ../clib/microlib/init/entry.s            0x00000000   Number         0  entry7b.o ABSOLUTE
    ../clib/microlib/init/entry.s            0x00000000   Number         0  entry7a.o ABSOLUTE
    ../clib/microlib/init/entry.s            0x00000000   Number         0  entry5.o ABSOLUTE
    ../clib/microlib/longlong.c              0x00000000   Number         0  llsshr.o ABSOLUTE
    ../clib/microlib/longlong.c              0x00000000   Number         0  llushr.o ABSOLUTE
    ../clib/microlib/longlong.c              0x00000000   Number         0  llshl.o ABSOLUTE
    ../clib/microlib/printf/printf.c         0x00000000   Number         0  printfb.o ABSOLUTE
    ../clib/microlib/printf/printf.c         0x00000000   Number         0  printf2.o ABSOLUTE
    ../clib/microlib/printf/printf.c         0x00000000   Number         0  printf1.o ABSOLUTE
    ../clib/microlib/printf/printf.c         0x00000000   Number         0  printf8.o ABSOLUTE
    ../clib/microlib/printf/printf.c         0x00000000   Number         0  printf7.o ABSOLUTE
    ../clib/microlib/printf/printf.c         0x00000000   Number         0  printf6.o ABSOLUTE
    ../clib/microlib/printf/printf.c         0x00000000   Number         0  printf5.o ABSOLUTE
    ../clib/microlib/printf/printf.c         0x00000000   Number         0  printf4.o ABSOLUTE
    ../clib/microlib/printf/printf.c         0x00000000   Number         0  printf0.o ABSOLUTE
    ../clib/microlib/printf/printf.c         0x00000000   Number         0  printf3.o ABSOLUTE
    ../clib/microlib/printf/printf.c         0x00000000   Number         0  printfa.o ABSOLUTE
    ../clib/microlib/printf/stubs.s          0x00000000   Number         0  stubs.o ABSOLUTE
    ../clib/microlib/stdio/streams.c         0x00000000   Number         0  stdout.o ABSOLUTE
    ../clib/microlib/stubs.s                 0x00000000   Number         0  iusefp.o ABSOLUTE
    ../fplib/microlib/fpadd.c                0x00000000   Number         0  dadd.o ABSOLUTE
    ../fplib/microlib/fpdiv.c                0x00000000   Number         0  ddiv.o ABSOLUTE
    ../fplib/microlib/fpepilogue.c           0x00000000   Number         0  depilogue.o ABSOLUTE
    ../fplib/microlib/fpfix.c                0x00000000   Number         0  dfixul.o ABSOLUTE
    ../fplib/microlib/fpfix.c                0x00000000   Number         0  dfixui.o ABSOLUTE
    ../fplib/microlib/fpfix.c                0x00000000   Number         0  dfixi.o ABSOLUTE
    ../fplib/microlib/fpflt.c                0x00000000   Number         0  dflti.o ABSOLUTE
    ../fplib/microlib/fpflt.c                0x00000000   Number         0  dfltui.o ABSOLUTE
    ../fplib/microlib/fpmul.c                0x00000000   Number         0  dmul.o ABSOLUTE
    ../fplib/microlib/fpneg.c                0x00000000   Number         0  dneg.o ABSOLUTE
    ../fplib/microlib/fpscalb.c              0x00000000   Number         0  dscalb.o ABSOLUTE
    ../fplib/microlib/fpsqrt.c               0x00000000   Number         0  dsqrt.o ABSOLUTE
    ../mathlib/atan.c                        0x00000000   Number         0  atan_x.o ABSOLUTE
    ../mathlib/atan.c                        0x00000000   Number         0  atan.o ABSOLUTE
    ../mathlib/atan2.c                       0x00000000   Number         0  atan2.o ABSOLUTE
    ../mathlib/atan2.c                       0x00000000   Number         0  atan2_x.o ABSOLUTE
    ../mathlib/dunder.c                      0x00000000   Number         0  dunder.o ABSOLUTE
    ../mathlib/fabs.c                        0x00000000   Number         0  fabs.o ABSOLUTE
    ../mathlib/fpclassify.c                  0x00000000   Number         0  fpclassify.o ABSOLUTE
    ../mathlib/log.c                         0x00000000   Number         0  log_x.o ABSOLUTE
    ../mathlib/log.c                         0x00000000   Number         0  log.o ABSOLUTE
    ../mathlib/log10.c                       0x00000000   Number         0  log10_x.o ABSOLUTE
    ../mathlib/log10.c                       0x00000000   Number         0  log10.o ABSOLUTE
    ../mathlib/poly.c                        0x00000000   Number         0  poly.o ABSOLUTE
    ../mathlib/pow.c                         0x00000000   Number         0  pow.o ABSOLUTE
    ../mathlib/pow.c                         0x00000000   Number         0  pow_x.o ABSOLUTE
    ../mathlib/qnan.c                        0x00000000   Number         0  qnan.o ABSOLUTE
    ../mathlib/sqrt.c                        0x00000000   Number         0  sqrt_x.o ABSOLUTE
    ../mathlib/sqrt.c                        0x00000000   Number         0  sqrt.o ABSOLUTE
    blinky.c                                 0x00000000   Number         0  blinky.o ABSOLUTE
    cdcmple.s                                0x00000000   Number         0  cdcmple.o ABSOLUTE
    cdrcmple.s                               0x00000000   Number         0  cdrcmple.o ABSOLUTE
    cpu.c                                    0x00000000   Number         0  cpu.o ABSOLUTE
    cpu.c                                    0x00000000   Number         0  cpu.o ABSOLUTE
    dc.s                                     0x00000000   Number         0  dc.o ABSOLUTE
    fpu.c                                    0x00000000   Number         0  fpu.o ABSOLUTE
    gpio.c                                   0x00000000   Number         0  gpio.o ABSOLUTE
    handlers.s                               0x00000000   Number         0  handlers.o ABSOLUTE
    init.s                                   0x00000000   Number         0  init.o ABSOLUTE
    interrupt.c                              0x00000000   Number         0  interrupt.o ABSOLUTE
    startup_rvmdk.S                          0x00000000   Number         0  startup_rvmdk.o ABSOLUTE
    sysctl.c                                 0x00000000   Number         0  sysctl.o ABSOLUTE
    sysctl.c                                 0x00000000   Number         0  sysctl.o ABSOLUTE
    uart.c                                   0x00000000   Number         0  uart.o ABSOLUTE
    utils\ad9959.c                           0x00000000   Number         0  ad9959.o ABSOLUTE
    utils\buttons.c                          0x00000000   Number         0  buttons.o ABSOLUTE
    utils\uartstdio.c                        0x00000000   Number         0  uartstdio.o ABSOLUTE
    $v0                                      0x0000026c   Number         0  startup_rvmdk.o(RESET)
    NmiSR                                    0x00000281   Thumb Code     0  startup_rvmdk.o(RESET)
    FaultISR                                 0x00000283   Thumb Code     0  startup_rvmdk.o(RESET)
    IntDefaultHandler                        0x00000285   Thumb Code     0  startup_rvmdk.o(RESET)
    .ARM.Collect$$$$00000000                 0x00000288   Section        0  entry.o(.ARM.Collect$$$$00000000)
    .ARM.Collect$$$$00000001                 0x00000288   Section        4  entry2.o(.ARM.Collect$$$$00000001)
    .ARM.Collect$$$$00000004                 0x0000028c   Section        4  entry5.o(.ARM.Collect$$$$00000004)
    .ARM.Collect$$$$00000008                 0x00000290   Section        0  entry7b.o(.ARM.Collect$$$$00000008)
    .ARM.Collect$$$$0000000A                 0x00000290   Section        0  entry8b.o(.ARM.Collect$$$$0000000A)
    .ARM.Collect$$$$0000000B                 0x00000290   Section        8  entry9a.o(.ARM.Collect$$$$0000000B)
    .ARM.Collect$$$$0000000D                 0x00000298   Section        0  entry10a.o(.ARM.Collect$$$$0000000D)
    .ARM.Collect$$$$0000000F                 0x00000298   Section        0  entry11a.o(.ARM.Collect$$$$0000000F)
    .ARM.Collect$$$$00002712                 0x00000298   Section        4  entry2.o(.ARM.Collect$$$$00002712)
    __lit__00000000                          0x00000298   Data           4  entry2.o(.ARM.Collect$$$$00002712)
    .emb_text                                0x0000029c   Section        6  sysctl.o(.emb_text)
    $v0                                      0x0000029c   Number         0  sysctl.o(.emb_text)
    .text                                    0x000002a2   Section        0  ldiv.o(.text)
    .text                                    0x00000304   Section        0  dadd.o(.text)
    .text                                    0x00000452   Section        0  dmul.o(.text)
    .text                                    0x00000536   Section        0  ddiv.o(.text)
    .text                                    0x00000614   Section        0  dflti.o(.text)
    .text                                    0x00000636   Section        0  dfltui.o(.text)
    .text                                    0x00000650   Section        0  dfixi.o(.text)
    .text                                    0x0000068e   Section        0  dfixui.o(.text)
    .text                                    0x000006c0   Section        0  uidiv.o(.text)
    .text                                    0x000006ec   Section        0  uldiv.o(.text)
    .text                                    0x0000074e   Section        0  llshl.o(.text)
    .text                                    0x0000076c   Section        0  llushr.o(.text)
    .text                                    0x0000078c   Section        0  llsshr.o(.text)
    .text                                    0x000007b0   Section        0  depilogue.o(.text)
    .text                                    0x000007b0   Section        0  iusefp.o(.text)
    .text                                    0x0000086a   Section        0  dscalb.o(.text)
    .text                                    0x00000898   Section        0  dsqrt.o(.text)
    .text                                    0x0000093c   Section       48  cdcmple.o(.text)
    .text                                    0x0000096c   Section       48  cdrcmple.o(.text)
    .text                                    0x0000099c   Section       36  init.o(.text)
    i.ConfigureUART                          0x000009c0   Section        0  blinky.o(i.ConfigureUART)
    i.FPUEnable                              0x00000ab0   Section        0  fpu.o(i.FPUEnable)
    i.FPULazyStackingEnable                  0x00000ac0   Section        0  fpu.o(i.FPULazyStackingEnable)
    i.GPIODirModeSet                         0x00000ad0   Section        0  gpio.o(i.GPIODirModeSet)
    i.GPIOPadConfigSet                       0x00000af8   Section        0  gpio.o(i.GPIOPadConfigSet)
    i.GPIOPinTypeGPIOOutput                  0x00000c30   Section        0  gpio.o(i.GPIOPinTypeGPIOOutput)
    i.GPIOPinWrite                           0x00000c4c   Section        0  gpio.o(i.GPIOPinWrite)
    i.IO_Update                              0x00000c54   Section        0  ad9959.o(i.IO_Update)
    i.Init_AD9959                            0x00000c8c   Section        0  ad9959.o(i.Init_AD9959)
    i.IntReset                               0x00000d88   Section        0  ad9959.o(i.IntReset)
    i.Intserve                               0x00000dc0   Section        0  ad9959.o(i.Intserve)
    i.SysCtlClockGet                         0x00000e54   Section        0  sysctl.o(i.SysCtlClockGet)
    i.SysCtlClockSet                         0x00000fa8   Section        0  sysctl.o(i.SysCtlClockSet)
    i.SysCtlPeripheralEnable                 0x000010c8   Section        0  sysctl.o(i.SysCtlPeripheralEnable)
    i.UARTCharGet                            0x000010f0   Section        0  uart.o(i.UARTCharGet)
    i.UARTCharPut                            0x000010fc   Section        0  uart.o(i.UARTCharPut)
    i.UARTCharsAvail                         0x00001108   Section        0  uart.o(i.UARTCharsAvail)
    i.UARTClockSourceSet                     0x00001112   Section        0  uart.o(i.UARTClockSourceSet)
    i.UARTConfigSetExpClk                    0x00001118   Section        0  uart.o(i.UARTConfigSetExpClk)
    i.UARTStdioConfig                        0x00001188   Section        0  uartstdio.o(i.UARTStdioConfig)
    i.UARTprintf                             0x000011e4   Section        0  uartstdio.o(i.UARTprintf)
    i.UARTvprintf                            0x000011f8   Section        0  uartstdio.o(i.UARTvprintf)
    i.UARTwrite                              0x000013ac   Section        0  uartstdio.o(i.UARTwrite)
    i.WriteData_AD9959                       0x000013e8   Section        0  ad9959.o(i.WriteData_AD9959)
    i.Write_Amplitude                        0x000014c8   Section        0  ad9959.o(i.Write_Amplitude)
    i.Write_frequence                        0x00001520   Section        0  ad9959.o(i.Write_frequence)
    i.__0printf$3                            0x000015a0   Section        0  printf3.o(i.__0printf$3)
    i.__ARM_fpclassify                       0x000015c0   Section        0  fpclassify.o(i.__ARM_fpclassify)
    i.__hardfp_atan                          0x000015f0   Section        0  atan.o(i.__hardfp_atan)
    i.__hardfp_atan2                         0x000018c8   Section        0  atan2.o(i.__hardfp_atan2)
    i.__hardfp_log                           0x00001ab8   Section        0  log.o(i.__hardfp_log)
    i.__hardfp_log10                         0x00001e80   Section        0  log10.o(i.__hardfp_log10)
    i.__hardfp_pow                           0x00001fb0   Section        0  pow.o(i.__hardfp_pow)
    i.__hardfp_sqrt                          0x00002c00   Section        0  sqrt.o(i.__hardfp_sqrt)
    i.__kernel_poly                          0x00002c7a   Section        0  poly.o(i.__kernel_poly)
    i.__mathlib_dbl_divzero                  0x00002d78   Section        0  dunder.o(i.__mathlib_dbl_divzero)
    i.__mathlib_dbl_infnan                   0x00002da8   Section        0  dunder.o(i.__mathlib_dbl_infnan)
    i.__mathlib_dbl_infnan2                  0x00002dbc   Section        0  dunder.o(i.__mathlib_dbl_infnan2)
    i.__mathlib_dbl_invalid                  0x00002dd0   Section        0  dunder.o(i.__mathlib_dbl_invalid)
    i.__mathlib_dbl_overflow                 0x00002df0   Section        0  dunder.o(i.__mathlib_dbl_overflow)
    i.__mathlib_dbl_underflow                0x00002e10   Section        0  dunder.o(i.__mathlib_dbl_underflow)
    i.__scatterload_copy                     0x00002e30   Section       14  handlers.o(i.__scatterload_copy)
    i.__scatterload_null                     0x00002e3e   Section        2  handlers.o(i.__scatterload_null)
    i.__scatterload_zeroinit                 0x00002e40   Section       14  handlers.o(i.__scatterload_zeroinit)
    i.__set_errno                            0x00002e50   Section        0  errno.o(i.__set_errno)
    i._printf_core                           0x00002e5c   Section        0  printf3.o(i._printf_core)
    _printf_core                             0x00002e5d   Thumb Code   436  printf3.o(i._printf_core)
    i.atan                                   0x00003014   Section        0  atan.o(i.atan)
    i.delay1                                 0x00003024   Section        0  ad9959.o(i.delay1)
    i.fabs                                   0x00003030   Section        0  fabs.o(i.fabs)
    i.fputc                                  0x00003048   Section        0  blinky.o(i.fputc)
    i.log                                    0x0000305c   Section        0  log.o(i.log)
    i.main                                   0x0000306c   Section        0  blinky.o(i.main)
    i.sqrt                                   0x0000397c   Section        0  sqrt.o(i.sqrt)
    .constdata                               0x000039ec   Section       28  uartstdio.o(.constdata)
    g_pcHex                                  0x000039ec   Data           4  uartstdio.o(.constdata)
    g_ui32UARTBase                           0x000039f0   Data          12  uartstdio.o(.constdata)
    g_ui32UARTPeriph                         0x000039fc   Data          12  uartstdio.o(.constdata)
    .constdata                               0x00003a08   Section      596  sysctl.o(.constdata)
    g_pui32VCOFrequencies                    0x00003a08   Data           8  sysctl.o(.constdata)
    g_pui32Xtals                             0x00003a10   Data         108  sysctl.o(.constdata)
    g_pppui32XTALtoVCO                       0x00003a7c   Data         432  sysctl.o(.constdata)
    g_sXTALtoMEMTIM                          0x00003c2c   Data          48  sysctl.o(.constdata)
    .constdata                               0x00003c60   Section      136  pow.o(.constdata)
    bp                                       0x00003c60   Data          16  pow.o(.constdata)
    dp_h                                     0x00003c70   Data          16  pow.o(.constdata)
    dp_l                                     0x00003c80   Data          16  pow.o(.constdata)
    L                                        0x00003c90   Data          48  pow.o(.constdata)
    P                                        0x00003cc0   Data          40  pow.o(.constdata)
    .constdata                               0x00003ce8   Section      152  atan.o(.constdata)
    atanhi                                   0x00003ce8   Data          32  atan.o(.constdata)
    atanlo                                   0x00003d08   Data          32  atan.o(.constdata)
    aTodd                                    0x00003d28   Data          40  atan.o(.constdata)
    aTeven                                   0x00003d50   Data          48  atan.o(.constdata)
    .constdata                               0x00003d80   Section       56  log.o(.constdata)
    Lg2                                      0x00003d80   Data          24  log.o(.constdata)
    Lg                                       0x00003d98   Data          32  log.o(.constdata)
    .constdata                               0x00003db8   Section        8  qnan.o(.constdata)
    .conststring                             0x00003dc0   Section       17  uartstdio.o(.conststring)
    .data                                    0x20000000   Section        1  blinky.o(.data)
    .data                                    0x20000004   Section        8  uartstdio.o(.data)
    bLastWasCR                               0x20000004   Data           1  uartstdio.o(.data)
    g_ui32Base                               0x20000008   Data           4  uartstdio.o(.data)
    .data                                    0x2000000c   Section        9  ad9959.o(.data)
    .data                                    0x20000018   Section        4  stdout.o(.data)
    .data                                    0x2000001c   Section        4  errno.o(.data)
    _errno                                   0x2000001c   Data           4  errno.o(.data)
    .bss                                     0x20000020   Section     4192  blinky.o(.bss)
    STACK                                    0x20001080   Section      512  startup_rvmdk.o(STACK)
    StackMem                                 0x20001080   Data           0  startup_rvmdk.o(STACK)

    Global Symbols

    Symbol Name                              Value     Ov Type        Size  Object(Section)

    BuildAttributes$$THM_ISAv4$E$P$D$K$B$S$7EM$VFPi3$EXTD16$VFPS$VFMA$PE$A:L22UL41UL21$X:L11$S22US41US21$IEEE1$IW$USESV6$~STKCKD$USESV7$~SHL$OTIME$ROPI$IEEEX$EBA8$MICROLIB$REQ8$PRES8$EABIv2 0x00000000   Number         0  anon$$obj.o ABSOLUTE
    __ARM_use_no_argv                        0x00000000   Number         0  blinky.o ABSOLUTE
    __Vectors                                0x00000000   Data           0  startup_rvmdk.o(RESET)
    _printf_a                                0x00000000   Number         0  stubs.o ABSOLUTE
    _printf_c                                0x00000000   Number         0  stubs.o ABSOLUTE
    _printf_charcount                        0x00000000   Number         0  stubs.o ABSOLUTE
    _printf_d                                0x00000000   Number         0  stubs.o ABSOLUTE
    _printf_e                                0x00000000   Number         0  stubs.o ABSOLUTE
    _printf_f                                0x00000000   Number         0  stubs.o ABSOLUTE
    _printf_flags                            0x00000000   Number         0  stubs.o ABSOLUTE
    _printf_fp_dec                           0x00000000   Number         0  stubs.o ABSOLUTE
    _printf_fp_hex                           0x00000000   Number         0  stubs.o ABSOLUTE
    _printf_g                                0x00000000   Number         0  stubs.o ABSOLUTE
    _printf_i                                0x00000000   Number         0  stubs.o ABSOLUTE
    _printf_int_dec                          0x00000000   Number         0  stubs.o ABSOLUTE
    _printf_l                                0x00000000   Number         0  stubs.o ABSOLUTE
    _printf_lc                               0x00000000   Number         0  stubs.o ABSOLUTE
    _printf_ll                               0x00000000   Number         0  stubs.o ABSOLUTE
    _printf_lld                              0x00000000   Number         0  stubs.o ABSOLUTE
    _printf_lli                              0x00000000   Number         0  stubs.o ABSOLUTE
    _printf_llo                              0x00000000   Number         0  stubs.o ABSOLUTE
    _printf_llu                              0x00000000   Number         0  stubs.o ABSOLUTE
    _printf_llx                              0x00000000   Number         0  stubs.o ABSOLUTE
    _printf_longlong_dec                     0x00000000   Number         0  stubs.o ABSOLUTE
    _printf_longlong_hex                     0x00000000   Number         0  stubs.o ABSOLUTE
    _printf_longlong_oct                     0x00000000   Number         0  stubs.o ABSOLUTE
    _printf_ls                               0x00000000   Number         0  stubs.o ABSOLUTE
    _printf_mbtowc                           0x00000000   Number         0  stubs.o ABSOLUTE
    _printf_n                                0x00000000   Number         0  stubs.o ABSOLUTE
    _printf_o                                0x00000000   Number         0  stubs.o ABSOLUTE
    _printf_p                                0x00000000   Number         0  stubs.o ABSOLUTE
    _printf_percent                          0x00000000   Number         0  stubs.o ABSOLUTE
    _printf_pre_padding                      0x00000000   Number         0  stubs.o ABSOLUTE
    _printf_return_value                     0x00000000   Number         0  stubs.o ABSOLUTE
    _printf_s                                0x00000000   Number         0  stubs.o ABSOLUTE
    _printf_sizespec                         0x00000000   Number         0  stubs.o ABSOLUTE
    _printf_str                              0x00000000   Number         0  stubs.o ABSOLUTE
    _printf_truncate_signed                  0x00000000   Number         0  stubs.o ABSOLUTE
    _printf_truncate_unsigned                0x00000000   Number         0  stubs.o ABSOLUTE
    _printf_u                                0x00000000   Number         0  stubs.o ABSOLUTE
    _printf_wc                               0x00000000   Number         0  stubs.o ABSOLUTE
    _printf_wctomb                           0x00000000   Number         0  stubs.o ABSOLUTE
    _printf_widthprec                        0x00000000   Number         0  stubs.o ABSOLUTE
    _printf_x                                0x00000000   Number         0  stubs.o ABSOLUTE
    __cpp_initialize__aeabi_                  - Undefined Weak Reference
    __cxa_finalize                            - Undefined Weak Reference
    __decompress                              - Undefined Weak Reference
    _clock_init                               - Undefined Weak Reference
    _microlib_exit                            - Undefined Weak Reference
    Reset_Handler                            0x0000026d   Thumb Code     0  startup_rvmdk.o(RESET)
    __main                                   0x00000289   Thumb Code     0  entry.o(.ARM.Collect$$$$00000000)
    _main_stk                                0x00000289   Thumb Code     0  entry2.o(.ARM.Collect$$$$00000001)
    _main_scatterload                        0x0000028d   Thumb Code     0  entry5.o(.ARM.Collect$$$$00000004)
    __main_after_scatterload                 0x00000291   Thumb Code     0  entry5.o(.ARM.Collect$$$$00000004)
    _main_clock                              0x00000291   Thumb Code     0  entry7b.o(.ARM.Collect$$$$00000008)
    _main_cpp_init                           0x00000291   Thumb Code     0  entry8b.o(.ARM.Collect$$$$0000000A)
    _main_init                               0x00000291   Thumb Code     0  entry9a.o(.ARM.Collect$$$$0000000B)
    __rt_final_cpp                           0x00000299   Thumb Code     0  entry10a.o(.ARM.Collect$$$$0000000D)
    __rt_final_exit                          0x00000299   Thumb Code     0  entry11a.o(.ARM.Collect$$$$0000000F)
    SysCtlDelay                              0x0000029d   Thumb Code     6  sysctl.o(.emb_text)
    __aeabi_ldivmod                          0x000002a3   Thumb Code    98  ldiv.o(.text)
    __aeabi_dadd                             0x00000305   Thumb Code   322  dadd.o(.text)
    __aeabi_dsub                             0x00000447   Thumb Code     6  dadd.o(.text)
    __aeabi_drsub                            0x0000044d   Thumb Code     6  dadd.o(.text)
    __aeabi_dmul                             0x00000453   Thumb Code   228  dmul.o(.text)
    __aeabi_ddiv                             0x00000537   Thumb Code   222  ddiv.o(.text)
    __aeabi_i2d                              0x00000615   Thumb Code    34  dflti.o(.text)
    __aeabi_ui2d                             0x00000637   Thumb Code    26  dfltui.o(.text)
    __aeabi_d2iz                             0x00000651   Thumb Code    62  dfixi.o(.text)
    __aeabi_d2uiz                            0x0000068f   Thumb Code    50  dfixui.o(.text)
    __aeabi_uidiv                            0x000006c1   Thumb Code     0  uidiv.o(.text)
    __aeabi_uidivmod                         0x000006c1   Thumb Code    44  uidiv.o(.text)
    __aeabi_uldivmod                         0x000006ed   Thumb Code    98  uldiv.o(.text)
    __aeabi_llsl                             0x0000074f   Thumb Code    30  llshl.o(.text)
    _ll_shift_l                              0x0000074f   Thumb Code     0  llshl.o(.text)
    __aeabi_llsr                             0x0000076d   Thumb Code    32  llushr.o(.text)
    _ll_ushift_r                             0x0000076d   Thumb Code     0  llushr.o(.text)
    __aeabi_lasr                             0x0000078d   Thumb Code    36  llsshr.o(.text)
    _ll_sshift_r                             0x0000078d   Thumb Code     0  llsshr.o(.text)
    __I$use$fp                               0x000007b1   Thumb Code     0  iusefp.o(.text)
    _double_round                            0x000007b1   Thumb Code    30  depilogue.o(.text)
    _double_epilogue                         0x000007cf   Thumb Code   156  depilogue.o(.text)
    __ARM_scalbn                             0x0000086b   Thumb Code    46  dscalb.o(.text)
    scalbn                                   0x0000086b   Thumb Code     0  dscalb.o(.text)
    _dsqrt                                   0x00000899   Thumb Code   162  dsqrt.o(.text)
    __aeabi_cdcmpeq                          0x0000093d   Thumb Code     0  cdcmple.o(.text)
    __aeabi_cdcmple                          0x0000093d   Thumb Code    48  cdcmple.o(.text)
    __aeabi_cdrcmple                         0x0000096d   Thumb Code    48  cdrcmple.o(.text)
    __scatterload                            0x0000099d   Thumb Code    28  init.o(.text)
    __scatterload_rt2                        0x0000099d   Thumb Code     0  init.o(.text)
    ConfigureUART                            0x000009c1   Thumb Code   194  blinky.o(i.ConfigureUART)
    FPUEnable                                0x00000ab1   Thumb Code    12  fpu.o(i.FPUEnable)
    FPULazyStackingEnable                    0x00000ac1   Thumb Code    12  fpu.o(i.FPULazyStackingEnable)
    GPIODirModeSet                           0x00000ad1   Thumb Code    40  gpio.o(i.GPIODirModeSet)
    GPIOPadConfigSet                         0x00000af9   Thumb Code   312  gpio.o(i.GPIOPadConfigSet)
    GPIOPinTypeGPIOOutput                    0x00000c31   Thumb Code    28  gpio.o(i.GPIOPinTypeGPIOOutput)
    GPIOPinWrite                             0x00000c4d   Thumb Code     6  gpio.o(i.GPIOPinWrite)
    IO_Update                                0x00000c55   Thumb Code    50  ad9959.o(i.IO_Update)
    Init_AD9959                              0x00000c8d   Thumb Code   230  ad9959.o(i.Init_AD9959)
    IntReset                                 0x00000d89   Thumb Code    50  ad9959.o(i.IntReset)
    Intserve                                 0x00000dc1   Thumb Code   134  ad9959.o(i.Intserve)
    SysCtlClockGet                           0x00000e55   Thumb Code   304  sysctl.o(i.SysCtlClockGet)
    SysCtlClockSet                           0x00000fa9   Thumb Code   270  sysctl.o(i.SysCtlClockSet)
    SysCtlPeripheralEnable                   0x000010c9   Thumb Code    36  sysctl.o(i.SysCtlPeripheralEnable)
    UARTCharGet                              0x000010f1   Thumb Code    12  uart.o(i.UARTCharGet)
    UARTCharPut                              0x000010fd   Thumb Code    12  uart.o(i.UARTCharPut)
    UARTCharsAvail                           0x00001109   Thumb Code    10  uart.o(i.UARTCharsAvail)
    UARTClockSourceSet                       0x00001113   Thumb Code     6  uart.o(i.UARTClockSourceSet)
    UARTConfigSetExpClk                      0x00001119   Thumb Code   110  uart.o(i.UARTConfigSetExpClk)
    UARTStdioConfig                          0x00001189   Thumb Code    82  uartstdio.o(i.UARTStdioConfig)
    UARTprintf                               0x000011e5   Thumb Code    18  uartstdio.o(i.UARTprintf)
    UARTvprintf                              0x000011f9   Thumb Code   420  uartstdio.o(i.UARTvprintf)
    UARTwrite                                0x000013ad   Thumb Code    56  uartstdio.o(i.UARTwrite)
    WriteData_AD9959                         0x000013e9   Thumb Code   214  ad9959.o(i.WriteData_AD9959)
    Write_Amplitude                          0x000014c9   Thumb Code    84  ad9959.o(i.Write_Amplitude)
    Write_frequence                          0x00001521   Thumb Code   116  ad9959.o(i.Write_frequence)
    __0printf$3                              0x000015a1   Thumb Code    22  printf3.o(i.__0printf$3)
    __1printf$3                              0x000015a1   Thumb Code     0  printf3.o(i.__0printf$3)
    __2printf                                0x000015a1   Thumb Code     0  printf3.o(i.__0printf$3)
    __ARM_fpclassify                         0x000015c1   Thumb Code    48  fpclassify.o(i.__ARM_fpclassify)
    __hardfp_atan                            0x000015f1   Thumb Code   622  atan.o(i.__hardfp_atan)
    __hardfp_atan2                           0x000018c9   Thumb Code   432  atan2.o(i.__hardfp_atan2)
    __hardfp_log                             0x00001ab9   Thumb Code   872  log.o(i.__hardfp_log)
    __hardfp_log10                           0x00001e81   Thumb Code   260  log10.o(i.__hardfp_log10)
    __hardfp_pow                             0x00001fb1   Thumb Code  3072  pow.o(i.__hardfp_pow)
    __hardfp_sqrt                            0x00002c01   Thumb Code   122  sqrt.o(i.__hardfp_sqrt)
    __kernel_poly                            0x00002c7b   Thumb Code   248  poly.o(i.__kernel_poly)
    __mathlib_dbl_divzero                    0x00002d79   Thumb Code    28  dunder.o(i.__mathlib_dbl_divzero)
    __mathlib_dbl_infnan                     0x00002da9   Thumb Code    20  dunder.o(i.__mathlib_dbl_infnan)
    __mathlib_dbl_infnan2                    0x00002dbd   Thumb Code    20  dunder.o(i.__mathlib_dbl_infnan2)
    __mathlib_dbl_invalid                    0x00002dd1   Thumb Code    24  dunder.o(i.__mathlib_dbl_invalid)
    __mathlib_dbl_overflow                   0x00002df1   Thumb Code    24  dunder.o(i.__mathlib_dbl_overflow)
    __mathlib_dbl_underflow                  0x00002e11   Thumb Code    24  dunder.o(i.__mathlib_dbl_underflow)
    __scatterload_copy                       0x00002e31   Thumb Code    14  handlers.o(i.__scatterload_copy)
    __scatterload_null                       0x00002e3f   Thumb Code     2  handlers.o(i.__scatterload_null)
    __scatterload_zeroinit                   0x00002e41   Thumb Code    14  handlers.o(i.__scatterload_zeroinit)
    __set_errno                              0x00002e51   Thumb Code     6  errno.o(i.__set_errno)
    atan                                     0x00003015   Thumb Code    16  atan.o(i.atan)
    delay1                                   0x00003025   Thumb Code    12  ad9959.o(i.delay1)
    fabs                                     0x00003031   Thumb Code    24  fabs.o(i.fabs)
    fputc                                    0x00003049   Thumb Code    16  blinky.o(i.fputc)
    log                                      0x0000305d   Thumb Code    16  log.o(i.log)
    main                                     0x0000306d   Thumb Code  2162  blinky.o(i.main)
    sqrt                                     0x0000397d   Thumb Code   110  sqrt.o(i.sqrt)
    __mathlib_zero                           0x00003db8   Data           8  qnan.o(.constdata)
    Region$$Table$$Base                      0x00003dd4   Number         0  anon$$obj.o(Region$$Table)
    Region$$Table$$Limit                     0x00003df4   Number         0  anon$$obj.o(Region$$Table)
    Array_Count                              0x20000000   Data           1  blinky.o(.data)
    CSR_DATA0                                0x2000000c   Data           1  ad9959.o(.data)
    CSR_DATA1                                0x2000000d   Data           1  ad9959.o(.data)
    CSR_DATA2                                0x2000000e   Data           1  ad9959.o(.data)
    CSR_DATA3                                0x2000000f   Data           1  ad9959.o(.data)
    CPOW0_DATA                               0x20000010   Data           2  ad9959.o(.data)
    FR1_DATA                                 0x20000012   Data           3  ad9959.o(.data)
    __stdout                                 0x20000018   Data           4  stdout.o(.data)
    UART_Buffer                              0x20000020   Data          90  blinky.o(.bss)
    UART3_Buffer                             0x2000007a   Data         100  blinky.o(.bss)
    Voltage                                  0x200000e0   Data        4000  blinky.o(.bss)
    __initial_sp                             0x20001280   Data           0  startup_rvmdk.o(STACK)



==============================================================================

Memory Map of the image

  Image Entry point : 0x0000026d

  Load Region LR_IROM (Base: 0x00000000, Size: 0x00003e14, Max: 0x00040000, ABSOLUTE)

    Execution Region ER_IROM (Exec base: 0x00000000, Load base: 0x00000000, Size: 0x00003df4, Max: 0x00040000, ABSOLUTE)

    Exec Addr    Load Addr    Size         Type   Attr      Idx    E Section Name        Object

    0x00000000   0x00000000   0x00000288   Code   RO          104  * RESET               startup_rvmdk.o
    0x00000288   0x00000288   0x00000000   Code   RO         1487  * .ARM.Collect$$$$00000000  mc_w.l(entry.o)
    0x00000288   0x00000288   0x00000004   Code   RO         1820    .ARM.Collect$$$$00000001  mc_w.l(entry2.o)
    0x0000028c   0x0000028c   0x00000004   Code   RO         1823    .ARM.Collect$$$$00000004  mc_w.l(entry5.o)
    0x00000290   0x00000290   0x00000000   Code   RO         1825    .ARM.Collect$$$$00000008  mc_w.l(entry7b.o)
    0x00000290   0x00000290   0x00000000   Code   RO         1827    .ARM.Collect$$$$0000000A  mc_w.l(entry8b.o)
    0x00000290   0x00000290   0x00000008   Code   RO         1828    .ARM.Collect$$$$0000000B  mc_w.l(entry9a.o)
    0x00000298   0x00000298   0x00000000   Code   RO         1830    .ARM.Collect$$$$0000000D  mc_w.l(entry10a.o)
    0x00000298   0x00000298   0x00000000   Code   RO         1832    .ARM.Collect$$$$0000000F  mc_w.l(entry11a.o)
    0x00000298   0x00000298   0x00000004   Code   RO         1821    .ARM.Collect$$$$00002712  mc_w.l(entry2.o)
    0x0000029c   0x0000029c   0x00000006   Code   RO          671    .emb_text           driverlib.lib(sysctl.o)
    0x000002a2   0x000002a2   0x00000062   Code   RO         1490    .text               mc_w.l(ldiv.o)
    0x00000304   0x00000304   0x0000014e   Code   RO         1753    .text               mf_w.l(dadd.o)
    0x00000452   0x00000452   0x000000e4   Code   RO         1755    .text               mf_w.l(dmul.o)
    0x00000536   0x00000536   0x000000de   Code   RO         1757    .text               mf_w.l(ddiv.o)
    0x00000614   0x00000614   0x00000022   Code   RO         1759    .text               mf_w.l(dflti.o)
    0x00000636   0x00000636   0x0000001a   Code   RO         1761    .text               mf_w.l(dfltui.o)
    0x00000650   0x00000650   0x0000003e   Code   RO         1763    .text               mf_w.l(dfixi.o)
    0x0000068e   0x0000068e   0x00000032   Code   RO         1765    .text               mf_w.l(dfixui.o)
    0x000006c0   0x000006c0   0x0000002c   Code   RO         1835    .text               mc_w.l(uidiv.o)
    0x000006ec   0x000006ec   0x00000062   Code   RO         1837    .text               mc_w.l(uldiv.o)
    0x0000074e   0x0000074e   0x0000001e   Code   RO         1839    .text               mc_w.l(llshl.o)
    0x0000076c   0x0000076c   0x00000020   Code   RO         1841    .text               mc_w.l(llushr.o)
    0x0000078c   0x0000078c   0x00000024   Code   RO         1843    .text               mc_w.l(llsshr.o)
    0x000007b0   0x000007b0   0x00000000   Code   RO         1852    .text               mc_w.l(iusefp.o)
    0x000007b0   0x000007b0   0x000000ba   Code   RO         1853    .text               mf_w.l(depilogue.o)
    0x0000086a   0x0000086a   0x0000002e   Code   RO         1857    .text               mf_w.l(dscalb.o)
    0x00000898   0x00000898   0x000000a2   Code   RO         1859    .text               mf_w.l(dsqrt.o)
    0x0000093a   0x0000093a   0x00000002   PAD
    0x0000093c   0x0000093c   0x00000030   Code   RO         1863    .text               mf_w.l(cdcmple.o)
    0x0000096c   0x0000096c   0x00000030   Code   RO         1865    .text               mf_w.l(cdrcmple.o)
    0x0000099c   0x0000099c   0x00000024   Code   RO         1867    .text               mc_w.l(init.o)
    0x000009c0   0x000009c0   0x000000f0   Code   RO            1    i.ConfigureUART     blinky.o
    0x00000ab0   0x00000ab0   0x00000010   Code   RO          292    i.FPUEnable         driverlib.lib(fpu.o)
    0x00000ac0   0x00000ac0   0x00000010   Code   RO          295    i.FPULazyStackingEnable  driverlib.lib(fpu.o)
    0x00000ad0   0x00000ad0   0x00000028   Code   RO          368    i.GPIODirModeSet    driverlib.lib(gpio.o)
    0x00000af8   0x00000af8   0x00000138   Code   RO          378    i.GPIOPadConfigSet  driverlib.lib(gpio.o)
    0x00000c30   0x00000c30   0x0000001c   Code   RO          390    i.GPIOPinTypeGPIOOutput  driverlib.lib(gpio.o)
    0x00000c4c   0x00000c4c   0x00000006   Code   RO          408    i.GPIOPinWrite      driverlib.lib(gpio.o)
    0x00000c52   0x00000c52   0x00000002   PAD
    0x00000c54   0x00000c54   0x00000038   Code   RO          220    i.IO_Update         ad9959.o
    0x00000c8c   0x00000c8c   0x000000fc   Code   RO          221    i.Init_AD9959       ad9959.o
    0x00000d88   0x00000d88   0x00000038   Code   RO          222    i.IntReset          ad9959.o
    0x00000dc0   0x00000dc0   0x00000094   Code   RO          223    i.Intserve          ad9959.o
    0x00000e54   0x00000e54   0x00000154   Code   RO          674    i.SysCtlClockGet    driverlib.lib(sysctl.o)
    0x00000fa8   0x00000fa8   0x00000120   Code   RO          676    i.SysCtlClockSet    driverlib.lib(sysctl.o)
    0x000010c8   0x000010c8   0x00000028   Code   RO          705    i.SysCtlPeripheralEnable  driverlib.lib(sysctl.o)
    0x000010f0   0x000010f0   0x0000000c   Code   RO         1028    i.UARTCharGet       driverlib.lib(uart.o)
    0x000010fc   0x000010fc   0x0000000c   Code   RO         1030    i.UARTCharPut       driverlib.lib(uart.o)
    0x00001108   0x00001108   0x0000000a   Code   RO         1032    i.UARTCharsAvail    driverlib.lib(uart.o)
    0x00001112   0x00001112   0x00000006   Code   RO         1034    i.UARTClockSourceSet  driverlib.lib(uart.o)
    0x00001118   0x00001118   0x0000006e   Code   RO         1036    i.UARTConfigSetExpClk  driverlib.lib(uart.o)
    0x00001186   0x00001186   0x00000002   PAD
    0x00001188   0x00001188   0x0000005c   Code   RO          109    i.UARTStdioConfig   uartstdio.o
    0x000011e4   0x000011e4   0x00000012   Code   RO          112    i.UARTprintf        uartstdio.o
    0x000011f6   0x000011f6   0x00000002   PAD
    0x000011f8   0x000011f8   0x000001b4   Code   RO          113    i.UARTvprintf       uartstdio.o
    0x000013ac   0x000013ac   0x0000003c   Code   RO          114    i.UARTwrite         uartstdio.o
    0x000013e8   0x000013e8   0x000000e0   Code   RO          224    i.WriteData_AD9959  ad9959.o
    0x000014c8   0x000014c8   0x00000058   Code   RO          225    i.Write_Amplitude   ad9959.o
    0x00001520   0x00001520   0x00000080   Code   RO          227    i.Write_frequence   ad9959.o
    0x000015a0   0x000015a0   0x00000020   Code   RO         1581    i.__0printf$3       mc_w.l(printf3.o)
    0x000015c0   0x000015c0   0x00000030   Code   RO         1801    i.__ARM_fpclassify  m_wm.l(fpclassify.o)
    0x000015f0   0x000015f0   0x000002d8   Code   RO         1767    i.__hardfp_atan     m_wm.l(atan.o)
    0x000018c8   0x000018c8   0x000001f0   Code   RO         1437    i.__hardfp_atan2    m_wm.l(atan2.o)
    0x00001ab8   0x00001ab8   0x000003c4   Code   RO         1803    i.__hardfp_log      m_wm.l(log.o)
    0x00001e7c   0x00001e7c   0x00000004   PAD
    0x00001e80   0x00001e80   0x00000130   Code   RO         1449    i.__hardfp_log10    m_wm.l(log10.o)
    0x00001fb0   0x00001fb0   0x00000c50   Code   RO         1461    i.__hardfp_pow      m_wm.l(pow.o)
    0x00002c00   0x00002c00   0x0000007a   Code   RO         1475    i.__hardfp_sqrt     m_wm.l(sqrt.o)
    0x00002c7a   0x00002c7a   0x000000f8   Code   RO         1817    i.__kernel_poly     m_wm.l(poly.o)
    0x00002d72   0x00002d72   0x00000006   PAD
    0x00002d78   0x00002d78   0x00000030   Code   RO         1781    i.__mathlib_dbl_divzero  m_wm.l(dunder.o)
    0x00002da8   0x00002da8   0x00000014   Code   RO         1782    i.__mathlib_dbl_infnan  m_wm.l(dunder.o)
    0x00002dbc   0x00002dbc   0x00000014   Code   RO         1783    i.__mathlib_dbl_infnan2  m_wm.l(dunder.o)
    0x00002dd0   0x00002dd0   0x00000020   Code   RO         1784    i.__mathlib_dbl_invalid  m_wm.l(dunder.o)
    0x00002df0   0x00002df0   0x00000020   Code   RO         1785    i.__mathlib_dbl_overflow  m_wm.l(dunder.o)
    0x00002e10   0x00002e10   0x00000020   Code   RO         1787    i.__mathlib_dbl_underflow  m_wm.l(dunder.o)
    0x00002e30   0x00002e30   0x0000000e   Code   RO         1871    i.__scatterload_copy  mc_w.l(handlers.o)
    0x00002e3e   0x00002e3e   0x00000002   Code   RO         1872    i.__scatterload_null  mc_w.l(handlers.o)
    0x00002e40   0x00002e40   0x0000000e   Code   RO         1873    i.__scatterload_zeroinit  mc_w.l(handlers.o)
    0x00002e4e   0x00002e4e   0x00000002   PAD
    0x00002e50   0x00002e50   0x0000000c   Code   RO         1847    i.__set_errno       mc_w.l(errno.o)
    0x00002e5c   0x00002e5c   0x000001b8   Code   RO         1588    i._printf_core      mc_w.l(printf3.o)
    0x00003014   0x00003014   0x00000010   Code   RO         1769    i.atan              m_wm.l(atan.o)
    0x00003024   0x00003024   0x0000000c   Code   RO          228    i.delay1            ad9959.o
    0x00003030   0x00003030   0x00000018   Code   RO         1797    i.fabs              m_wm.l(fabs.o)
    0x00003048   0x00003048   0x00000014   Code   RO            2    i.fputc             blinky.o
    0x0000305c   0x0000305c   0x00000010   Code   RO         1805    i.log               m_wm.l(log.o)
    0x0000306c   0x0000306c   0x00000910   Code   RO            3    i.main              blinky.o
    0x0000397c   0x0000397c   0x0000006e   Code   RO         1477    i.sqrt              m_wm.l(sqrt.o)
    0x000039ea   0x000039ea   0x00000002   PAD
    0x000039ec   0x000039ec   0x0000001c   Data   RO          115    .constdata          uartstdio.o
    0x00003a08   0x00003a08   0x00000254   Data   RO          727    .constdata          driverlib.lib(sysctl.o)
    0x00003c5c   0x00003c5c   0x00000004   PAD
    0x00003c60   0x00003c60   0x00000088   Data   RO         1464    .constdata          m_wm.l(pow.o)
    0x00003ce8   0x00003ce8   0x00000098   Data   RO         1770    .constdata          m_wm.l(atan.o)
    0x00003d80   0x00003d80   0x00000038   Data   RO         1806    .constdata          m_wm.l(log.o)
    0x00003db8   0x00003db8   0x00000008   Data   RO         1819    .constdata          m_wm.l(qnan.o)
    0x00003dc0   0x00003dc0   0x00000011   Data   RO          116    .conststring        uartstdio.o
    0x00003dd1   0x00003dd1   0x00000003   PAD
    0x00003dd4   0x00003dd4   0x00000020   Data   RO         1869    Region$$Table       anon$$obj.o


    Execution Region RW_IRAM (Exec base: 0x20000000, Load base: 0x00003df4, Size: 0x00001280, Max: 0x00008000, ABSOLUTE)

    Exec Addr    Load Addr    Size         Type   Attr      Idx    E Section Name        Object

    0x20000000   0x00003df4   0x00000001   Data   RW            6    .data               blinky.o
    0x20000001   0x00003df5   0x00000003   PAD
    0x20000004   0x00003df8   0x00000008   Data   RW          117    .data               uartstdio.o
    0x2000000c   0x00003e00   0x00000009   Data   RW          229    .data               ad9959.o
    0x20000015   0x00003e09   0x00000003   PAD
    0x20000018   0x00003e0c   0x00000004   Data   RW         1834    .data               mc_w.l(stdout.o)
    0x2000001c   0x00003e10   0x00000004   Data   RW         1848    .data               mc_w.l(errno.o)
    0x20000020        -       0x00001060   Zero   RW            4    .bss                blinky.o
    0x20001080        -       0x00000200   Zero   RW          102    STACK               startup_rvmdk.o


==============================================================================

Image component sizes


      Code (inc. data)   RO Data    RW Data    ZI Data      Debug   Object Name

       964         74          0          9          0       6372   ad9959.o
      2580        416          0          1       4192      11216   blinky.o
       648        622          0          0        512        276   startup_rvmdk.o
       606         30         45          8          0       5120   uartstdio.o

    ----------------------------------------------------------------------
      4800       1142         80         24       4704      22984   Object Totals
         0          0         32          0          0          0   (incl. Generated)
         2          0          3          6          0          0   (incl. Padding)

    ----------------------------------------------------------------------

      Code (inc. data)   RO Data    RW Data    ZI Data      Debug   Library Member Name

        32          8          0          0          0       3956   fpu.o
       386          0          0          0          0       3259   gpio.o
       674         58        596          0          0       4395   sysctl.o
       150          0          0          0          0       3565   uart.o
       744        106        152          0          0        352   atan.o
       496         64          0          0          0        192   atan2.o
       184         44          0          0          0        744   dunder.o
        24          0          0          0          0        124   fabs.o
        48          0          0          0          0        124   fpclassify.o
       980         92         56          0          0        440   log.o
       304         44          0          0          0        200   log10.o
       248          0          0          0          0        152   poly.o
      3152        296        136          0          0        352   pow.o
         0          0          8          0          0          0   qnan.o
       232          0          0          0          0        296   sqrt.o
         0          0          0          0          0          0   entry.o
         0          0          0          0          0          0   entry10a.o
         0          0          0          0          0          0   entry11a.o
         8          4          0          0          0          0   entry2.o
         4          0          0          0          0          0   entry5.o
         0          0          0          0          0          0   entry7b.o
         0          0          0          0          0          0   entry8b.o
         8          4          0          0          0          0   entry9a.o
        12          6          0          4          0         68   errno.o
        30          0          0          0          0          0   handlers.o
        36          8          0          0          0         68   init.o
         0          0          0          0          0          0   iusefp.o
        98          0          0          0          0         84   ldiv.o
        30          0          0          0          0         68   llshl.o
        36          0          0          0          0         68   llsshr.o
        32          0          0          0          0         68   llushr.o
       472         14          0          0          0        184   printf3.o
         0          0          0          4          0          0   stdout.o
        44          0          0          0          0         80   uidiv.o
        98          0          0          0          0         92   uldiv.o
        48          0          0          0          0         68   cdcmple.o
        48          0          0          0          0         68   cdrcmple.o
       334          0          0          0          0        148   dadd.o
       222          0          0          0          0        100   ddiv.o
       186          0          0          0          0        176   depilogue.o
        62          0          0          0          0         80   dfixi.o
        50          0          0          0          0         76   dfixui.o
        34          0          0          0          0         76   dflti.o
        26          0          0          0          0         76   dfltui.o
       228          0          0          0          0         96   dmul.o
        46          0          0          0          0         80   dscalb.o
       162          0          0          0          0        100   dsqrt.o

    ----------------------------------------------------------------------
     10028        752        952          8          0      20075   Library Totals
        20          4          4          0          0          0   (incl. Padding)

    ----------------------------------------------------------------------

      Code (inc. data)   RO Data    RW Data    ZI Data      Debug   Library Name

      1242         66        596          0          0      15175   driverlib.lib
      6412        646        352          0          0       2976   m_wm.l
       908         36          0          8          0        780   mc_w.l
      1446          0          0          0          0       1144   mf_w.l

    ----------------------------------------------------------------------
     10028        752        952          8          0      20075   Library Totals

    ----------------------------------------------------------------------

==============================================================================


      Code (inc. data)   RO Data    RW Data    ZI Data      Debug   

     14828       1894       1032         32       4704      38075   Grand Totals
     14828       1894       1032         32       4704      38075   ELF Image Totals
     14828       1894       1032         32          0          0   ROM Totals

==============================================================================

    Total RO  Size (Code + RO Data)                15860 (  15.49kB)
    Total RW  Size (RW Data + ZI Data)              4736 (   4.63kB)
    Total ROM Size (Code + RO Data + RW Data)      15892 (  15.52kB)

==============================================================================

