Component: ARM Compiler 5.06 update 5 (build 528) Tool: armlink [4d35e2]

==============================================================================

Section Cross References

    blinky.o(i.ConfigureUART) refers to uart.o(i.UARTClockSourceSet) for UARTClockSourceSet
    blinky.o(i.ConfigureUART) refers to uartstdio.o(i.UARTStdioConfig) for UARTStdioConfig
    blinky.o(i.ConfigureUART) refers to sysctl.o(i.SysCtlClockGet) for SysCtlClockGet
    blinky.o(i.ConfigureUART) refers to uart.o(i.UARTConfigSetExpClk) for UARTConfigSetExpClk
    blinky.o(i.fputc) refers to uart.o(i.UARTCharPut) for UARTCharPut
    blinky.o(i.main) refers to sysctl.o(i.SysCtlClockSet) for SysCtlClockSet
    blinky.o(i.main) refers to blinky.o(i.ConfigureUART) for ConfigureUART
    blinky.o(i.main) refers to ads1115.o(i.ADS1115_IO_Init) for ADS1115_IO_Init
    blinky.o(i.main) refers to ad9959.o(i.Init_AD9959) for Init_AD9959
    blinky.o(i.main) refers to sysctl.o(i.SysCtlPeripheralEnable) for SysCtlPeripheralEnable
    blinky.o(i.main) refers to gpio.o(i.GPIOPinTypeGPIOOutput) for GPIOPinTypeGPIOOutput
    blinky.o(i.main) refers to gpio.o(i.GPIOPadConfigSet) for GPIOPadConfigSet
    blinky.o(i.main) refers to gpio.o(i.GPIOPinWrite) for GPIOPinWrite
    blinky.o(i.main) refers to ads1115.o(i.ADS1115_Getdata) for ADS1115_Getdata
    blinky.o(i.main) refers to dfltui.o(.text) for __aeabi_ui2d
    blinky.o(i.main) refers to dmul.o(.text) for __aeabi_dmul
    blinky.o(i.main) refers to dadd.o(.text) for __aeabi_dsub
    blinky.o(i.main) refers to ddiv.o(.text) for __aeabi_ddiv
    blinky.o(i.main) refers to pow.o(i.__hardfp_pow) for __hardfp_pow
    blinky.o(i.main) refers to sqrt.o(i.__hardfp_sqrt) for __hardfp_sqrt
    blinky.o(i.main) refers to log10.o(i.__hardfp_log10) for __hardfp_log10
    blinky.o(i.main) refers to printfa.o(i.__0printf) for __2printf
    blinky.o(i.main) refers to uart.o(i.UARTCharsAvail) for UARTCharsAvail
    blinky.o(i.main) refers to uart.o(i.UARTCharGet) for UARTCharGet
    blinky.o(i.main) refers to dflti.o(.text) for __aeabi_i2d
    blinky.o(i.main) refers to dfixui.o(.text) for __aeabi_d2uiz
    blinky.o(i.main) refers to ad9959.o(i.Write_Quadrature) for Write_Quadrature
    blinky.o(i.main) refers to blinky.o(.bss) for .bss
    blinky.o(i.main) refers to blinky.o(.data) for .data
    startup_rvmdk.o(RESET) refers to startup_rvmdk.o(STACK) for StackMem
    startup_rvmdk.o(RESET) refers to entry.o(.ARM.Collect$$$$00000000) for __main
    uartstdio.o(i.UARTStdioConfig) refers to uartstdio.o(.constdata) for .constdata
    uartstdio.o(i.UARTStdioConfig) refers to uartstdio.o(.data) for .data
    uartstdio.o(i.UARTgetc) refers to uartstdio.o(.data) for .data
    uartstdio.o(i.UARTgets) refers to uartstdio.o(i.UARTwrite) for UARTwrite
    uartstdio.o(i.UARTgets) refers to uartstdio.o(.data) for .data
    uartstdio.o(i.UARTprintf) refers to uartstdio.o(i.UARTvprintf) for UARTvprintf
    uartstdio.o(i.UARTvprintf) refers to uartstdio.o(i.UARTwrite) for UARTwrite
    uartstdio.o(i.UARTvprintf) refers to uartstdio.o(.constdata) for .constdata
    uartstdio.o(i.UARTwrite) refers to uartstdio.o(.data) for .data
    uartstdio.o(.constdata) refers to uartstdio.o(.conststring) for .conststring
    buttons.o(i.ButtonsInit) refers to buttons.o(.data) for .data
    buttons.o(i.ButtonsPoll) refers to buttons.o(.data) for .data
    ad9959.o(i.IO_Update) refers to gpio.o(i.GPIOPinWrite) for GPIOPinWrite
    ad9959.o(i.IO_Update) refers to ad9959.o(i.delay1) for delay1
    ad9959.o(i.Init_AD9959) refers to sysctl.o(i.SysCtlPeripheralEnable) for SysCtlPeripheralEnable
    ad9959.o(i.Init_AD9959) refers to gpio.o(i.GPIODirModeSet) for GPIODirModeSet
    ad9959.o(i.Init_AD9959) refers to gpio.o(i.GPIOPadConfigSet) for GPIOPadConfigSet
    ad9959.o(i.Init_AD9959) refers to ad9959.o(i.Intserve) for Intserve
    ad9959.o(i.Init_AD9959) refers to ad9959.o(i.IntReset) for IntReset
    ad9959.o(i.Init_AD9959) refers to ad9959.o(i.WriteData_AD9959) for WriteData_AD9959
    ad9959.o(i.Init_AD9959) refers to ad9959.o(i.Write_Quadrature) for Write_Quadrature
    ad9959.o(i.Init_AD9959) refers to ad9959.o(.data) for .data
    ad9959.o(i.IntReset) refers to gpio.o(i.GPIOPinWrite) for GPIOPinWrite
    ad9959.o(i.IntReset) refers to ad9959.o(i.delay1) for delay1
    ad9959.o(i.Intserve) refers to gpio.o(i.GPIOPinWrite) for GPIOPinWrite
    ad9959.o(i.WriteData_AD9959) refers to gpio.o(i.GPIOPinWrite) for GPIOPinWrite
    ad9959.o(i.WriteData_AD9959) refers to ad9959.o(i.delay1) for delay1
    ad9959.o(i.WriteData_AD9959) refers to ad9959.o(i.IO_Update) for IO_Update
    ad9959.o(i.Write_Amplitude) refers to ad9959.o(i.WriteData_AD9959) for WriteData_AD9959
    ad9959.o(i.Write_Amplitude) refers to ad9959.o(.data) for .data
    ad9959.o(i.Write_Phase) refers to ad9959.o(i.WriteData_AD9959) for WriteData_AD9959
    ad9959.o(i.Write_Phase) refers to ad9959.o(.data) for .data
[...]
    pow_x.o(i.____hardfp_pow$lsc) refers to dadd.o(.text) for __aeabi_dsub
    pow_x.o(i.____hardfp_pow$lsc) refers to qnan.o(.constdata) for __mathlib_zero
    pow_x.o(i.____hardfp_pow$lsc) refers to poly.o(i.__kernel_poly) for __kernel_poly
    pow_x.o(i.____hardfp_pow$lsc) refers to pow_x.o(.constdata) for .constdata
    pow_x.o(i.____hardfp_pow$lsc) refers to cdrcmple.o(.text) for __aeabi_cdrcmple
    pow_x.o(i.____hardfp_pow$lsc) refers to dscalb.o(.text) for __ARM_scalbn
    pow_x.o(i.____softfp_pow$lsc) refers (Special) to iusefp.o(.text) for __I$use$fp
    pow_x.o(i.____softfp_pow$lsc) refers to pow_x.o(i.____hardfp_pow$lsc) for ____hardfp_pow$lsc
    pow_x.o(i.__pow$lsc) refers (Special) to iusefp.o(.text) for __I$use$fp
    pow_x.o(i.__pow$lsc) refers to pow_x.o(i.____hardfp_pow$lsc) for ____hardfp_pow$lsc
    pow_x.o(.constdata) refers (Special) to iusefp.o(.text) for __I$use$fp
    sqrt.o(i.__hardfp_sqrt) refers (Special) to iusefp.o(.text) for __I$use$fp
    sqrt.o(i.__hardfp_sqrt) refers to dsqrt.o(.text) for _dsqrt
    sqrt.o(i.__hardfp_sqrt) refers to errno.o(i.__set_errno) for __set_errno
    sqrt.o(i.__softfp_sqrt) refers (Special) to iusefp.o(.text) for __I$use$fp
    sqrt.o(i.__softfp_sqrt) refers to dsqrt.o(.text) for _dsqrt
    sqrt.o(i.__softfp_sqrt) refers to errno.o(i.__set_errno) for __set_errno
    sqrt.o(i.sqrt) refers (Special) to iusefp.o(.text) for __I$use$fp
    sqrt.o(i.sqrt) refers to dsqrt.o(.text) for _dsqrt
    sqrt.o(i.sqrt) refers to errno.o(i.__set_errno) for __set_errno
    sqrt_x.o(i.____hardfp_sqrt$lsc) refers (Special) to iusefp.o(.text) for __I$use$fp
    sqrt_x.o(i.____hardfp_sqrt$lsc) refers to cdcmple.o(.text) for __aeabi_cdcmple
    sqrt_x.o(i.____hardfp_sqrt$lsc) refers to errno.o(i.__set_errno) for __set_errno
    sqrt_x.o(i.____hardfp_sqrt$lsc) refers to dsqrt.o(.text) for _dsqrt
    sqrt_x.o(i.____softfp_sqrt$lsc) refers (Special) to iusefp.o(.text) for __I$use$fp
    sqrt_x.o(i.____softfp_sqrt$lsc) refers to cdcmple.o(.text) for __aeabi_cdcmple
    sqrt_x.o(i.____softfp_sqrt$lsc) refers to errno.o(i.__set_errno) for __set_errno
    sqrt_x.o(i.____softfp_sqrt$lsc) refers to dsqrt.o(.text) for _dsqrt
    sqrt_x.o(i.__sqrt$lsc) refers (Special) to iusefp.o(.text) for __I$use$fp
    sqrt_x.o(i.__sqrt$lsc) refers to cdcmple.o(.text) for __aeabi_cdcmple
    sqrt_x.o(i.__sqrt$lsc) refers to errno.o(i.__set_errno) for __set_errno
    sqrt_x.o(i.__sqrt$lsc) refers to dsqrt.o(.text) for _dsqrt
    entry.o(.ARM.Collect$$$$00000000) refers (Special) to entry10a.o(.ARM.Collect$$$$0000000D) for __rt_final_cpp
    entry.o(.ARM.Collect$$$$00000000) refers (Special) to entry11a.o(.ARM.Collect$$$$0000000F) for __rt_final_exit
    entry.o(.ARM.Collect$$$$00000000) refers (Special) to entry7b.o(.ARM.Collect$$$$00000008) for _main_clock
    entry.o(.ARM.Collect$$$$00000000) refers (Special) to entry8b.o(.ARM.Collect$$$$0000000A) for _main_cpp_init
    entry.o(.ARM.Collect$$$$00000000) refers (Special) to entry9a.o(.ARM.Collect$$$$0000000B) for _main_init
    entry.o(.ARM.Collect$$$$00000000) refers (Special) to entry5.o(.ARM.Collect$$$$00000004) for _main_scatterload
    entry.o(.ARM.Collect$$$$00000000) refers (Special) to entry2.o(.ARM.Collect$$$$00000001) for _main_stk
    printfb.o(i.__0fprintf$bare) refers to printfb.o(i._printf_core) for _printf_core
    printfb.o(i.__0fprintf$bare) refers to blinky.o(i.fputc) for fputc
    printfb.o(i.__0printf$bare) refers to printfb.o(i._printf_core) for _printf_core
    printfb.o(i.__0printf$bare) refers to blinky.o(i.fputc) for fputc
    printfb.o(i.__0printf$bare) refers to stdout.o(.data) for __stdout
    printfb.o(i.__0snprintf$bare) refers to printfb.o(i._printf_core) for _printf_core
    printfb.o(i.__0snprintf$bare) refers to printfb.o(i._snputc) for _snputc
    printfb.o(i.__0sprintf$bare) refers to printfb.o(i._printf_core) for _printf_core
    printfb.o(i.__0sprintf$bare) refers to printfb.o(i._sputc) for _sputc
    printfb.o(i.__0vfprintf$bare) refers to printfb.o(i._printf_core) for _printf_core
    printfb.o(i.__0vfprintf$bare) refers to blinky.o(i.fputc) for fputc
    printfb.o(i.__0vprintf$bare) refers to printfb.o(i._printf_core) for _printf_core
    printfb.o(i.__0vprintf$bare) refers to blinky.o(i.fputc) for fputc
    printfb.o(i.__0vprintf$bare) refers to stdout.o(.data) for __stdout
    printfb.o(i.__0vsnprintf$bare) refers to printfb.o(i._printf_core) for _printf_core
    printfb.o(i.__0vsnprintf$bare) refers to printfb.o(i._snputc) for _snputc
    printfb.o(i.__0vsprintf$bare) refers to printfb.o(i._printf_core) for _printf_core
    printfb.o(i.__0vsprintf$bare) refers to printfb.o(i._sputc) for _sputc
    printf0.o(i.__0fprintf$0) refers to printf0.o(i._printf_core) for _printf_core
    printf0.o(i.__0fprintf$0) refers to blinky.o(i.fputc) for fputc
    printf0.o(i.__0printf$0) refers to printf0.o(i._printf_core) for _printf_core
    printf0.o(i.__0printf$0) refers to blinky.o(i.fputc) for fputc
    printf0.o(i.__0printf$0) refers to stdout.o(.data) for __stdout
    printf0.o(i.__0snprintf$0) refers to printf0.o(i._printf_core) for _printf_core
    printf0.o(i.__0snprintf$0) refers to printf0.o(i._snputc) for _snputc
    printf0.o(i.__0sprintf$0) refers to printf0.o(i._printf_core) for _printf_core
    printf0.o(i.__0sprintf$0) refers to printf0.o(i._sputc) for _sputc
    printf0.o(i.__0vfprintf$0) refers to printf0.o(i._printf_core) for _printf_core
    printf0.o(i.__0vfprintf$0) refers to blinky.o(i.fputc) for fputc
    printf0.o(i.__0vprintf$0) refers to printf0.o(i._printf_core) for _printf_core
    printf0.o(i.__0vprintf$0) refers to blinky.o(i.fputc) for fputc
    printf0.o(i.__0vprintf$0) refers to stdout.o(.data) for __stdout
    printf0.o(i.__0vsnprintf$0) refers to printf0.o(i._printf_core) for _printf_core
    printf0.o(i.__0vsnprintf$0) refers to printf0.o(i._snputc) for _snputc
    printf0.o(i.__0vsprintf$0) refers to printf0.o(i._printf_core) for _printf_core
    printf0.o(i.__0vsprintf$0) refers to printf0.o(i._sputc) for _sputc
    printf1.o(i.__0fprintf$1) refers to printf1.o(i._printf_core) for _printf_core
    printf1.o(i.__0fprintf$1) refers to blinky.o(i.fputc) for fputc
    printf1.o(i.__0printf$1) refers to printf1.o(i._printf_core) for _printf_core
    printf1.o(i.__0printf$1) refers to blinky.o(i.fputc) for fputc
    printf1.o(i.__0printf$1) refers to stdout.o(.data) for __stdout
    printf1.o(i.__0snprintf$1) refers to printf1.o(i._printf_core) for _printf_core
    printf1.o(i.__0snprintf$1) refers to printf1.o(i._snputc) for _snputc
    printf1.o(i.__0sprintf$1) refers to printf1.o(i._printf_core) for _printf_core
    printf1.o(i.__0sprintf$1) refers to printf1.o(i._sputc) for _sputc
    printf1.o(i.__0vfprintf$1) refers to printf1.o(i._printf_core) for _printf_core
    printf1.o(i.__0vfprintf$1) refers to blinky.o(i.fputc) for fputc
    printf1.o(i.__0vprintf$1) refers to printf1.o(i._printf_core) for _printf_core
    printf1.o(i.__0vprintf$1) refers to blinky.o(i.fputc) for fputc
    printf1.o(i.__0vprintf$1) refers to stdout.o(.data) for __stdout
    printf1.o(i.__0vsnprintf$1) refers to printf1.o(i._printf_core) for _printf_core
    printf1.o(i.__0vsnprintf$1) refers to printf1.o(i._snputc) for _snputc
    printf1.o(i.__0vsprintf$1) refers to printf1.o(i._printf_core) for _printf_core
    printf1.o(i.__0vsprintf$1) refers to printf1.o(i._sputc) for _sputc
    printf1.o(i._printf_core) refers to uidiv.o(.text) for __aeabi_uidivmod
    printf2.o(i.__0fprintf$2) refers to printf2.o(i._printf_core) for _printf_core
    printf2.o(i.__0fprintf$2) refers to blinky.o(i.fputc) for fputc
    printf2.o(i.__0printf$2) refers to printf2.o(i._printf_core) for _printf_core
    printf2.o(i.__0printf$2) refers to blinky.o(i.fputc) for fputc
    printf2.o(i.__0printf$2) refers to stdout.o(.data) for __stdout
    printf2.o(i.__0snprintf$2) refers to printf2.o(i._printf_core) for _printf_core
    printf2.o(i.__0snprintf$2) refers to printf2.o(i._snputc) for _snputc
    printf2.o(i.__0sprintf$2) refers to printf2.o(i._printf_core) for _printf_core
    printf2.o(i.__0sprintf$2) refers to printf2.o(i._sputc) for _sputc
    printf2.o(i.__0vfprintf$2) refers to printf2.o(i._printf_core) for _printf_core
    printf2.o(i.__0vfprintf$2) refers to blinky.o(i.fputc) for fputc
    printf2.o(i.__0vprintf$2) refers to printf2.o(i._printf_core) for _printf_core
    printf2.o(i.__0vprintf$2) refers to blinky.o(i.fputc) for fputc
    printf2.o(i.__0vprintf$2) refers to stdout.o(.data) for __stdout
    printf2.o(i.__0vsnprintf$2) refers to printf2.o(i._printf_core) for _printf_core
    printf2.o(i.__0vsnprintf$2) refers to printf2.o(i._snputc) for _snputc
    printf2.o(i.__0vsprintf$2) refers to printf2.o(i._printf_core) for _printf_core
    printf2.o(i.__0vsprintf$2) refers to printf2.o(i._sputc) for _sputc
    printf3.o(i.__0fprintf$3) refers to printf3.o(i._printf_core) for _printf_core
    printf3.o(i.__0fprintf$3) refers to blinky.o(i.fputc) for fputc
    printf3.o(i.__0printf$3) refers to printf3.o(i._printf_core) for _printf_core
    printf3.o(i.__0printf$3) refers to blinky.o(i.fputc) for fputc
    printf3.o(i.__0printf$3) refers to stdout.o(.data) for __stdout
    printf3.o(i.__0snprintf$3) refers to printf3.o(i._printf_core) for _printf_core
    printf3.o(i.__0snprintf$3) refers to printf3.o(i._snputc) for _snputc
    printf3.o(i.__0sprintf$3) refers to printf3.o(i._printf_core) for _printf_core
    printf3.o(i.__0sprintf$3) refers to printf3.o(i._sputc) for _sputc
    printf3.o(i.__0vfprintf$3) refers to printf3.o(i._printf_core) for _printf_core
    printf3.o(i.__0vfprintf$3) refers to blinky.o(i.fputc) for fputc
    printf3.o(i.__0vprintf$3) refers to printf3.o(i._printf_core) for _printf_core
    printf3.o(i.__0vprintf$3) refers to blinky.o(i.fputc) for fputc
    printf3.o(i.__0vprintf$3) refers to stdout.o(.data) for __stdout
    printf3.o(i.__0vsnprintf$3) refers to printf3.o(i._printf_core) for _printf_core
    printf3.o(i.__0vsnprintf$3) refers to printf3.o(i._snputc) for _snputc
    printf3.o(i.__0vsprintf$3) refers to printf3.o(i._printf_core) for _printf_core
    printf3.o(i.__0vsprintf$3) refers to printf3.o(i._sputc) for _sputc
    printf3.o(i._printf_core) refers to uidiv.o(.text) for __aeabi_uidivmod
    printf4.o(i.__0fprintf$4) refers to printf4.o(i._printf_core) for _printf_core
    printf4.o(i.__0fprintf$4) refers to blinky.o(i.fputc) for fputc
    printf4.o(i.__0printf$4) refers to printf4.o(i._printf_core) for _printf_core
    printf4.o(i.__0printf$4) refers to blinky.o(i.fputc) for fputc
    printf4.o(i.__0printf$4) refers to stdout.o(.data) for __stdout
    printf4.o(i.__0snprintf$4) refers to printf4.o(i._printf_core) for _printf_core
    printf4.o(i.__0snprintf$4) refers to printf4.o(i._snputc) for _snputc
    printf4.o(i.__0sprintf$4) refers to printf4.o(i._printf_core) for _printf_core
    printf4.o(i.__0sprintf$4) refers to printf4.o(i._sputc) for _sputc
    printf4.o(i.__0vfprintf$4) refers to printf4.o(i._printf_core) for _printf_core
    printf4.o(i.__0vfprintf$4) refers to blinky.o(i.fputc) for fputc
    printf4.o(i.__0vprintf$4) refers to printf4.o(i._printf_core) for _printf_core
    printf4.o(i.__0vprintf$4) refers to blinky.o(i.fputc) for fputc
    printf4.o(i.__0vprintf$4) refers to stdout.o(.data) for __stdout
    printf4.o(i.__0vsnprintf$4) refers to printf4.o(i._printf_core) for _printf_core
    printf4.o(i.__0vsnprintf$4) refers to printf4.o(i._snputc) for _snputc
    printf4.o(i.__0vsprintf$4) refers to printf4.o(i._printf_core) for _printf_core
    printf4.o(i.__0vsprintf$4) refers to printf4.o(i._sputc) for _sputc
    printf4.o(i._printf_core) refers to uldiv.o(.text) for __aeabi_uldivmod
    printf5.o(i.__0fprintf$5) refers to printf5.o(i._printf_core) for _printf_core
    printf5.o(i.__0fprintf$5) refers to blinky.o(i.fputc) for fputc
    printf5.o(i.__0printf$5) refers to printf5.o(i._printf_core) for _printf_core
    printf5.o(i.__0printf$5) refers to blinky.o(i.fputc) for fputc
    printf5.o(i.__0printf$5) refers to stdout.o(.data) for __stdout
    printf5.o(i.__0snprintf$5) refers to printf5.o(i._printf_core) for _printf_core
    printf5.o(i.__0snprintf$5) refers to printf5.o(i._snputc) for _snputc
    printf5.o(i.__0sprintf$5) refers to printf5.o(i._printf_core) for _printf_core
    printf5.o(i.__0sprintf$5) refers to printf5.o(i._sputc) for _sputc
    printf5.o(i.__0vfprintf$5) refers to printf5.o(i._printf_core) for _printf_core
    printf5.o(i.__0vfprintf$5) refers to blinky.o(i.fputc) for fputc
    printf5.o(i.__0vprintf$5) refers to printf5.o(i._printf_core) for _printf_core
    printf5.o(i.__0vprintf$5) refers to blinky.o(i.fputc) for fputc
    printf5.o(i.__0vprintf$5) refers to stdout.o(.data) for __stdout
    printf5.o(i.__0vsnprintf$5) refers to printf5.o(i._printf_core) for _printf_core
    printf5.o(i.__0vsnprintf$5) refers to printf5.o(i._snputc) for _snputc
    printf5.o(i.__0vsprintf$5) refers to printf5.o(i._printf_core) for _printf_core
    printf5.o(i.__0vsprintf$5) refers to printf5.o(i._sputc) for _sputc
    printf5.o(i._printf_core) refers to uldiv.o(.text) for __aeabi_uldivmod
    printf6.o(i.__0fprintf$6) refers to printf6.o(i._printf_core) for _printf_core
    printf6.o(i.__0fprintf$6) refers to blinky.o(i.fputc) for fputc
    printf6.o(i.__0printf$6) refers to printf6.o(i._printf_core) for _printf_core
    printf6.o(i.__0printf$6) refers to blinky.o(i.fputc) for fputc
    printf6.o(i.__0printf$6) refers to stdout.o(.data) for __stdout
    printf6.o(i.__0snprintf$6) refers to printf6.o(i._printf_core) for _printf_core
    printf6.o(i.__0snprintf$6) refers to printf6.o(i._snputc) for _snputc
    printf6.o(i.__0sprintf$6) refers to printf6.o(i._printf_core) for _printf_core
    printf6.o(i.__0sprintf$6) refers to printf6.o(i._sputc) for _sputc
    printf6.o(i.__0vfprintf$6) refers to printf6.o(i._printf_core) for _printf_core
    printf6.o(i.__0vfprintf$6) refers to blinky.o(i.fputc) for fputc
    printf6.o(i.__0vprintf$6) refers to printf6.o(i._printf_core) for _printf_core
    printf6.o(i.__0vprintf$6) refers to blinky.o(i.fputc) for fputc
    printf6.o(i.__0vprintf$6) refers to stdout.o(.data) for __stdout
    printf6.o(i.__0vsnprintf$6) refers to printf6.o(i._printf_core) for _printf_core
    printf6.o(i.__0vsnprintf$6) refers to printf6.o(i._snputc) for _snputc
    printf6.o(i.__0vsprintf$6) refers to printf6.o(i._printf_core) for _printf_core
    printf6.o(i.__0vsprintf$6) refers to printf6.o(i._sputc) for _sputc
    printf6.o(i._printf_core) refers to printf6.o(i._printf_pre_padding) for _printf_pre_padding
    printf6.o(i._printf_core) refers to uidiv.o(.text) for __aeabi_uidivmod
    printf6.o(i._printf_core) refers to printf6.o(i._printf_post_padding) for _printf_post_padding
    printf7.o(i.__0fprintf$7) refers to printf7.o(i._printf_core) for _printf_core
    printf7.o(i.__0fprintf$7) refers to blinky.o(i.fputc) for fputc
    printf7.o(i.__0printf$7) refers to printf7.o(i._printf_core) for _printf_core
    printf7.o(i.__0printf$7) refers to blinky.o(i.fputc) for fputc
    printf7.o(i.__0printf$7) refers to stdout.o(.data) for __stdout
    printf7.o(i.__0snprintf$7) refers to printf7.o(i._printf_core) for _printf_core
    printf7.o(i.__0snprintf$7) refers to printf7.o(i._snputc) for _snputc
    printf7.o(i.__0sprintf$7) refers to printf7.o(i._printf_core) for _printf_core
    printf7.o(i.__0sprintf$7) refers to printf7.o(i._sputc) for _sputc
    printf7.o(i.__0vfprintf$7) refers to printf7.o(i._printf_core) for _printf_core
    printf7.o(i.__0vfprintf$7) refers to blinky.o(i.fputc) for fputc
    printf7.o(i.__0vprintf$7) refers to printf7.o(i._printf_core) for _printf_core
    printf7.o(i.__0vprintf$7) refers to blinky.o(i.fputc) for fputc
    printf7.o(i.__0vprintf$7) refers to stdout.o(.data) for __stdout
    printf7.o(i.__0vsnprintf$7) refers to printf7.o(i._printf_core) for _printf_core
    printf7.o(i.__0vsnprintf$7) refers to printf7.o(i._snputc) for _snputc
    printf7.o(i.__0vsprintf$7) refers to printf7.o(i._printf_core) for _printf_core
    printf7.o(i.__0vsprintf$7) refers to printf7.o(i._sputc) for _sputc
    printf7.o(i._printf_core) refers to printf7.o(i._printf_pre_padding) for _printf_pre_padding
    printf7.o(i._printf_core) refers to uldiv.o(.text) for __aeabi_uldivmod
    printf7.o(i._printf_core) refers to printf7.o(i._printf_post_padding) for _printf_post_padding
    printf8.o(i.__0fprintf$8) refers to printf8.o(i._printf_core) for _printf_core
    printf8.o(i.__0fprintf$8) refers to blinky.o(i.fputc) for fputc
    printf8.o(i.__0printf$8) refers to printf8.o(i._printf_core) for _printf_core
    printf8.o(i.__0printf$8) refers to blinky.o(i.fputc) for fputc
    printf8.o(i.__0printf$8) refers to stdout.o(.data) for __stdout
    printf8.o(i.__0snprintf$8) refers to printf8.o(i._printf_core) for _printf_core
    printf8.o(i.__0snprintf$8) refers to printf8.o(i._snputc) for _snputc
    printf8.o(i.__0sprintf$8) refers to printf8.o(i._printf_core) for _printf_core
    printf8.o(i.__0sprintf$8) refers to printf8.o(i._sputc) for _sputc
    printf8.o(i.__0vfprintf$8) refers to printf8.o(i._printf_core) for _printf_core
    printf8.o(i.__0vfprintf$8) refers to blinky.o(i.fputc) for fputc
    printf8.o(i.__0vprintf$8) refers to printf8.o(i._printf_core) for _printf_core
    printf8.o(i.__0vprintf$8) refers to blinky.o(i.fputc) for fputc
    printf8.o(i.__0vprintf$8) refers to stdout.o(.data) for __stdout
    printf8.o(i.__0vsnprintf$8) refers to printf8.o(i._printf_core) for _printf_core
    printf8.o(i.__0vsnprintf$8) refers to printf8.o(i._snputc) for _snputc
    printf8.o(i.__0vsprintf$8) refers to printf8.o(i._printf_core) for _printf_core
    printf8.o(i.__0vsprintf$8) refers to printf8.o(i._sputc) for _sputc
    printf8.o(i._printf_core) refers to printf8.o(i._printf_pre_padding) for _printf_pre_padding
    printf8.o(i._printf_core) refers to uldiv.o(.text) for __aeabi_uldivmod
    printf8.o(i._printf_core) refers to printf8.o(i._printf_post_padding) for _printf_post_padding
    printfa.o(i.__0fprintf) refers (Special) to iusefp.o(.text) for __I$use$fp
    printfa.o(i.__0fprintf) refers to printfa.o(i._printf_core) for _printf_core
    printfa.o(i.__0fprintf) refers to blinky.o(i.fputc) for fputc
    printfa.o(i.__0printf) refers (Special) to iusefp.o(.text) for __I$use$fp
    printfa.o(i.__0printf) refers to printfa.o(i._printf_core) for _printf_core
    printfa.o(i.__0printf) refers to blinky.o(i.fputc) for fputc
    printfa.o(i.__0printf) refers to stdout.o(.data) for __stdout
    printfa.o(i.__0snprintf) refers (Special) to iusefp.o(.text) for __I$use$fp
    printfa.o(i.__0snprintf) refers to printfa.o(i._printf_core) for _printf_core
    printfa.o(i.__0snprintf) refers to printfa.o(i._snputc) for _snputc
    printfa.o(i.__0sprintf) refers (Special) to iusefp.o(.text) for __I$use$fp
    printfa.o(i.__0sprintf) refers to printfa.o(i._printf_core) for _printf_core
    printfa.o(i.__0sprintf) refers to printfa.o(i._sputc) for _sputc
    printfa.o(i.__0vfprintf) refers (Special) to iusefp.o(.text) for __I$use$fp
    printfa.o(i.__0vfprintf) refers to printfa.o(i._printf_core) for _printf_core
    printfa.o(i.__0vfprintf) refers to blinky.o(i.fputc) for fputc
    printfa.o(i.__0vprintf) refers (Special) to iusefp.o(.text) for __I$use$fp
    printfa.o(i.__0vprintf) refers to printfa.o(i._printf_core) for _printf_core
    printfa.o(i.__0vprintf) refers to blinky.o(i.fputc) for fputc
    printfa.o(i.__0vprintf) refers to stdout.o(.data) for __stdout
    printfa.o(i.__0vsnprintf) refers (Special) to iusefp.o(.text) for __I$use$fp
    printfa.o(i.__0vsnprintf) refers to printfa.o(i._printf_core) for _printf_core
    printfa.o(i.__0vsnprintf) refers to printfa.o(i._snputc) for _snputc
    printfa.o(i.__0vsprintf) refers (Special) to iusefp.o(.text) for __I$use$fp
    printfa.o(i.__0vsprintf) refers to printfa.o(i._printf_core) for _printf_core
    printfa.o(i.__0vsprintf) refers to printfa.o(i._sputc) for _sputc
    printfa.o(i._fp_digits) refers (Special) to iusefp.o(.text) for __I$use$fp
    printfa.o(i._fp_digits) refers to dmul.o(.text) for __aeabi_dmul
    printfa.o(i._fp_digits) refers to ddiv.o(.text) for __aeabi_ddiv
    printfa.o(i._fp_digits) refers to cdrcmple.o(.text) for __aeabi_cdrcmple
    printfa.o(i._fp_digits) refers to dadd.o(.text) for __aeabi_dadd
    printfa.o(i._fp_digits) refers to dfixul.o(.text) for __aeabi_d2ulz
    printfa.o(i._fp_digits) refers to uldiv.o(.text) for __aeabi_uldivmod
    printfa.o(i._printf_core) refers (Special) to iusefp.o(.text) for __I$use$fp
    printfa.o(i._printf_core) refers to printfa.o(i._printf_pre_padding) for _printf_pre_padding
    printfa.o(i._printf_core) refers to uldiv.o(.text) for __aeabi_uldivmod
    printfa.o(i._printf_core) refers to printfa.o(i._printf_post_padding) for _printf_post_padding
    printfa.o(i._printf_core) refers to printfa.o(i._fp_digits) for _fp_digits
    printfa.o(i._printf_core) refers to uidiv.o(.text) for __aeabi_uidivmod
    printfa.o(i._printf_post_padding) refers (Special) to iusefp.o(.text) for __I$use$fp
    printfa.o(i._printf_pre_padding) refers (Special) to iusefp.o(.text) for __I$use$fp
    printfa.o(i._snputc) refers (Special) to iusefp.o(.text) for __I$use$fp
    printfa.o(i._sputc) refers (Special) to iusefp.o(.text) for __I$use$fp
    dadd.o(.text) refers (Special) to iusefp.o(.text) for __I$use$fp
    dadd.o(.text) refers to llshl.o(.text) for __aeabi_llsl
    dadd.o(.text) refers to llsshr.o(.text) for __aeabi_lasr
    dadd.o(.text) refers to depilogue.o(.text) for _double_epilogue
    dmul.o(.text) refers (Special) to iusefp.o(.text) for __I$use$fp
    dmul.o(.text) refers to depilogue.o(.text) for _double_epilogue
    ddiv.o(.text) refers (Special) to iusefp.o(.text) for __I$use$fp
    ddiv.o(.text) refers to depilogue.o(.text) for _double_round
    dneg.o(.text) refers (Special) to iusefp.o(.text) for __I$use$fp
    dflti.o(.text) refers (Special) to iusefp.o(.text) for __I$use$fp
    dflti.o(.text) refers to depilogue.o(.text) for _double_epilogue
    dfltui.o(.text) refers (Special) to iusefp.o(.text) for __I$use$fp
    dfltui.o(.text) refers to depilogue.o(.text) for _double_epilogue
    dfixui.o(.text) refers (Special) to iusefp.o(.text) for __I$use$fp
    dfixui.o(.text) refers to llushr.o(.text) for __aeabi_llsr
    dunder.o(i.__mathlib_dbl_divzero) refers to ddiv.o(.text) for __aeabi_ddiv
    dunder.o(i.__mathlib_dbl_infnan) refers to dadd.o(.text) for __aeabi_dadd
    dunder.o(i.__mathlib_dbl_infnan2) refers to dadd.o(.text) for __aeabi_dadd
    dunder.o(i.__mathlib_dbl_invalid) refers to ddiv.o(.text) for __aeabi_ddiv
    dunder.o(i.__mathlib_dbl_overflow) refers to dmul.o(.text) for __aeabi_dmul
    dunder.o(i.__mathlib_dbl_posinfnan) refers to dmul.o(.text) for __aeabi_dmul
    dunder.o(i.__mathlib_dbl_underflow) refers to dmul.o(.text) for __aeabi_dmul
    fabs.o(i.__hardfp_fabs) refers (Special) to iusefp.o(.text) for __I$use$fp
    fabs.o(i.__softfp_fabs) refers (Special) to iusefp.o(.text) for __I$use$fp
    fabs.o(i.fabs) refers (Special) to iusefp.o(.text) for __I$use$fp
    fpclassify.o(i.__ARM_fpclassify) refers (Special) to iusefp.o(.text) for __I$use$fp
    log.o(i.__hardfp_log) refers (Special) to iusefp.o(.text) for __I$use$fp
    log.o(i.__hardfp_log) refers to dunder.o(i.__mathlib_dbl_infnan) for __mathlib_dbl_infnan
    log.o(i.__hardfp_log) refers to errno.o(i.__set_errno) for __set_errno
    log.o(i.__hardfp_log) refers to dunder.o(i.__mathlib_dbl_invalid) for __mathlib_dbl_invalid
    log.o(i.__hardfp_log) refers to dunder.o(i.__mathlib_dbl_divzero) for __mathlib_dbl_divzero
    log.o(i.__hardfp_log) refers to dmul.o(.text) for __aeabi_dmul
    log.o(i.__hardfp_log) refers to dadd.o(.text) for __aeabi_dsub
    log.o(i.__hardfp_log) refers to cdcmple.o(.text) for __aeabi_cdcmpeq
    log.o(i.__hardfp_log) refers to dflti.o(.text) for __aeabi_i2d
    log.o(i.__hardfp_log) refers to ddiv.o(.text) for __aeabi_ddiv
    log.o(i.__hardfp_log) refers to poly.o(i.__kernel_poly) for __kernel_poly
    log.o(i.__hardfp_log) refers to qnan.o(.constdata) for __mathlib_zero
    log.o(i.__hardfp_log) refers to log.o(.constdata) for .constdata
    log.o(i.__softfp_log) refers (Special) to iusefp.o(.text) for __I$use$fp
    log.o(i.__softfp_log) refers to log.o(i.__hardfp_log) for __hardfp_log
    log.o(i.log) refers (Special) to iusefp.o(.text) for __I$use$fp
    log.o(i.log) refers to log.o(i.__hardfp_log) for __hardfp_log
    log.o(.constdata) refers (Special) to iusefp.o(.text) for __I$use$fp
    log_x.o(i.____hardfp_log$lsc) refers (Special) to iusefp.o(.text) for __I$use$fp
    log_x.o(i.____hardfp_log$lsc) refers to dunder.o(i.__mathlib_dbl_infnan) for __mathlib_dbl_infnan
    log_x.o(i.____hardfp_log$lsc) refers to errno.o(i.__set_errno) for __set_errno
    log_x.o(i.____hardfp_log$lsc) refers to dmul.o(.text) for __aeabi_dmul
    log_x.o(i.____hardfp_log$lsc) refers to dadd.o(.text) for __aeabi_dsub
    log_x.o(i.____hardfp_log$lsc) refers to cdcmple.o(.text) for __aeabi_cdcmpeq
    log_x.o(i.____hardfp_log$lsc) refers to dflti.o(.text) for __aeabi_i2d
    log_x.o(i.____hardfp_log$lsc) refers to ddiv.o(.text) for __aeabi_ddiv
    log_x.o(i.____hardfp_log$lsc) refers to poly.o(i.__kernel_poly) for __kernel_poly
    log_x.o(i.____hardfp_log$lsc) refers to qnan.o(.constdata) for __mathlib_zero
    log_x.o(i.____hardfp_log$lsc) refers to log_x.o(.constdata) for .constdata
    log_x.o(i.____softfp_log$lsc) refers (Special) to iusefp.o(.text) for __I$use$fp
    log_x.o(i.____softfp_log$lsc) refers to log_x.o(i.____hardfp_log$lsc) for ____hardfp_log$lsc
    log_x.o(i.__log$lsc) refers (Special) to iusefp.o(.text) for __I$use$fp
    log_x.o(i.__log$lsc) refers to log_x.o(i.____hardfp_log$lsc) for ____hardfp_log$lsc
    log_x.o(.constdata) refers (Special) to iusefp.o(.text) for __I$use$fp
    poly.o(i.__kernel_poly) refers (Special) to iusefp.o(.text) for __I$use$fp
    poly.o(i.__kernel_poly) refers to dmul.o(.text) for __aeabi_dmul
    poly.o(i.__kernel_poly) refers to dadd.o(.text) for __aeabi_dadd
    qnan.o(.constdata) refers (Special) to iusefp.o(.text) for __I$use$fp
    entry2.o(.ARM.Collect$$$$00000001) refers to entry2.o(.ARM.Collect$$$$00002712) for __lit__00000000
    entry2.o(.ARM.Collect$$$$00002712) refers to startup_rvmdk.o(STACK) for __initial_sp
    entry2.o(__vectab_stack_and_reset_area) refers to startup_rvmdk.o(STACK) for __initial_sp
    entry2.o(__vectab_stack_and_reset_area) refers to entry.o(.ARM.Collect$$$$00000000) for __main
    entry5.o(.ARM.Collect$$$$00000004) refers to init.o(.text) for __scatterload
    entry9a.o(.ARM.Collect$$$$0000000B) refers to blinky.o(i.main) for main
    entry9b.o(.ARM.Collect$$$$0000000C) refers to blinky.o(i.main) for main
    uldiv.o(.text) refers to llushr.o(.text) for __aeabi_llsr
    uldiv.o(.text) refers to llshl.o(.text) for __aeabi_llsl
    errno.o(i.__aeabi_errno_addr) refers to errno.o(.data) for .data
    errno.o(i.__read_errno) refers to errno.o(.data) for .data
    errno.o(i.__set_errno) refers to errno.o(.data) for .data
    depilogue.o(.text) refers to llshl.o(.text) for __aeabi_llsl
    depilogue.o(.text) refers to llushr.o(.text) for __aeabi_llsr
    dsqrt.o(.text) refers to llushr.o(.text) for __aeabi_llsr
    dsqrt.o(.text) refers to depilogue.o(.text) for _double_round
    dfixul.o(.text) refers to llushr.o(.text) for __aeabi_llsr
    dfixul.o(.text) refers to llshl.o(.text) for __aeabi_llsl
    init.o(.text) refers to entry5.o(.ARM.Collect$$$$00000004) for __main_after_scatterload


==============================================================================

Removing Unused input sections from the image.

    Removing blinky.o(.data), (4 bytes).
    Removing startup_rvmdk.o(HEAP), (0 bytes).
    Removing startup_rvmdk.o(.text), (0 bytes).
    Removing uartstdio.o(i.UARTgetc), (24 bytes).
    Removing uartstdio.o(i.UARTgets), (132 bytes).
    Removing uartstdio.o(i.UARTprintf), (18 bytes).
    Removing uartstdio.o(i.UARTvprintf), (436 bytes).
    Removing uartstdio.o(i.UARTwrite), (60 bytes).
    Removing buttons.o(i.ButtonsInit), (100 bytes).
    Removing buttons.o(i.ButtonsPoll), (88 bytes).
    Removing buttons.o(.data), (3 bytes).
    Removing ad9959.o(i.Write_Amplitude), (88 bytes).
    Removing ad9959.o(i.Write_Phase), (92 bytes).
    Removing ad9959.o(i.Write_frequence), (128 bytes).
    Removing ad9959.o(.data), (2 bytes).
    Removing ad9959.o(.data), (3 bytes).
    Removing ad9959.o(.data), (2 bytes).
    Removing ad9959.o(.data), (4 bytes).
    Removing ad9959.o(.data), (4 bytes).
    Removing ads1115.o(.bss), (20 bytes).
    Removing ads1115.o(.data), (14 bytes).
    Removing gpio.o(i.GPIOADCTriggerDisable), (14 bytes).
    Removing gpio.o(i.GPIOADCTriggerEnable), (12 bytes).
    Removing gpio.o(i.GPIODMATriggerDisable), (14 bytes).
    Removing gpio.o(i.GPIODMATriggerEnable), (12 bytes).
    Removing gpio.o(i.GPIODirModeGet), (34 bytes).
    Removing gpio.o(i.GPIOIntClear), (6 bytes).
    Removing gpio.o(i.GPIOIntDisable), (14 bytes).
    Removing gpio.o(i.GPIOIntEnable), (12 bytes).
    Removing gpio.o(i.GPIOIntRegister), (88 bytes).
    Removing gpio.o(i.GPIOIntStatus), (14 bytes).
    Removing gpio.o(i.GPIOIntTypeGet), (68 bytes).
    Removing gpio.o(i.GPIOIntTypeSet), (80 bytes).
    Removing gpio.o(i.GPIOIntUnregister), (88 bytes).
    Removing gpio.o(i.GPIOPadConfigGet), (204 bytes).
    Removing gpio.o(i.GPIOPinConfigure), (68 bytes).
    Removing gpio.o(i.GPIOPinTypeADC), (28 bytes).
    Removing gpio.o(i.GPIOPinTypeCAN), (28 bytes).
    Removing gpio.o(i.GPIOPinTypeComparator), (28 bytes).
    Removing gpio.o(i.GPIOPinTypeComparatorOutput), (28 bytes).
    Removing gpio.o(i.GPIOPinTypeDIVSCLK), (28 bytes).
    Removing gpio.o(i.GPIOPinTypeEPI), (28 bytes).
    Removing gpio.o(i.GPIOPinTypeEthernetLED), (28 bytes).
    Removing gpio.o(i.GPIOPinTypeEthernetMII), (28 bytes).
    Removing gpio.o(i.GPIOPinTypeGPIOOutputOD), (28 bytes).
    Removing gpio.o(i.GPIOPinTypeHibernateRTCCLK), (28 bytes).
    Removing gpio.o(i.GPIOPinTypeI2C), (28 bytes).
    Removing gpio.o(i.GPIOPinTypeI2CSCL), (28 bytes).
    Removing gpio.o(i.GPIOPinTypeLCD), (28 bytes).
    Removing gpio.o(i.GPIOPinTypeOneWire), (28 bytes).
    Removing gpio.o(i.GPIOPinTypePWM), (28 bytes).
    Removing gpio.o(i.GPIOPinTypeQEI), (28 bytes).
    Removing gpio.o(i.GPIOPinTypeSSI), (28 bytes).
    Removing gpio.o(i.GPIOPinTypeTimer), (28 bytes).
    Removing gpio.o(i.GPIOPinTypeTrace), (28 bytes).
    Removing gpio.o(i.GPIOPinTypeUART), (28 bytes).
    Removing gpio.o(i.GPIOPinTypeUSBAnalog), (28 bytes).
    Removing gpio.o(i.GPIOPinTypeUSBDigital), (28 bytes).
    Removing gpio.o(i.GPIOPinTypeWakeHigh), (30 bytes).
    Removing gpio.o(i.GPIOPinTypeWakeLow), (30 bytes).
    Removing gpio.o(i.GPIOPinWakeStatus), (6 bytes).
    Removing gpio.o(.constdata), (528 bytes).
    Removing sysctl.o(i.SysCtlAltClkConfig), (12 bytes).
    Removing sysctl.o(i.SysCtlClockFreqSet), (708 bytes).
    Removing sysctl.o(i.SysCtlClockOutConfig), (20 bytes).
    Removing sysctl.o(i.SysCtlDeepSleep), (32 bytes).
    Removing sysctl.o(i.SysCtlDeepSleepClockConfigSet), (112 bytes).
    Removing sysctl.o(i.SysCtlDeepSleepClockSet), (12 bytes).
    Removing sysctl.o(i.SysCtlDeepSleepPowerSet), (12 bytes).
    Removing sysctl.o(i.SysCtlFlashSectorSizeGet), (56 bytes).
    Removing sysctl.o(i.SysCtlFlashSizeGet), (56 bytes).
    Removing sysctl.o(i.SysCtlGPIOAHBDisable), (28 bytes).
    Removing sysctl.o(i.SysCtlGPIOAHBEnable), (24 bytes).
    Removing sysctl.o(i.SysCtlIntClear), (12 bytes).
    Removing sysctl.o(i.SysCtlIntDisable), (16 bytes).
    Removing sysctl.o(i.SysCtlIntEnable), (16 bytes).
    Removing sysctl.o(i.SysCtlIntRegister), (20 bytes).
    Removing sysctl.o(i.SysCtlIntStatus), (16 bytes).
    Removing sysctl.o(i.SysCtlIntUnregister), (18 bytes).
    Removing sysctl.o(i.SysCtlLDODeepSleepGet), (12 bytes).
    Removing sysctl.o(i.SysCtlLDODeepSleepSet), (12 bytes).
    Removing sysctl.o(i.SysCtlLDOSleepGet), (12 bytes).
    Removing sysctl.o(i.SysCtlLDOSleepSet), (12 bytes).
    Removing sysctl.o(i.SysCtlMOSCConfigSet), (12 bytes).
    Removing sysctl.o(i.SysCtlNMIClear), (16 bytes).
    Removing sysctl.o(i.SysCtlNMIStatus), (12 bytes).
    Removing sysctl.o(i.SysCtlPIOSCCalibrate), (76 bytes).
    Removing sysctl.o(i.SysCtlPWMClockGet), (24 bytes).
    Removing sysctl.o(i.SysCtlPWMClockSet), (20 bytes).
    Removing sysctl.o(i.SysCtlPeripheralClockGating), (68 bytes).
    Removing sysctl.o(i.SysCtlPeripheralDeepSleepDisable), (40 bytes).
    Removing sysctl.o(i.SysCtlPeripheralDeepSleepEnable), (40 bytes).
    Removing sysctl.o(i.SysCtlPeripheralDisable), (40 bytes).
    Removing sysctl.o(i.SysCtlPeripheralPowerOff), (40 bytes).
    Removing sysctl.o(i.SysCtlPeripheralPowerOn), (40 bytes).
    Removing sysctl.o(i.SysCtlPeripheralPresent), (44 bytes).
    Removing sysctl.o(i.SysCtlPeripheralReady), (44 bytes).
    Removing sysctl.o(i.SysCtlPeripheralReset), (60 bytes).
    Removing sysctl.o(i.SysCtlPeripheralSleepDisable), (40 bytes).
    Removing sysctl.o(i.SysCtlPeripheralSleepEnable), (40 bytes).
    Removing sysctl.o(i.SysCtlReset), (16 bytes).
    Removing sysctl.o(i.SysCtlResetBehaviorGet), (12 bytes).
    Removing sysctl.o(i.SysCtlResetBehaviorSet), (12 bytes).
    Removing sysctl.o(i.SysCtlResetCauseClear), (16 bytes).
    Removing sysctl.o(i.SysCtlResetCauseGet), (12 bytes).
    Removing sysctl.o(i.SysCtlSRAMSizeGet), (16 bytes).
    Removing sysctl.o(i.SysCtlSleep), (4 bytes).
    Removing sysctl.o(i.SysCtlSleepPowerSet), (12 bytes).
    Removing sysctl.o(i.SysCtlUSBPLLDisable), (16 bytes).
    Removing sysctl.o(i.SysCtlUSBPLLEnable), (16 bytes).
    Removing sysctl.o(i.SysCtlVCOGet), (120 bytes).
    Removing sysctl.o(i.SysCtlVoltageEventClear), (16 bytes).
    Removing sysctl.o(i.SysCtlVoltageEventConfig), (12 bytes).
    Removing sysctl.o(i.SysCtlVoltageEventStatus), (12 bytes).
    Removing uart.o(i.UART9BitAddrSend), (38 bytes).
    Removing uart.o(i.UART9BitAddrSet), (10 bytes).
    Removing uart.o(i.UART9BitDisable), (14 bytes).
    Removing uart.o(i.UART9BitEnable), (14 bytes).
    Removing uart.o(i.UARTBreakCtl), (18 bytes).
    Removing uart.o(i.UARTBusy), (8 bytes).
    Removing uart.o(i.UARTCharGetNonBlocking), (16 bytes).
    Removing uart.o(i.UARTCharPutNonBlocking), (16 bytes).
    Removing uart.o(i.UARTClockSourceGet), (6 bytes).
    Removing uart.o(i.UARTConfigGetExpClk), (46 bytes).
    Removing uart.o(i.UARTDMADisable), (10 bytes).
    Removing uart.o(i.UARTDMAEnable), (8 bytes).
    Removing uart.o(i.UARTDisable), (30 bytes).
    Removing uart.o(i.UARTDisableSIR), (10 bytes).
    Removing uart.o(i.UARTEnable), (20 bytes).
    Removing uart.o(i.UARTEnableSIR), (18 bytes).
    Removing uart.o(i.UARTFIFODisable), (10 bytes).
    Removing uart.o(i.UARTFIFOEnable), (10 bytes).
    Removing uart.o(i.UARTFIFOLevelGet), (16 bytes).
    Removing uart.o(i.UARTFIFOLevelSet), (6 bytes).
    Removing uart.o(i.UARTFlowControlGet), (8 bytes).
    Removing uart.o(i.UARTFlowControlSet), (12 bytes).
    Removing uart.o(i.UARTIntClear), (4 bytes).
    Removing uart.o(i.UARTIntDisable), (10 bytes).
    Removing uart.o(i.UARTIntEnable), (8 bytes).
    Removing uart.o(i.UARTIntRegister), (88 bytes).
    Removing uart.o(i.UARTIntStatus), (10 bytes).
    Removing uart.o(i.UARTIntUnregister), (88 bytes).
    Removing uart.o(i.UARTLoopbackEnable), (10 bytes).
    Removing uart.o(i.UARTModemControlClear), (14 bytes).
    Removing uart.o(i.UARTModemControlGet), (8 bytes).
    Removing uart.o(i.UARTModemControlSet), (12 bytes).
    Removing uart.o(i.UARTModemStatusGet), (10 bytes).
    Removing uart.o(i.UARTParityModeGet), (8 bytes).
    Removing uart.o(i.UARTParityModeSet), (12 bytes).
    Removing uart.o(i.UARTRxErrorClear), (6 bytes).
    Removing uart.o(i.UARTRxErrorGet), (8 bytes).
    Removing uart.o(i.UARTSmartCardDisable), (10 bytes).
    Removing uart.o(i.UARTSmartCardEnable), (22 bytes).
    Removing uart.o(i.UARTSpaceAvail), (10 bytes).
    Removing uart.o(i.UARTTxIntModeGet), (8 bytes).
    Removing uart.o(i.UARTTxIntModeSet), (12 bytes).
    Removing uart.o(.constdata), (128 bytes).
    Removing cpu.o(.emb_text), (38 bytes).
    Removing interrupt.o(i.IntDisable), (100 bytes).
    Removing interrupt.o(i.IntEnable), (100 bytes).
    Removing interrupt.o(i.IntIsEnabled), (96 bytes).
    Removing interrupt.o(i.IntMasterDisable), (14 bytes).
    Removing interrupt.o(i.IntMasterEnable), (14 bytes).
    Removing interrupt.o(i.IntPendClear), (68 bytes).
    Removing interrupt.o(i.IntPendSet), (84 bytes).
    Removing interrupt.o(i.IntPriorityGet), (28 bytes).
    Removing interrupt.o(i.IntPriorityGroupingGet), (36 bytes).
    Removing interrupt.o(i.IntPriorityGroupingSet), (28 bytes).
    Removing interrupt.o(i.IntPriorityMaskGet), (4 bytes).
    Removing interrupt.o(i.IntPriorityMaskSet), (4 bytes).
    Removing interrupt.o(i.IntPrioritySet), (40 bytes).
    Removing interrupt.o(i.IntRegister), (52 bytes).
    Removing interrupt.o(i.IntTrigger), (12 bytes).
    Removing interrupt.o(i.IntUnregister), (20 bytes).
    Removing interrupt.o(i._IntDefaultHandler), (2 bytes).
    Removing interrupt.o(.constdata), (268 bytes).
    Removing interrupt.o(vtable), (620 bytes).
    Removing dneg.o(.text), (6 bytes).

178 unused section(s) (total 7790 bytes) removed from the image.

==============================================================================

Image Symbol Table

    Local Symbols

    Symbol Name                              Value     Ov Type        Size  Object(Section)

    RESET                                    0x00000000   Section      648  startup_rvmdk.o(RESET)
    ../clib/microlib/division.c              0x00000000   Number         0  uidiv.o ABSOLUTE
    ../clib/microlib/division.c              0x00000000   Number         0  uldiv.o ABSOLUTE
    ../clib/microlib/errno.c                 0x00000000   Number         0  errno.o ABSOLUTE
    ../clib/microlib/init/entry.s            0x00000000   Number         0  entry9a.o ABSOLUTE
    ../clib/microlib/init/entry.s            0x00000000   Number         0  entry2.o ABSOLUTE
    ../clib/microlib/init/entry.s            0x00000000   Number         0  entry8b.o ABSOLUTE
    ../clib/microlib/init/entry.s            0x00000000   Number         0  entry8a.o ABSOLUTE
    ../clib/microlib/init/entry.s            0x00000000   Number         0  entry5.o ABSOLUTE
    ../clib/microlib/init/entry.s            0x00000000   Number         0  entry7b.o ABSOLUTE
    ../clib/microlib/init/entry.s            0x00000000   Number         0  entry11b.o ABSOLUTE
    ../clib/microlib/init/entry.s            0x00000000   Number         0  entry.o ABSOLUTE
    ../clib/microlib/init/entry.s            0x00000000   Number         0  entry11a.o ABSOLUTE
    ../clib/microlib/init/entry.s            0x00000000   Number         0  entry10b.o ABSOLUTE
    ../clib/microlib/init/entry.s            0x00000000   Number         0  entry7a.o ABSOLUTE
    ../clib/microlib/init/entry.s            0x00000000   Number         0  entry10a.o ABSOLUTE
    ../clib/microlib/init/entry.s            0x00000000   Number         0  entry9b.o ABSOLUTE
    ../clib/microlib/longlong.c              0x00000000   Number         0  llsshr.o ABSOLUTE
    ../clib/microlib/longlong.c              0x00000000   Number         0  llushr.o ABSOLUTE
    ../clib/microlib/longlong.c              0x00000000   Number         0  llshl.o ABSOLUTE
    ../clib/microlib/printf/printf.c         0x00000000   Number         0  printf0.o ABSOLUTE
    ../clib/microlib/printf/printf.c         0x00000000   Number         0  printf1.o ABSOLUTE
    ../clib/microlib/printf/printf.c         0x00000000   Number         0  printf2.o ABSOLUTE
    ../clib/microlib/printf/printf.c         0x00000000   Number         0  printf3.o ABSOLUTE
    ../clib/microlib/printf/printf.c         0x00000000   Number         0  printf4.o ABSOLUTE
    ../clib/microlib/printf/printf.c         0x00000000   Number         0  printfb.o ABSOLUTE
    ../clib/microlib/printf/printf.c         0x00000000   Number         0  printf6.o ABSOLUTE
    ../clib/microlib/printf/printf.c         0x00000000   Number         0  printf7.o ABSOLUTE
    ../clib/microlib/printf/printf.c         0x00000000   Number         0  printf5.o ABSOLUTE
    ../clib/microlib/printf/printf.c         0x00000000   Number         0  printf8.o ABSOLUTE
    ../clib/microlib/printf/printf.c         0x00000000   Number         0  printfa.o ABSOLUTE
    ../clib/microlib/printf/stubs.s          0x00000000   Number         0  stubs.o ABSOLUTE
    ../clib/microlib/stdio/streams.c         0x00000000   Number         0  stdout.o ABSOLUTE
    ../clib/microlib/stubs.s                 0x00000000   Number         0  iusefp.o ABSOLUTE
    ../fplib/microlib/fpadd.c                0x00000000   Number         0  dadd.o ABSOLUTE
    ../fplib/microlib/fpdiv.c                0x00000000   Number         0  ddiv.o ABSOLUTE
    ../fplib/microlib/fpepilogue.c           0x00000000   Number         0  depilogue.o ABSOLUTE
    ../fplib/microlib/fpfix.c                0x00000000   Number         0  dfixul.o ABSOLUTE
    ../fplib/microlib/fpfix.c                0x00000000   Number         0  dfixui.o ABSOLUTE
    ../fplib/microlib/fpflt.c                0x00000000   Number         0  dflti.o ABSOLUTE
    ../fplib/microlib/fpflt.c                0x00000000   Number         0  dfltui.o ABSOLUTE
    ../fplib/microlib/fpmul.c                0x00000000   Number         0  dmul.o ABSOLUTE
    ../fplib/microlib/fpneg.c                0x00000000   Number         0  dneg.o ABSOLUTE
    ../fplib/microlib/fpscalb.c              0x00000000   Number         0  dscalb.o ABSOLUTE
    ../fplib/microlib/fpsqrt.c               0x00000000   Number         0  dsqrt.o ABSOLUTE
    ../mathlib/dunder.c                      0x00000000   Number         0  dunder.o ABSOLUTE
    ../mathlib/fabs.c                        0x00000000   Number         0  fabs.o ABSOLUTE
    ../mathlib/fpclassify.c                  0x00000000   Number         0  fpclassify.o ABSOLUTE
    ../mathlib/log.c                         0x00000000   Number         0  log_x.o ABSOLUTE
    ../mathlib/log.c                         0x00000000   Number         0  log.o ABSOLUTE
    ../mathlib/log10.c                       0x00000000   Number         0  log10.o ABSOLUTE
    ../mathlib/log10.c                       0x00000000   Number         0  log10_x.o ABSOLUTE
    ../mathlib/poly.c                        0x00000000   Number         0  poly.o ABSOLUTE
    ../mathlib/pow.c                         0x00000000   Number         0  pow.o ABSOLUTE
    ../mathlib/pow.c                         0x00000000   Number         0  pow_x.o ABSOLUTE
    ../mathlib/qnan.c                        0x00000000   Number         0  qnan.o ABSOLUTE
    ../mathlib/sqrt.c                        0x00000000   Number         0  sqrt_x.o ABSOLUTE
    ../mathlib/sqrt.c                        0x00000000   Number         0  sqrt.o ABSOLUTE
    blinky.c                                 0x00000000   Number         0  blinky.o ABSOLUTE
    cdcmple.s                                0x00000000   Number         0  cdcmple.o ABSOLUTE
    cdrcmple.s                               0x00000000   Number         0  cdrcmple.o ABSOLUTE
    cpu.c                                    0x00000000   Number         0  cpu.o ABSOLUTE
    cpu.c                                    0x00000000   Number         0  cpu.o ABSOLUTE
    dc.s                                     0x00000000   Number         0  dc.o ABSOLUTE
    gpio.c                                   0x00000000   Number         0  gpio.o ABSOLUTE
    handlers.s                               0x00000000   Number         0  handlers.o ABSOLUTE
    init.s                                   0x00000000   Number         0  init.o ABSOLUTE
    interrupt.c                              0x00000000   Number         0  interrupt.o ABSOLUTE
    startup_rvmdk.S                          0x00000000   Number         0  startup_rvmdk.o ABSOLUTE
    sysctl.c                                 0x00000000   Number         0  sysctl.o ABSOLUTE
    sysctl.c                                 0x00000000   Number         0  sysctl.o ABSOLUTE
    uart.c                                   0x00000000   Number         0  uart.o ABSOLUTE
    utils\ad9959.c                           0x00000000   Number         0  ad9959.o ABSOLUTE
    utils\ads1115.c                          0x00000000   Number         0  ads1115.o ABSOLUTE
    utils\buttons.c                          0x00000000   Number         0  buttons.o ABSOLUTE
    utils\uartstdio.c                        0x00000000   Number         0  uartstdio.o ABSOLUTE
    $v0                                      0x0000026c   Number         0  startup_rvmdk.o(RESET)
    NmiSR                                    0x00000281   Thumb Code     0  startup_rvmdk.o(RESET)
    FaultISR                                 0x00000283   Thumb Code     0  startup_rvmdk.o(RESET)
    IntDefaultHandler                        0x00000285   Thumb Code     0  startup_rvmdk.o(RESET)
    .ARM.Collect$$$$00000000                 0x00000288   Section        0  entry.o(.ARM.Collect$$$$00000000)
    .ARM.Collect$$$$00000001                 0x00000288   Section        4  entry2.o(.ARM.Collect$$$$00000001)
    .ARM.Collect$$$$00000004                 0x0000028c   Section        4  entry5.o(.ARM.Collect$$$$00000004)
    .ARM.Collect$$$$00000008                 0x00000290   Section        0  entry7b.o(.ARM.Collect$$$$00000008)
    .ARM.Collect$$$$0000000A                 0x00000290   Section        0  entry8b.o(.ARM.Collect$$$$0000000A)
    .ARM.Collect$$$$0000000B                 0x00000290   Section        8  entry9a.o(.ARM.Collect$$$$0000000B)
    .ARM.Collect$$$$0000000D                 0x00000298   Section        0  entry10a.o(.ARM.Collect$$$$0000000D)
    .ARM.Collect$$$$0000000F                 0x00000298   Section        0  entry11a.o(.ARM.Collect$$$$0000000F)
    .ARM.Collect$$$$00002712                 0x00000298   Section        4  entry2.o(.ARM.Collect$$$$00002712)
    __lit__00000000                          0x00000298   Data           4  entry2.o(.ARM.Collect$$$$00002712)
    .emb_text                                0x0000029c   Section        6  sysctl.o(.emb_text)
    $v0                                      0x0000029c   Number         0  sysctl.o(.emb_text)
    .text                                    0x000002a2   Section        0  dadd.o(.text)
    .text                                    0x000003f0   Section        0  dmul.o(.text)
    .text                                    0x000004d4   Section        0  ddiv.o(.text)
    .text                                    0x000005b2   Section        0  dflti.o(.text)
    .text                                    0x000005d4   Section        0  dfltui.o(.text)
    .text                                    0x000005ee   Section        0  dfixui.o(.text)
    .text                                    0x00000620   Section        0  uidiv.o(.text)
    .text                                    0x0000064c   Section        0  uldiv.o(.text)
    .text                                    0x000006ae   Section        0  llshl.o(.text)
    .text                                    0x000006cc   Section        0  llushr.o(.text)
    .text                                    0x000006ec   Section        0  llsshr.o(.text)
    .text                                    0x00000710   Section        0  iusefp.o(.text)
    .text                                    0x00000710   Section        0  depilogue.o(.text)
    .text                                    0x000007ca   Section        0  dscalb.o(.text)
    .text                                    0x000007f8   Section        0  dsqrt.o(.text)
    .text                                    0x0000089a   Section        0  dfixul.o(.text)
    .text                                    0x000008cc   Section       48  cdcmple.o(.text)
    .text                                    0x000008fc   Section       48  cdrcmple.o(.text)
    .text                                    0x0000092c   Section       36  init.o(.text)
    i.ADS1115_Getdata                        0x00000950   Section        0  ads1115.o(i.ADS1115_Getdata)
    i.ADS1115_I2C_Ack                        0x000009d8   Section        0  ads1115.o(i.ADS1115_I2C_Ack)
    i.ADS1115_I2C_Check                      0x00000a22   Section        0  ads1115.o(i.ADS1115_I2C_Check)
    i.ADS1115_I2C_Nack                       0x00000a74   Section        0  ads1115.o(i.ADS1115_I2C_Nack)
    i.ADS1115_I2C_Start                      0x00000abe   Section        0  ads1115.o(i.ADS1115_I2C_Start)
    i.ADS1115_I2C_Stop                       0x00000b02   Section        0  ads1115.o(i.ADS1115_I2C_Stop)
    i.ADS1115_IO_Init                        0x00000b3c   Section        0  ads1115.o(i.ADS1115_IO_Init)
    i.ADS1115_Init                           0x00000b64   Section        0  ads1115.o(i.ADS1115_Init)
    i.ADS1115_ReadWord                       0x00000bc0   Section        0  ads1115.o(i.ADS1115_ReadWord)
    i.ADS1115_Read_1_Byte                    0x00000bf8   Section        0  ads1115.o(i.ADS1115_Read_1_Byte)
    i.ADS1115_Read_N_Byte                    0x00000c60   Section        0  ads1115.o(i.ADS1115_Read_N_Byte)
    i.ADS1115_SDAPort_In                     0x00000c94   Section        0  ads1115.o(i.ADS1115_SDAPort_In)
    i.ADS1115_SDAPort_Out                    0x00000cbc   Section        0  ads1115.o(i.ADS1115_SDAPort_Out)
    i.ADS1115_WriteWord                      0x00000ce4   Section        0  ads1115.o(i.ADS1115_WriteWord)
    i.ADS1115_Write_1_Byte                   0x00000cfc   Section        0  ads1115.o(i.ADS1115_Write_1_Byte)
    i.ADS1115_Write_N_Byte                   0x00000d5c   Section        0  ads1115.o(i.ADS1115_Write_N_Byte)
    i.ConfigureUART                          0x00000d8c   Section        0  blinky.o(i.ConfigureUART)
    i.GPIODirModeSet                         0x00000e7c   Section        0  gpio.o(i.GPIODirModeSet)
    i.GPIOPadConfigSet                       0x00000ea4   Section        0  gpio.o(i.GPIOPadConfigSet)
    i.GPIOPinRead                            0x00000fdc   Section        0  gpio.o(i.GPIOPinRead)
    i.GPIOPinTypeGPIOInput                   0x00000fe2   Section        0  gpio.o(i.GPIOPinTypeGPIOInput)
    i.GPIOPinTypeGPIOOutput                  0x00000ffe   Section        0  gpio.o(i.GPIOPinTypeGPIOOutput)
    i.GPIOPinWrite                           0x0000101a   Section        0  gpio.o(i.GPIOPinWrite)
    i.IO_Update                              0x00001020   Section        0  ad9959.o(i.IO_Update)
    i.Init_AD9959                            0x00001058   Section        0  ad9959.o(i.Init_AD9959)
    i.IntReset                               0x00001110   Section        0  ad9959.o(i.IntReset)
    i.Intserve                               0x00001148   Section        0  ad9959.o(i.Intserve)
    i.SysCtlClockGet                         0x000011dc   Section        0  sysctl.o(i.SysCtlClockGet)
    i.SysCtlClockSet                         0x00001330   Section        0  sysctl.o(i.SysCtlClockSet)
    i.SysCtlPeripheralEnable                 0x00001450   Section        0  sysctl.o(i.SysCtlPeripheralEnable)
    i.UARTCharGet                            0x00001478   Section        0  uart.o(i.UARTCharGet)
    i.UARTCharPut                            0x00001484   Section        0  uart.o(i.UARTCharPut)
    i.UARTCharsAvail                         0x00001490   Section        0  uart.o(i.UARTCharsAvail)
    i.UARTClockSourceSet                     0x0000149a   Section        0  uart.o(i.UARTClockSourceSet)
    i.UARTConfigSetExpClk                    0x000014a0   Section        0  uart.o(i.UARTConfigSetExpClk)
    i.UARTStdioConfig                        0x00001510   Section        0  uartstdio.o(i.UARTStdioConfig)
    i.WriteData_AD9959                       0x0000156c   Section        0  ad9959.o(i.WriteData_AD9959)
    i.Write_Quadrature                       0x0000164c   Section        0  ad9959.o(i.Write_Quadrature)
    i.__0printf                              0x000016e0   Section        0  printfa.o(i.__0printf)
    i.__ARM_fpclassify                       0x00001700   Section        0  fpclassify.o(i.__ARM_fpclassify)
    i.__hardfp_log                           0x00001730   Section        0  log.o(i.__hardfp_log)
    i.__hardfp_log10                         0x00001af8   Section        0  log10.o(i.__hardfp_log10)
    i.__hardfp_pow                           0x00001c28   Section        0  pow.o(i.__hardfp_pow)
    i.__hardfp_sqrt                          0x00002878   Section        0  sqrt.o(i.__hardfp_sqrt)
    i.__kernel_poly                          0x000028f2   Section        0  poly.o(i.__kernel_poly)
    i.__mathlib_dbl_divzero                  0x000029f0   Section        0  dunder.o(i.__mathlib_dbl_divzero)
    i.__mathlib_dbl_infnan                   0x00002a20   Section        0  dunder.o(i.__mathlib_dbl_infnan)
    i.__mathlib_dbl_infnan2                  0x00002a34   Section        0  dunder.o(i.__mathlib_dbl_infnan2)
    i.__mathlib_dbl_invalid                  0x00002a48   Section        0  dunder.o(i.__mathlib_dbl_invalid)
    i.__mathlib_dbl_overflow                 0x00002a68   Section        0  dunder.o(i.__mathlib_dbl_overflow)
    i.__mathlib_dbl_underflow                0x00002a88   Section        0  dunder.o(i.__mathlib_dbl_underflow)
    i.__scatterload_copy                     0x00002aa8   Section       14  handlers.o(i.__scatterload_copy)
    i.__scatterload_null                     0x00002ab6   Section        2  handlers.o(i.__scatterload_null)
    i.__scatterload_zeroinit                 0x00002ab8   Section       14  handlers.o(i.__scatterload_zeroinit)
    i.__set_errno                            0x00002ac8   Section        0  errno.o(i.__set_errno)
    i._fp_digits                             0x00002ad4   Section        0  printfa.o(i._fp_digits)
    _fp_digits                               0x00002ad5   Thumb Code   366  printfa.o(i._fp_digits)
    i._printf_core                           0x00002c58   Section        0  printfa.o(i._printf_core)
    _printf_core                             0x00002c59   Thumb Code  1744  printfa.o(i._printf_core)
    i._printf_post_padding                   0x00003334   Section        0  printfa.o(i._printf_post_padding)
    _printf_post_padding                     0x00003335   Thumb Code    36  printfa.o(i._printf_post_padding)
    i._printf_pre_padding                    0x00003358   Section        0  printfa.o(i._printf_pre_padding)
    _printf_pre_padding                      0x00003359   Thumb Code    46  printfa.o(i._printf_pre_padding)
    i.delay1                                 0x00003386   Section        0  ad9959.o(i.delay1)
    i.delay_us                               0x00003392   Section        0  ads1115.o(i.delay_us)
    i.fabs                                   0x0000339c   Section        0  fabs.o(i.fabs)
    i.fputc                                  0x000033b4   Section        0  blinky.o(i.fputc)
    i.log                                    0x000033c8   Section        0  log.o(i.log)
    i.main                                   0x000033d8   Section        0  blinky.o(i.main)
    i.sqrt                                   0x000036c8   Section        0  sqrt.o(i.sqrt)
    .constdata                               0x00003738   Section       28  uartstdio.o(.constdata)
    g_pcHex                                  0x00003738   Data           4  uartstdio.o(.constdata)
    g_ui32UARTBase                           0x0000373c   Data          12  uartstdio.o(.constdata)
    g_ui32UARTPeriph                         0x00003748   Data          12  uartstdio.o(.constdata)
    .constdata                               0x00003754   Section      596  sysctl.o(.constdata)
    g_pui32VCOFrequencies                    0x00003754   Data           8  sysctl.o(.constdata)
    g_pui32Xtals                             0x0000375c   Data         108  sysctl.o(.constdata)
    g_pppui32XTALtoVCO                       0x000037c8   Data         432  sysctl.o(.constdata)
    g_sXTALtoMEMTIM                          0x00003978   Data          48  sysctl.o(.constdata)
    .constdata                               0x000039a8   Section      136  pow.o(.constdata)
    bp                                       0x000039a8   Data          16  pow.o(.constdata)
    dp_h                                     0x000039b8   Data          16  pow.o(.constdata)
    dp_l                                     0x000039c8   Data          16  pow.o(.constdata)
    L                                        0x000039d8   Data          48  pow.o(.constdata)
    P                                        0x00003a08   Data          40  pow.o(.constdata)
    .constdata                               0x00003a30   Section       56  log.o(.constdata)
    Lg2                                      0x00003a30   Data          24  log.o(.constdata)
    Lg                                       0x00003a48   Data          32  log.o(.constdata)
    .constdata                               0x00003a68   Section        8  qnan.o(.constdata)
    .conststring                             0x00003a70   Section       17  uartstdio.o(.conststring)
    .data                                    0x20000000   Section        1  blinky.o(.data)
    .data                                    0x20000004   Section        8  uartstdio.o(.data)
    bLastWasCR                               0x20000004   Data           1  uartstdio.o(.data)
    g_ui32Base                               0x20000008   Data           4  uartstdio.o(.data)
    .data                                    0x2000000c   Section       10  ad9959.o(.data)
    .data                                    0x20000018   Section       20  ads1115.o(.data)
    .data                                    0x2000002c   Section        4  stdout.o(.data)
    .data                                    0x20000030   Section        4  errno.o(.data)
    _errno                                   0x20000030   Data           4  errno.o(.data)
    .bss                                     0x20000034   Section       20  blinky.o(.bss)
    STACK                                    0x20000048   Section      512  startup_rvmdk.o(STACK)
    StackMem                                 0x20000048   Data           0  startup_rvmdk.o(STACK)

    Global Symbols

    Symbol Name                              Value     Ov Type        Size  Object(Section)

    BuildAttributes$$THM_ISAv4$E$P$D$K$B$S$7EM$VFPi3$EXTD16$VFPS$VFMA$PE$A:L22UL41UL21$X:L11$S22US41US21$IEEE1$IW$USESV6$~STKCKD$USESV7$~SHL$OTIME$ROPI$IEEEX$EBA8$MICROLIB$REQ8$PRES8$EABIv2 0x00000000   Number         0  anon$$obj.o ABSOLUTE
    __ARM_use_no_argv                        0x00000000   Number         0  blinky.o ABSOLUTE
    __Vectors                                0x00000000   Data           0  startup_rvmdk.o(RESET)
    _printf_a                                0x00000000   Number         0  stubs.o ABSOLUTE
    _printf_c                                0x00000000   Number         0  stubs.o ABSOLUTE
    _printf_charcount                        0x00000000   Number         0  stubs.o ABSOLUTE
    _printf_d                                0x00000000   Number         0  stubs.o ABSOLUTE
    _printf_e                                0x00000000   Number         0  stubs.o ABSOLUTE
    _printf_f                                0x00000000   Number         0  stubs.o ABSOLUTE
    _printf_flags                            0x00000000   Number         0  stubs.o ABSOLUTE
    _printf_fp_dec                           0x00000000   Number         0  stubs.o ABSOLUTE
    _printf_fp_hex                           0x00000000   Number         0  stubs.o ABSOLUTE
    _printf_g                                0x00000000   Number         0  stubs.o ABSOLUTE
    _printf_i                                0x00000000   Number         0  stubs.o ABSOLUTE
    _printf_int_dec                          0x00000000   Number         0  stubs.o ABSOLUTE
    _printf_l                                0x00000000   Number         0  stubs.o ABSOLUTE
    _printf_lc                               0x00000000   Number         0  stubs.o ABSOLUTE
    _printf_ll                               0x00000000   Number         0  stubs.o ABSOLUTE
    _printf_lld                              0x00000000   Number         0  stubs.o ABSOLUTE
    _printf_lli                              0x00000000   Number         0  stubs.o ABSOLUTE
    _printf_llo                              0x00000000   Number         0  stubs.o ABSOLUTE
    _printf_llu                              0x00000000   Number         0  stubs.o ABSOLUTE
    _printf_llx                              0x00000000   Number         0  stubs.o ABSOLUTE
    _printf_longlong_dec                     0x00000000   Number         0  stubs.o ABSOLUTE
    _printf_longlong_hex                     0x00000000   Number         0  stubs.o ABSOLUTE
    _printf_longlong_oct                     0x00000000   Number         0  stubs.o ABSOLUTE
    _printf_ls                               0x00000000   Number         0  stubs.o ABSOLUTE
    _printf_mbtowc                           0x00000000   Number         0  stubs.o ABSOLUTE
    _printf_n                                0x00000000   Number         0  stubs.o ABSOLUTE
    _printf_o                                0x00000000   Number         0  stubs.o ABSOLUTE
    _printf_p                                0x00000000   Number         0  stubs.o ABSOLUTE
    _printf_percent                          0x00000000   Number         0  stubs.o ABSOLUTE
    _printf_pre_padding                      0x00000000   Number         0  stubs.o ABSOLUTE
    _printf_return_value                     0x00000000   Number         0  stubs.o ABSOLUTE
    _printf_s                                0x00000000   Number         0  stubs.o ABSOLUTE
    _printf_sizespec                         0x00000000   Number         0  stubs.o ABSOLUTE
    _printf_str                              0x00000000   Number         0  stubs.o ABSOLUTE
    _printf_truncate_signed                  0x00000000   Number         0  stubs.o ABSOLUTE
    _printf_truncate_unsigned                0x00000000   Number         0  stubs.o ABSOLUTE
    _printf_u                                0x00000000   Number         0  stubs.o ABSOLUTE
    _printf_wc                               0x00000000   Number         0  stubs.o ABSOLUTE
    _printf_wctomb                           0x00000000   Number         0  stubs.o ABSOLUTE
    _printf_widthprec                        0x00000000   Number         0  stubs.o ABSOLUTE
    _printf_x                                0x00000000   Number         0  stubs.o ABSOLUTE
    __cpp_initialize__aeabi_                  - Undefined Weak Reference
    __cxa_finalize                            - Undefined Weak Reference
    __decompress                              - Undefined Weak Reference
    _clock_init                               - Undefined Weak Reference
    _microlib_exit                            - Undefined Weak Reference
    Reset_Handler                            0x0000026d   Thumb Code     0  startup_rvmdk.o(RESET)
    __main                                   0x00000289   Thumb Code     0  entry.o(.ARM.Collect$$$$00000000)
    _main_stk                                0x00000289   Thumb Code     0  entry2.o(.ARM.Collect$$$$00000001)
    _main_scatterload                        0x0000028d   Thumb Code     0  entry5.o(.ARM.Collect$$$$00000004)
    __main_after_scatterload                 0x00000291   Thumb Code     0  entry5.o(.ARM.Collect$$$$00000004)
    _main_clock                              0x00000291   Thumb Code     0  entry7b.o(.ARM.Collect$$$$00000008)
    _main_cpp_init                           0x00000291   Thumb Code     0  entry8b.o(.ARM.Collect$$$$0000000A)
    _main_init                               0x00000291   Thumb Code     0  entry9a.o(.ARM.Collect$$$$0000000B)
    __rt_final_cpp                           0x00000299   Thumb Code     0  entry10a.o(.ARM.Collect$$$$0000000D)
    __rt_final_exit                          0x00000299   Thumb Code     0  entry11a.o(.ARM.Collect$$$$0000000F)
    SysCtlDelay                              0x0000029d   Thumb Code     6  sysctl.o(.emb_text)
    __aeabi_dadd                             0x000002a3   Thumb Code   322  dadd.o(.text)
    __aeabi_dsub                             0x000003e5   Thumb Code     6  dadd.o(.text)
    __aeabi_drsub                            0x000003eb   Thumb Code     6  dadd.o(.text)
    __aeabi_dmul                             0x000003f1   Thumb Code   228  dmul.o(.text)
    __aeabi_ddiv                             0x000004d5   Thumb Code   222  ddiv.o(.text)
    __aeabi_i2d                              0x000005b3   Thumb Code    34  dflti.o(.text)
    __aeabi_ui2d                             0x000005d5   Thumb Code    26  dfltui.o(.text)
    __aeabi_d2uiz                            0x000005ef   Thumb Code    50  dfixui.o(.text)
    __aeabi_uidiv                            0x00000621   Thumb Code     0  uidiv.o(.text)
    __aeabi_uidivmod                         0x00000621   Thumb Code    44  uidiv.o(.text)
    __aeabi_uldivmod                         0x0000064d   Thumb Code    98  uldiv.o(.text)
    __aeabi_llsl                             0x000006af   Thumb Code    30  llshl.o(.text)
    _ll_shift_l                              0x000006af   Thumb Code     0  llshl.o(.text)
    __aeabi_llsr                             0x000006cd   Thumb Code    32  llushr.o(.text)
    _ll_ushift_r                             0x000006cd   Thumb Code     0  llushr.o(.text)
    __aeabi_lasr                             0x000006ed   Thumb Code    36  llsshr.o(.text)
    _ll_sshift_r                             0x000006ed   Thumb Code     0  llsshr.o(.text)
    __I$use$fp                               0x00000711   Thumb Code     0  iusefp.o(.text)
    _double_round                            0x00000711   Thumb Code    30  depilogue.o(.text)
    _double_epilogue                         0x0000072f   Thumb Code   156  depilogue.o(.text)
    __ARM_scalbn                             0x000007cb   Thumb Code    46  dscalb.o(.text)
    scalbn                                   0x000007cb   Thumb Code     0  dscalb.o(.text)
    _dsqrt                                   0x000007f9   Thumb Code   162  dsqrt.o(.text)
    __aeabi_d2ulz                            0x0000089b   Thumb Code    48  dfixul.o(.text)
    __aeabi_cdcmpeq                          0x000008cd   Thumb Code     0  cdcmple.o(.text)
    __aeabi_cdcmple                          0x000008cd   Thumb Code    48  cdcmple.o(.text)
    __aeabi_cdrcmple                         0x000008fd   Thumb Code    48  cdrcmple.o(.text)
    __scatterload                            0x0000092d   Thumb Code    28  init.o(.text)
    __scatterload_rt2                        0x0000092d   Thumb Code     0  init.o(.text)
    ADS1115_Getdata                          0x00000951   Thumb Code   132  ads1115.o(i.ADS1115_Getdata)
    ADS1115_I2C_Ack                          0x000009d9   Thumb Code    74  ads1115.o(i.ADS1115_I2C_Ack)
    ADS1115_I2C_Check                        0x00000a23   Thumb Code    82  ads1115.o(i.ADS1115_I2C_Check)
    ADS1115_I2C_Nack                         0x00000a75   Thumb Code    74  ads1115.o(i.ADS1115_I2C_Nack)
    ADS1115_I2C_Start                        0x00000abf   Thumb Code    68  ads1115.o(i.ADS1115_I2C_Start)
    ADS1115_I2C_Stop                         0x00000b03   Thumb Code    58  ads1115.o(i.ADS1115_I2C_Stop)
    ADS1115_IO_Init                          0x00000b3d   Thumb Code    36  ads1115.o(i.ADS1115_IO_Init)
    ADS1115_Init                             0x00000b65   Thumb Code    88  ads1115.o(i.ADS1115_Init)
    ADS1115_ReadWord                         0x00000bc1   Thumb Code    50  ads1115.o(i.ADS1115_ReadWord)
    ADS1115_Read_1_Byte                      0x00000bf9   Thumb Code   104  ads1115.o(i.ADS1115_Read_1_Byte)
    ADS1115_Read_N_Byte                      0x00000c61   Thumb Code    50  ads1115.o(i.ADS1115_Read_N_Byte)
    ADS1115_SDAPort_In                       0x00000c95   Thumb Code    36  ads1115.o(i.ADS1115_SDAPort_In)
    ADS1115_SDAPort_Out                      0x00000cbd   Thumb Code    36  ads1115.o(i.ADS1115_SDAPort_Out)
    ADS1115_WriteWord                        0x00000ce5   Thumb Code    20  ads1115.o(i.ADS1115_WriteWord)
    ADS1115_Write_1_Byte                     0x00000cfd   Thumb Code    96  ads1115.o(i.ADS1115_Write_1_Byte)
    ADS1115_Write_N_Byte                     0x00000d5d   Thumb Code    46  ads1115.o(i.ADS1115_Write_N_Byte)
    ConfigureUART                            0x00000d8d   Thumb Code   196  blinky.o(i.ConfigureUART)
    GPIODirModeSet                           0x00000e7d   Thumb Code    40  gpio.o(i.GPIODirModeSet)
    GPIOPadConfigSet                         0x00000ea5   Thumb Code   312  gpio.o(i.GPIOPadConfigSet)
    GPIOPinRead                              0x00000fdd   Thumb Code     6  gpio.o(i.GPIOPinRead)
    GPIOPinTypeGPIOInput                     0x00000fe3   Thumb Code    28  gpio.o(i.GPIOPinTypeGPIOInput)
    GPIOPinTypeGPIOOutput                    0x00000fff   Thumb Code    28  gpio.o(i.GPIOPinTypeGPIOOutput)
    GPIOPinWrite                             0x0000101b   Thumb Code     6  gpio.o(i.GPIOPinWrite)
    IO_Update                                0x00001021   Thumb Code    50  ad9959.o(i.IO_Update)
    Init_AD9959                              0x00001059   Thumb Code   164  ad9959.o(i.Init_AD9959)
    IntReset                                 0x00001111   Thumb Code    50  ad9959.o(i.IntReset)
    Intserve                                 0x00001149   Thumb Code   134  ad9959.o(i.Intserve)
    SysCtlClockGet                           0x000011dd   Thumb Code   304  sysctl.o(i.SysCtlClockGet)
    SysCtlClockSet                           0x00001331   Thumb Code   270  sysctl.o(i.SysCtlClockSet)
    SysCtlPeripheralEnable                   0x00001451   Thumb Code    36  sysctl.o(i.SysCtlPeripheralEnable)
    UARTCharGet                              0x00001479   Thumb Code    12  uart.o(i.UARTCharGet)
    UARTCharPut                              0x00001485   Thumb Code    12  uart.o(i.UARTCharPut)
    UARTCharsAvail                           0x00001491   Thumb Code    10  uart.o(i.UARTCharsAvail)
    UARTClockSourceSet                       0x0000149b   Thumb Code     6  uart.o(i.UARTClockSourceSet)
    UARTConfigSetExpClk                      0x000014a1   Thumb Code   110  uart.o(i.UARTConfigSetExpClk)
    UARTStdioConfig                          0x00001511   Thumb Code    82  uartstdio.o(i.UARTStdioConfig)
    WriteData_AD9959                         0x0000156d   Thumb Code   214  ad9959.o(i.WriteData_AD9959)
    Write_Quadrature                         0x0000164d   Thumb Code   136  ad9959.o(i.Write_Quadrature)
    __0printf                                0x000016e1   Thumb Code    22  printfa.o(i.__0printf)
    __1printf                                0x000016e1   Thumb Code     0  printfa.o(i.__0printf)
    __2printf                                0x000016e1   Thumb Code     0  printfa.o(i.__0printf)
    __c89printf                              0x000016e1   Thumb Code     0  printfa.o(i.__0printf)
    printf                                   0x000016e1   Thumb Code     0  printfa.o(i.__0printf)
    __ARM_fpclassify                         0x00001701   Thumb Code    48  fpclassify.o(i.__ARM_fpclassify)
    __hardfp_log                             0x00001731   Thumb Code   872  log.o(i.__hardfp_log)
    __hardfp_log10                           0x00001af9   Thumb Code   260  log10.o(i.__hardfp_log10)
    __hardfp_pow                             0x00001c29   Thumb Code  3072  pow.o(i.__hardfp_pow)
    __hardfp_sqrt                            0x00002879   Thumb Code   122  sqrt.o(i.__hardfp_sqrt)
    __kernel_poly                            0x000028f3   Thumb Code   248  poly.o(i.__kernel_poly)
    __mathlib_dbl_divzero                    0x000029f1   Thumb Code    28  dunder.o(i.__mathlib_dbl_divzero)
    __mathlib_dbl_infnan                     0x00002a21   Thumb Code    20  dunder.o(i.__mathlib_dbl_infnan)
    __mathlib_dbl_infnan2                    0x00002a35   Thumb Code    20  dunder.o(i.__mathlib_dbl_infnan2)
    __mathlib_dbl_invalid                    0x00002a49   Thumb Code    24  dunder.o(i.__mathlib_dbl_invalid)
    __mathlib_dbl_overflow                   0x00002a69   Thumb Code    24  dunder.o(i.__mathlib_dbl_overflow)
    __mathlib_dbl_underflow                  0x00002a89   Thumb Code    24  dunder.o(i.__mathlib_dbl_underflow)
    __scatterload_copy                       0x00002aa9   Thumb Code    14  handlers.o(i.__scatterload_copy)
    __scatterload_null                       0x00002ab7   Thumb Code     2  handlers.o(i.__scatterload_null)
    __scatterload_zeroinit                   0x00002ab9   Thumb Code    14  handlers.o(i.__scatterload_zeroinit)
    __set_errno                              0x00002ac9   Thumb Code     6  errno.o(i.__set_errno)
    delay1                                   0x00003387   Thumb Code    12  ad9959.o(i.delay1)
    delay_us                                 0x00003393   Thumb Code    10  ads1115.o(i.delay_us)
    fabs                                     0x0000339d   Thumb Code    24  fabs.o(i.fabs)
    fputc                                    0x000033b5   Thumb Code    16  blinky.o(i.fputc)
    log                                      0x000033c9   Thumb Code    16  log.o(i.log)
    main                                     0x000033d9   Thumb Code   614  blinky.o(i.main)
    sqrt                                     0x000036c9   Thumb Code   110  sqrt.o(i.sqrt)
    __mathlib_zero                           0x00003a68   Data           8  qnan.o(.constdata)
    Region$$Table$$Base                      0x00003a84   Number         0  anon$$obj.o(Region$$Table)
    Region$$Table$$Limit                     0x00003aa4   Number         0  anon$$obj.o(Region$$Table)
    Array_Count                              0x20000000   Data           1  blinky.o(.data)
    CSR_DATA0                                0x2000000c   Data           1  ad9959.o(.data)
    CSR_DATA1                                0x2000000d   Data           1  ad9959.o(.data)
    CSR_DATA2                                0x2000000e   Data           1  ad9959.o(.data)
    CSR_DATA3                                0x2000000f   Data           1  ad9959.o(.data)
    CSR_DATA                                 0x20000010   Data           1  ad9959.o(.data)
    CPOW0_DATA                               0x20000011   Data           2  ad9959.o(.data)
    FR1_DATA                                 0x20000013   Data           3  ad9959.o(.data)
    Channel_Value                            0x20000018   Data           1  ads1115.o(.data)
    D_ADS                                    0x2000001a   Data           2  ads1115.o(.data)
    Result                                   0x2000001c   Data           2  ads1115.o(.data)
    Readbuff                                 0x2000001e   Data           3  ads1115.o(.data)
    Config                                   0x20000024   Data           4  ads1115.o(.data)
    Writebuff                                0x20000028   Data           4  ads1115.o(.data)
    __stdout                                 0x2000002c   Data           4  stdout.o(.data)
    UART_Buffer                              0x20000034   Data          20  blinky.o(.bss)
    __initial_sp                             0x20000248   Data           0  startup_rvmdk.o(STACK)



==============================================================================

Memory Map of the image

  Image Entry point : 0x0000026d

  Load Region LR_IROM (Base: 0x00000000, Size: 0x00003ad8, Max: 0x00040000, ABSOLUTE)

    Execution Region ER_IROM (Exec base: 0x00000000, Load base: 0x00000000, Size: 0x00003aa4, Max: 0x00040000, ABSOLUTE)

    Exec Addr    Load Addr    Size         Type   Attr      Idx    E Section Name        Object

    0x00000000   0x00000000   0x00000288   Code   RO          105  * RESET               startup_rvmdk.o
    0x00000288   0x00000288   0x00000000   Code   RO         1532  * .ARM.Collect$$$$00000000  mc_w.l(entry.o)
    0x00000288   0x00000288   0x00000004   Code   RO         1849    .ARM.Collect$$$$00000001  mc_w.l(entry2.o)
    0x0000028c   0x0000028c   0x00000004   Code   RO         1852    .ARM.Collect$$$$00000004  mc_w.l(entry5.o)
    0x00000290   0x00000290   0x00000000   Code   RO         1854    .ARM.Collect$$$$00000008  mc_w.l(entry7b.o)
    0x00000290   0x00000290   0x00000000   Code   RO         1856    .ARM.Collect$$$$0000000A  mc_w.l(entry8b.o)
    0x00000290   0x00000290   0x00000008   Code   RO         1857    .ARM.Collect$$$$0000000B  mc_w.l(entry9a.o)
    0x00000298   0x00000298   0x00000000   Code   RO         1859    .ARM.Collect$$$$0000000D  mc_w.l(entry10a.o)
    0x00000298   0x00000298   0x00000000   Code   RO         1861    .ARM.Collect$$$$0000000F  mc_w.l(entry11a.o)
    0x00000298   0x00000298   0x00000004   Code   RO         1850    .ARM.Collect$$$$00002712  mc_w.l(entry2.o)
    0x0000029c   0x0000029c   0x00000006   Code   RO          725    .emb_text           driverlib.lib(sysctl.o)
    0x000002a2   0x000002a2   0x0000014e   Code   RO         1796    .text               mf_w.l(dadd.o)
    0x000003f0   0x000003f0   0x000000e4   Code   RO         1798    .text               mf_w.l(dmul.o)
    0x000004d4   0x000004d4   0x000000de   Code   RO         1800    .text               mf_w.l(ddiv.o)
    0x000005b2   0x000005b2   0x00000022   Code   RO         1804    .text               mf_w.l(dflti.o)
    0x000005d4   0x000005d4   0x0000001a   Code   RO         1806    .text               mf_w.l(dfltui.o)
    0x000005ee   0x000005ee   0x00000032   Code   RO         1808    .text               mf_w.l(dfixui.o)
    0x00000620   0x00000620   0x0000002c   Code   RO         1864    .text               mc_w.l(uidiv.o)
    0x0000064c   0x0000064c   0x00000062   Code   RO         1866    .text               mc_w.l(uldiv.o)
    0x000006ae   0x000006ae   0x0000001e   Code   RO         1868    .text               mc_w.l(llshl.o)
    0x000006cc   0x000006cc   0x00000020   Code   RO         1870    .text               mc_w.l(llushr.o)
    0x000006ec   0x000006ec   0x00000024   Code   RO         1872    .text               mc_w.l(llsshr.o)
    0x00000710   0x00000710   0x00000000   Code   RO         1881    .text               mc_w.l(iusefp.o)
    0x00000710   0x00000710   0x000000ba   Code   RO         1882    .text               mf_w.l(depilogue.o)
    0x000007ca   0x000007ca   0x0000002e   Code   RO         1884    .text               mf_w.l(dscalb.o)
    0x000007f8   0x000007f8   0x000000a2   Code   RO         1886    .text               mf_w.l(dsqrt.o)
    0x0000089a   0x0000089a   0x00000030   Code   RO         1888    .text               mf_w.l(dfixul.o)
    0x000008ca   0x000008ca   0x00000002   PAD
    0x000008cc   0x000008cc   0x00000030   Code   RO         1890    .text               mf_w.l(cdcmple.o)
    0x000008fc   0x000008fc   0x00000030   Code   RO         1892    .text               mf_w.l(cdrcmple.o)
    0x0000092c   0x0000092c   0x00000024   Code   RO         1894    .text               mc_w.l(init.o)
    0x00000950   0x00000950   0x00000088   Code   RO          298    i.ADS1115_Getdata   ads1115.o
    0x000009d8   0x000009d8   0x0000004a   Code   RO          299    i.ADS1115_I2C_Ack   ads1115.o
    0x00000a22   0x00000a22   0x00000052   Code   RO          300    i.ADS1115_I2C_Check  ads1115.o
    0x00000a74   0x00000a74   0x0000004a   Code   RO          301    i.ADS1115_I2C_Nack  ads1115.o
    0x00000abe   0x00000abe   0x00000044   Code   RO          302    i.ADS1115_I2C_Start  ads1115.o
    0x00000b02   0x00000b02   0x0000003a   Code   RO          303    i.ADS1115_I2C_Stop  ads1115.o
    0x00000b3c   0x00000b3c   0x00000028   Code   RO          304    i.ADS1115_IO_Init   ads1115.o
    0x00000b64   0x00000b64   0x0000005c   Code   RO          305    i.ADS1115_Init      ads1115.o
    0x00000bc0   0x00000bc0   0x00000038   Code   RO          306    i.ADS1115_ReadWord  ads1115.o
    0x00000bf8   0x00000bf8   0x00000068   Code   RO          307    i.ADS1115_Read_1_Byte  ads1115.o
    0x00000c60   0x00000c60   0x00000032   Code   RO          308    i.ADS1115_Read_N_Byte  ads1115.o
    0x00000c92   0x00000c92   0x00000002   PAD
    0x00000c94   0x00000c94   0x00000028   Code   RO          309    i.ADS1115_SDAPort_In  ads1115.o
    0x00000cbc   0x00000cbc   0x00000028   Code   RO          310    i.ADS1115_SDAPort_Out  ads1115.o
    0x00000ce4   0x00000ce4   0x00000018   Code   RO          311    i.ADS1115_WriteWord  ads1115.o
    0x00000cfc   0x00000cfc   0x00000060   Code   RO          312    i.ADS1115_Write_1_Byte  ads1115.o
    0x00000d5c   0x00000d5c   0x0000002e   Code   RO          313    i.ADS1115_Write_N_Byte  ads1115.o
    0x00000d8a   0x00000d8a   0x00000002   PAD
    0x00000d8c   0x00000d8c   0x000000f0   Code   RO            1    i.ConfigureUART     blinky.o
    0x00000e7c   0x00000e7c   0x00000028   Code   RO          416    i.GPIODirModeSet    driverlib.lib(gpio.o)
    0x00000ea4   0x00000ea4   0x00000138   Code   RO          426    i.GPIOPadConfigSet  driverlib.lib(gpio.o)
    0x00000fdc   0x00000fdc   0x00000006   Code   RO          428    i.GPIOPinRead       driverlib.lib(gpio.o)
    0x00000fe2   0x00000fe2   0x0000001c   Code   RO          437    i.GPIOPinTypeGPIOInput  driverlib.lib(gpio.o)
    0x00000ffe   0x00000ffe   0x0000001c   Code   RO          438    i.GPIOPinTypeGPIOOutput  driverlib.lib(gpio.o)
    0x0000101a   0x0000101a   0x00000006   Code   RO          456    i.GPIOPinWrite      driverlib.lib(gpio.o)
    0x00001020   0x00001020   0x00000038   Code   RO          221    i.IO_Update         ad9959.o
    0x00001058   0x00001058   0x000000b8   Code   RO          222    i.Init_AD9959       ad9959.o
    0x00001110   0x00001110   0x00000038   Code   RO          223    i.IntReset          ad9959.o
    0x00001148   0x00001148   0x00000094   Code   RO          224    i.Intserve          ad9959.o
    0x000011dc   0x000011dc   0x00000154   Code   RO          728    i.SysCtlClockGet    driverlib.lib(sysctl.o)
    0x00001330   0x00001330   0x00000120   Code   RO          730    i.SysCtlClockSet    driverlib.lib(sysctl.o)
    0x00001450   0x00001450   0x00000028   Code   RO          759    i.SysCtlPeripheralEnable  driverlib.lib(sysctl.o)
    0x00001478   0x00001478   0x0000000c   Code   RO         1085    i.UARTCharGet       driverlib.lib(uart.o)
    0x00001484   0x00001484   0x0000000c   Code   RO         1087    i.UARTCharPut       driverlib.lib(uart.o)
    0x00001490   0x00001490   0x0000000a   Code   RO         1089    i.UARTCharsAvail    driverlib.lib(uart.o)
    0x0000149a   0x0000149a   0x00000006   Code   RO         1091    i.UARTClockSourceSet  driverlib.lib(uart.o)
    0x000014a0   0x000014a0   0x0000006e   Code   RO         1093    i.UARTConfigSetExpClk  driverlib.lib(uart.o)
    0x0000150e   0x0000150e   0x00000002   PAD
    0x00001510   0x00001510   0x0000005c   Code   RO          110    i.UARTStdioConfig   uartstdio.o
    0x0000156c   0x0000156c   0x000000e0   Code   RO          225    i.WriteData_AD9959  ad9959.o
    0x0000164c   0x0000164c   0x00000094   Code   RO          228    i.Write_Quadrature  ad9959.o
    0x000016e0   0x000016e0   0x00000020   Code   RO         1768    i.__0printf         mc_w.l(printfa.o)
    0x00001700   0x00001700   0x00000030   Code   RO         1830    i.__ARM_fpclassify  m_wm.l(fpclassify.o)
    0x00001730   0x00001730   0x000003c4   Code   RO         1832    i.__hardfp_log      m_wm.l(log.o)
    0x00001af4   0x00001af4   0x00000004   PAD
    0x00001af8   0x00001af8   0x00000130   Code   RO         1494    i.__hardfp_log10    m_wm.l(log10.o)
    0x00001c28   0x00001c28   0x00000c50   Code   RO         1506    i.__hardfp_pow      m_wm.l(pow.o)
    0x00002878   0x00002878   0x0000007a   Code   RO         1520    i.__hardfp_sqrt     m_wm.l(sqrt.o)
    0x000028f2   0x000028f2   0x000000f8   Code   RO         1846    i.__kernel_poly     m_wm.l(poly.o)
    0x000029ea   0x000029ea   0x00000006   PAD
    0x000029f0   0x000029f0   0x00000030   Code   RO         1810    i.__mathlib_dbl_divzero  m_wm.l(dunder.o)
    0x00002a20   0x00002a20   0x00000014   Code   RO         1811    i.__mathlib_dbl_infnan  m_wm.l(dunder.o)
    0x00002a34   0x00002a34   0x00000014   Code   RO         1812    i.__mathlib_dbl_infnan2  m_wm.l(dunder.o)
    0x00002a48   0x00002a48   0x00000020   Code   RO         1813    i.__mathlib_dbl_invalid  m_wm.l(dunder.o)
    0x00002a68   0x00002a68   0x00000020   Code   RO         1814    i.__mathlib_dbl_overflow  m_wm.l(dunder.o)
    0x00002a88   0x00002a88   0x00000020   Code   RO         1816    i.__mathlib_dbl_underflow  m_wm.l(dunder.o)
    0x00002aa8   0x00002aa8   0x0000000e   Code   RO         1898    i.__scatterload_copy  mc_w.l(handlers.o)
    0x00002ab6   0x00002ab6   0x00000002   Code   RO         1899    i.__scatterload_null  mc_w.l(handlers.o)
    0x00002ab8   0x00002ab8   0x0000000e   Code   RO         1900    i.__scatterload_zeroinit  mc_w.l(handlers.o)
    0x00002ac6   0x00002ac6   0x00000002   PAD
    0x00002ac8   0x00002ac8   0x0000000c   Code   RO         1876    i.__set_errno       mc_w.l(errno.o)
    0x00002ad4   0x00002ad4   0x00000184   Code   RO         1775    i._fp_digits        mc_w.l(printfa.o)
    0x00002c58   0x00002c58   0x000006dc   Code   RO         1776    i._printf_core      mc_w.l(printfa.o)
    0x00003334   0x00003334   0x00000024   Code   RO         1777    i._printf_post_padding  mc_w.l(printfa.o)
    0x00003358   0x00003358   0x0000002e   Code   RO         1778    i._printf_pre_padding  mc_w.l(printfa.o)
    0x00003386   0x00003386   0x0000000c   Code   RO          230    i.delay1            ad9959.o
    0x00003392   0x00003392   0x0000000a   Code   RO          314    i.delay_us          ads1115.o
    0x0000339c   0x0000339c   0x00000018   Code   RO         1826    i.fabs              m_wm.l(fabs.o)
    0x000033b4   0x000033b4   0x00000014   Code   RO            2    i.fputc             blinky.o
    0x000033c8   0x000033c8   0x00000010   Code   RO         1834    i.log               m_wm.l(log.o)
    0x000033d8   0x000033d8   0x000002f0   Code   RO            3    i.main              blinky.o
    0x000036c8   0x000036c8   0x0000006e   Code   RO         1522    i.sqrt              m_wm.l(sqrt.o)
    0x00003736   0x00003736   0x00000002   PAD
    0x00003738   0x00003738   0x0000001c   Data   RO          116    .constdata          uartstdio.o
    0x00003754   0x00003754   0x00000254   Data   RO          781    .constdata          driverlib.lib(sysctl.o)
    0x000039a8   0x000039a8   0x00000088   Data   RO         1509    .constdata          m_wm.l(pow.o)
    0x00003a30   0x00003a30   0x00000038   Data   RO         1835    .constdata          m_wm.l(log.o)
    0x00003a68   0x00003a68   0x00000008   Data   RO         1848    .constdata          m_wm.l(qnan.o)
    0x00003a70   0x00003a70   0x00000011   Data   RO          117    .conststring        uartstdio.o
    0x00003a81   0x00003a81   0x00000003   PAD
    0x00003a84   0x00003a84   0x00000020   Data   RO         1896    Region$$Table       anon$$obj.o


    Execution Region RW_IRAM (Exec base: 0x20000000, Load base: 0x00003aa4, Size: 0x00000248, Max: 0x00008000, ABSOLUTE)

    Exec Addr    Load Addr    Size         Type   Attr      Idx    E Section Name        Object

    0x20000000   0x00003aa4   0x00000001   Data   RW            6    .data               blinky.o
    0x20000001   0x00003aa5   0x00000003   PAD
    0x20000004   0x00003aa8   0x00000008   Data   RW          118    .data               uartstdio.o
    0x2000000c   0x00003ab0   0x0000000a   Data   RW          231    .data               ad9959.o
    0x20000016   0x00003aba   0x00000002   PAD
    0x20000018   0x00003abc   0x00000014   Data   RW          317    .data               ads1115.o
    0x2000002c   0x00003ad0   0x00000004   Data   RW         1863    .data               mc_w.l(stdout.o)
    0x20000030   0x00003ad4   0x00000004   Data   RW         1877    .data               mc_w.l(errno.o)
    0x20000034        -       0x00000014   Zero   RW            4    .bss                blinky.o
    0x20000048        -       0x00000200   Zero   RW          103    STACK               startup_rvmdk.o


==============================================================================

Image component sizes


      Code (inc. data)   RO Data    RW Data    ZI Data      Debug   Object Name

       828         68          0         10          0       5776   ad9959.o
      1090         30          0         20          0      11282   ads1115.o
      1012        186          0          1         20       9583   blinky.o
       648        622          0          0        512        284   startup_rvmdk.o
        92         10         45          8          0       2457   uartstdio.o

    ----------------------------------------------------------------------
      3674        916         80         44        532      29382   Object Totals
         0          0         32          0          0          0   (incl. Generated)
         4          0          3          5          0          0   (incl. Padding)

    ----------------------------------------------------------------------

      Code (inc. data)   RO Data    RW Data    ZI Data      Debug   Library Member Name

       420          0          0          0          0       7356   gpio.o
       674         58        596          0          0       4395   sysctl.o
       150          0          0          0          0       3565   uart.o
       184         44          0          0          0        744   dunder.o
        24          0          0          0          0        124   fabs.o
        48          0          0          0          0        124   fpclassify.o
       980         92         56          0          0        440   log.o
       304         44          0          0          0        200   log10.o
       248          0          0          0          0        152   poly.o
      3152        296        136          0          0        352   pow.o
         0          0          8          0          0          0   qnan.o
       232          0          0          0          0        296   sqrt.o
         0          0          0          0          0          0   entry.o
         0          0          0          0          0          0   entry10a.o
         0          0          0          0          0          0   entry11a.o
         8          4          0          0          0          0   entry2.o
         4          0          0          0          0          0   entry5.o
         0          0          0          0          0          0   entry7b.o
         0          0          0          0          0          0   entry8b.o
         8          4          0          0          0          0   entry9a.o
        12          6          0          4          0         68   errno.o
        30          0          0          0          0          0   handlers.o
        36          8          0          0          0         68   init.o
         0          0          0          0          0          0   iusefp.o
        30          0          0          0          0         68   llshl.o
        36          0          0          0          0         68   llsshr.o
        32          0          0          0          0         68   llushr.o
      2258         90          0          0          0        452   printfa.o
         0          0          0          4          0          0   stdout.o
        44          0          0          0          0         80   uidiv.o
        98          0          0          0          0         92   uldiv.o
        48          0          0          0          0         68   cdcmple.o
        48          0          0          0          0         68   cdrcmple.o
       334          0          0          0          0        148   dadd.o
       222          0          0          0          0        100   ddiv.o
       186          0          0          0          0        176   depilogue.o
        50          0          0          0          0         76   dfixui.o
        48          0          0          0          0         68   dfixul.o
        34          0          0          0          0         76   dflti.o
        26          0          0          0          0         76   dfltui.o
       228          0          0          0          0         96   dmul.o
        46          0          0          0          0         80   dscalb.o
       162          0          0          0          0        100   dsqrt.o

    ----------------------------------------------------------------------
     10462        650        796          8          0      19844   Library Totals
        18          4          0          0          0          0   (incl. Padding)

    ----------------------------------------------------------------------

      Code (inc. data)   RO Data    RW Data    ZI Data      Debug   Library Name

      1244         58        596          0          0      15316   driverlib.lib
      5172        476        200          0          0       2432   m_wm.l
      2596        112          0          8          0        964   mc_w.l
      1432          0          0          0          0       1132   mf_w.l

    ----------------------------------------------------------------------
     10462        650        796          8          0      19844   Library Totals

    ----------------------------------------------------------------------

==============================================================================


      Code (inc. data)   RO Data    RW Data    ZI Data      Debug   

     14136       1566        876         52        532      43138   Grand Totals
     14136       1566        876         52        532      43138   ELF Image Totals
     14136       1566        876         52          0          0   ROM Totals

==============================================================================

    Total RO  Size (Code + RO Data)                15012 (  14.66kB)
    Total RW  Size (RW Data + ZI Data)               584 (   0.57kB)
    Total ROM Size (Code + RO Data + RW Data)      15064 (  14.71kB)

==============================================================================

