<html>
<body>
<pre>
<h1>礦ision Build Log</h1>
<h2>Tool Versions:</h2>
IDE-Version: μVision V5.24.2.0
Copyright (C) 2017 ARM Ltd and ARM Germany GmbH. All rights reserved.
License Information: xx lei, jusqa, LIC=DSNLQ-NTK3A-KS3YM-XZXTJ-TG59U-5S747
 
Tool Versions:
Toolchain:       MDK-ARM Professional  Version: 5.24.1
Toolchain Path:  C:\Keil_v5\ARM\ARMCC\Bin
C Compiler:      Armcc.exe V5.06 update 5 (build 528)
Assembler:       Armasm.exe V5.06 update 5 (build 528)
Linker/Locator:  ArmLink.exe V5.06 update 5 (build 528)
Library Manager: ArmAr.exe V5.06 update 5 (build 528)
Hex Converter:   FromElf.exe V5.06 update 5 (build 528)
CPU DLL:         SARMCM3.DLL V5.24.1
Dialog DLL:      DCM.DLL V1.16.0.0
Target DLL:      lmidk-agdi.dll V???
Dialog DLL:      TCM.DLL V1.32.0.0
 
<h2>Project:</h2>
F:\Data\2018校赛及培训\第四次积分赛\代码\blinky\blinky\blinky.uvproj
Project File Date:  05/14/2018

<h2>Output:</h2>
*** Using Compiler 'V5.06 update 5 (build 528)', folder: 'C:\Keil_v5\ARM\ARMCC\Bin'
Rebuild target 'blinky'
assembling startup_rvmdk.S...
compiling uartstdio.c...
compiling blinky.c...
blinky.c(114): warning:  #550-D: variable "SamFlag"  was set but never used
      uint8_t SamFlag=0;
blinky.c: 1 warning, 0 errors
compiling buttons.c...
compiling ad9959.c...
compiling ads1115.c...
linking...
Program Size: Code=14136 RO-data=876 RW-data=52 ZI-data=532  
After Build - User command #1: fromelf --bin --output .\rvmdk\blinky.bin .\rvmdk\blinky.axf
".\rvmdk\blinky.axf" - 0 Error(s), 1 Warning(s).
Build Time Elapsed:  00:00:02
</pre>
</body>
</html>
