<html>
<body>
<pre>
<h1>礦ision Build Log</h1>
<h2>Tool Versions:</h2>
IDE-Version: μVision V5.14.0.0
Copyright (C) 2015 ARM Ltd and ARM Germany GmbH. All rights reserved.
License Information: XX XX, XX, LIC=9N0BS-LZF3C-BX7UY-IAEGN-FT85G-J837W
 
Tool Versions:
Toolchain:       MDK-ARM Professional  Version: 5.14.0.0
Toolchain Path:  C:\Keil_v5\ARM\ARMCC\Bin
C Compiler:      Armcc.exe V5.05 update 1 (build 106)
Assembler:       Armasm.exe V5.05 update 1 (build 106)
Linker/Locator:  ArmLink.exe V5.05 update 1 (build 106)
Library Manager: ArmAr.exe V5.05 update 1 (build 106)
Hex Converter:   FromElf.exe V5.05 update 1 (build 106)
CPU DLL:         SARMCM3.DLL V5.14.0.0
Dialog DLL:      DCM.DLL V1.13.1.0
Target DLL:      lmidk-agdi.dll V???
Dialog DLL:      TCM.DLL V1.14.4.0
 
<h2>Project:</h2>
E:\Data\2018校赛及培训\2018省赛\训练工程\AD8369\代码工程\templet\templet.uvprojx
Project File Date:  07/08/2018

<h2>Output:</h2>
Rebuild target 'Project'
compiling blinky.c...
Warning: C3910W: Old syntax, please use '--c99'.
assembling startup_rvmdk.S...
compiling buttons.c...
Warning: C3910W: Old syntax, please use '--c99'.
compiling uartstdio.c...
Warning: C3910W: Old syntax, please use '--c99'.
compiling usart.c...
Warning: C3910W: Old syntax, please use '--c99'.
compiling ad8369.c...
Warning: C3910W: Old syntax, please use '--c99'.
linking...
Program Size: Code=3984 RO-data=1228 RW-data=12 ZI-data=516  
FromELF: creating hex file...
".\Objects\templet.axf" - 0 Error(s), 0 Warning(s).

<h2>Collection of Component include folders:</h2>
  E:\Data\2018校赛及培训\2018省赛\训练工程\AD8369\代码工程\templet\RTE
  C:\Keil_v5\ARM\PACK\Keil\TM4C_DFP\1.1.0

<h2>Collection of Component Files used:</h2>
</pre>
</body>
</html>
