<html>
<body>
<pre>
<h1>礦ision Build Log</h1>
<h2>Tool Versions:</h2>
IDE-Version: μVision V5.14.0.0
Copyright (C) 2015 ARM Ltd and ARM Germany GmbH. All rights reserved.
License Information: XX XX, XX, LIC=9N0BS-LZF3C-BX7UY-IAEGN-FT85G-J837W
 
Tool Versions:
Toolchain:       MDK-ARM Professional  Version: 5.14.0.0
Toolchain Path:  C:\Keil_v5\ARM\ARMCC\Bin
C Compiler:      Armcc.exe V5.05 update 1 (build 106)
Assembler:       Armasm.exe V5.05 update 1 (build 106)
Linker/Locator:  ArmLink.exe V5.05 update 1 (build 106)
Library Manager: ArmAr.exe V5.05 update 1 (build 106)
Hex Converter:   FromElf.exe V5.05 update 1 (build 106)
CPU DLL:         SARMCM3.DLL V5.14.0.0
Dialog DLL:      DCM.DLL V1.13.1.0
Target DLL:      lmidk-agdi.dll V???
Dialog DLL:      TCM.DLL V1.14.4.0
 
<h2>Project:</h2>
C:\Users\xxlei\Desktop\包含所有驱动总工程20180729\Templet_Fretros\templet.uvprojx
Project File Date:  07/21/2018

<h2>Output:</h2>
Rebuild target 'Target 1'
assembling startup_rvmdk.S...
compiling blinky.c...
compiling uartstdio.c...
compiling buttons.c...
compiling croutine.c...
compiling event_groups.c...
compiling list.c...
compiling queue.c...
compiling tasks.c...
compiling timers.c...
compiling heap_4.c...
compiling port.c...
compiling led_task.c...
compiling uartprint.c...
compiling tim.c...
compiling key.c...
compiling ads1256.c...
compiling delay.c...
compiling ad9959.c...
compiling ads1115.c...
compiling dac5618.c...
compiling dac8811.c...
compiling ads11152.c...
compiling dac56182.c...
compiling dac8501.c...
compiling fpga.c...
compiling fpgadrawline.c...
compiling uartreceive.c...
compiling sort.c...
linking...
Program Size: Code=14296 RO-data=1496 RW-data=192 ZI-data=43104  
FromELF: creating hex file...
".\Objects\templet.axf" - 0 Error(s), 0 Warning(s).

<h2>Collection of Component include folders:</h2>
  C:\Users\xxlei\Desktop\包含所有驱动总工程20180729\Templet_Fretros\RTE
  C:\Keil_v5\ARM\PACK\Keil\TM4C_DFP\1.1.0

<h2>Collection of Component Files used:</h2>
</pre>
</body>
</html>
